Installing...
Running as single site... To run multisite, use -c tests/phpunit/multisite.xml
Not running ajax tests. To execute these, use --group ajax.
Not running ms-files tests. To execute these, use --group ms-files.
Not running external-http tests. To execute these, use --group external-http.
PHPUnit 9.6.35 by Sebastian Bergmann and contributors.

...............................................................  63 / 359 ( 17%)
.....................F....E.................................... 126 / 359 ( 35%)
....................................E..EE....FF.............FF. 189 / 359 ( 52%)
F............................FE...F.......FE........WordPress database error Duplicate entry '100' for key 'wptests_cinebot_titoli.idtitolo' for query INSERT INTO `wptests_cinebot_titoli` (`idtitolo`, `frontend_id`, `titolo`, `autore`, `esecutore`, `durata`, `scadenza`, `descrizione`, `tipoevento_codice`, `locandina_flag`, `locandina_url`, `cinetel`, `tmdb`, `trailer`, `cast`, `tag`, `prezzo_da`, `prezzo_a`, `source`, `sync_hash`, `sync_active`, `last_seen_sync`, `updated_at`, `created_at`) VALUES (100, 1, 'Duplicate title', NULL, NULL, NULL, NULL, 'Description', '01', NULL, NULL, NULL, NULL, NULL, NULL, '[]', NULL, NULL, 'api', 'hash', 1, 'token', '2026-08-21 18:25:18', '2026-08-21 18:25:18') made by include('phpvfscomposer:///plugin/vendor/phpunit/phpunit/phpunit'), PHPUnit\TextUI\Command::main, PHPUnit\TextUI\Command->run, PHPUnit\TextUI\TestRunner->run, PHPUnit\Framework\TestSuite->run, PHPUnit\Framework\TestSuite->run, PHPUnit\Framework\TestSuite->run, PHPUnit\Framework\TestCase->run, PHPUnit\Framework\TestResult->run, PHPUnit\Framework\TestCase->runBare, PHPUnit\Framework\TestCase->runTest, CinebotWp\Tests\Integration\ScheduleRepositoryTest->test_remote_identity_scope_and_safe_write_failures, CinebotWp\Repositories\TitoloRepository->save
WordPress database error Duplicate entry '200' for key 'wptests_cinebot_eventi.idevento' for query INSERT INTO `wptests_cinebot_eventi` (`idevento`, `url_acquisto`, `titolo_id`, `inizio`, `organizzatore_id`, `organizzatore_cf`, `locale_id`, `stato`, `otp`, `controlloaccessi`, `mappa`, `source`, `sync_active`, `last_seen_sync`, `updated_at`, `created_at`) VALUES (200, NULL, 1153, '2026-08-26 18:25:18', NULL, NULL, 718, 3, NULL, NULL, NULL, 'api', 1, 'token', '2026-08-21 18:25:18', '2026-08-21 18:25:18') made by include('phpvfscomposer:///plugin/vendor/phpunit/phpunit/phpunit'), PHPUnit\TextUI\Command::main, PHPUnit\TextUI\Command->run, PHPUnit\TextUI\TestRunner->run, PHPUnit\Framework\TestSuite->run, PHPUnit\Framework\TestSuite->run, PHPUnit\Framework\TestSuite->run, PHPUnit\Framework\TestCase->run, PHPUnit\Framework\TestResult->run, PHPUnit\Framework\TestCase->runBare, PHPUnit\Framework\TestCase->runTest, CinebotWp\Tests\Integration\ScheduleRepositoryTest->test_remote_identity_scope_and_safe_write_failures, CinebotWp\Repositories\EventoRepository->save
R<div id="error"><p class="wpdberror"><strong>WordPress database error:</strong> [Duplicate entry &#039;100&#039; for key &#039;wptests_cinebot_titoli.idtitolo&#039;]<br /><code>INSERT INTO `wptests_cinebot_titoli` (`idtitolo`, `frontend_id`, `titolo`, `autore`, `esecutore`, `durata`, `scadenza`, `descrizione`, `tipoevento_codice`, `locandina_flag`, `locandina_url`, `cinetel`, `tmdb`, `trailer`, `cast`, `tag`, `prezzo_da`, `prezzo_a`, `source`, `sync_hash`, `sync_active`, `last_seen_sync`, `updated_at`, `created_at`) VALUES (100, 1, &#039;Duplicate title&#039;, NULL, NULL, NULL, NULL, &#039;Description&#039;, &#039;01&#039;, NULL, NULL, NULL, NULL, NULL, NULL, &#039;[]&#039;, NULL, NULL, &#039;api&#039;, &#039;hash&#039;, 1, &#039;token&#039;, &#039;2026-08-21 18:25:18&#039;, &#039;2026-08-21 18:25:18&#039;)</code></p></div><div id="error"><p class="wpdberror"><strong>WordPress database error:</strong> [Duplicate entry &#039;200&#039; for key &#039;wptests_cinebot_eventi.idevento&#039;]<br /><code>INSERT INTO `wptests_cinebot_eventi` (`idevento`, `url_acquisto`, `titolo_id`, `inizio`, `organizzatore_id`, `organizzatore_cf`, `locale_id`, `stato`, `otp`, `controlloaccessi`, `mappa`, `source`, `sync_active`, `last_seen_sync`, `updated_at`, `created_at`) VALUES (200, NULL, 1153, &#039;2026-08-26 18:25:18&#039;, NULL, NULL, 718, 3, NULL, NULL, NULL, &#039;api&#039;, 1, &#039;token&#039;, &#039;2026-08-21 18:25:18&#039;, &#039;2026-08-21 18:25:18&#039;)</code></p></div>.F...F.F.. 252 / 359 ( 70%)
..F.........F..........F.FFF.F.F.F..FFFF.FFFWordPress database error Table 'wordpress_test.wptests_cinebot_prezzi' doesn't exist for query DELETE FROM wptests_cinebot_prezzi made by include('phpvfscomposer:///plugin/vendor/phpunit/phpunit/phpunit'), PHPUnit\TextUI\Command::main, PHPUnit\TextUI\Command->run, PHPUnit\TextUI\TestRunner->run, PHPUnit\Framework\TestSuite->run, PHPUnit\Framework\TestSuite->run, PHPUnit\Framework\TestSuite->run, PHPUnit\Framework\TestCase->run, PHPUnit\Framework\TestResult->run, PHPUnit\Framework\TestCase->runBare, Yoast\PHPUnitPolyfills\TestCases\TestCase->setUp, CinebotWp\Tests\Integration\SyncServiceTest->set_up
WordPress database error Table 'wordpress_test.wptests_cinebot_settori' doesn't exist for query DELETE FROM wptests_cinebot_settori made by include('phpvfscomposer:///plugin/vendor/phpunit/phpunit/phpunit'), PHPUnit\TextUI\Command::main, PHPUnit\TextUI\Command->run, PHPUnit\TextUI\TestRunner->run, PHPUnit\Framework\TestSuite->run, PHPUnit\Framework\TestSuite->run, PHPUnit\Framework\TestSuite->run, PHPUnit\Framework\TestCase->run, PHPUnit\Framework\TestResult->run, PHPUnit\Framework\TestCase->runBare, Yoast\PHPUnitPolyfills\TestCases\TestCase->setUp, CinebotWp\Tests\Integration\SyncServiceTest->set_up
E<div id="error"><p class="wpdberror"><strong>WordPress database error:</strong> [Table &#039;wordpress_test.wptests_cinebot_prezzi&#039; doesn&#039;t exist]<br /><code>DELETE FROM wptests_cinebot_prezzi</code></p></div><div id="error"><p class="wpdberror"><strong>WordPress database error:</strong> [Table &#039;wordpress_test.wptests_cinebot_settori&#039; doesn&#039;t exist]<br /><code>DELETE FROM wptests_cinebot_settori</code></p></div>WordPress database error Table 'wordpress_test.wptests_cinebot_prezzi' doesn't exist for query DELETE FROM wptests_cinebot_prezzi made by include('phpvfscomposer:///plugin/vendor/phpunit/phpunit/phpunit'), PHPUnit\TextUI\Command::main, PHPUnit\TextUI\Command->run, PHPUnit\TextUI\TestRunner->run, PHPUnit\Framework\TestSuite->run, PHPUnit\Framework\TestSuite->run, PHPUnit\Framework\TestSuite->run, PHPUnit\Framework\TestCase->run, PHPUnit\Framework\TestResult->run, PHPUnit\Framework\TestCase->runBare, Yoast\PHPUnitPolyfills\TestCases\TestCase->setUp, CinebotWp\Tests\Integration\SyncServiceTest->set_up
WordPress database error Table 'wordpress_test.wptests_cinebot_settori' doesn't exist for query DELETE FROM wptests_cinebot_settori made by include('phpvfscomposer:///plugin/vendor/phpunit/phpunit/phpunit'), PHPUnit\TextUI\Command::main, PHPUnit\TextUI\Command->run, PHPUnit\TextUI\TestRunner->run, PHPUnit\Framework\TestSuite->run, PHPUnit\Framework\TestSuite->run, PHPUnit\Framework\TestSuite->run, PHPUnit\Framework\TestCase->run, PHPUnit\Framework\TestResult->run, PHPUnit\Framework\TestCase->runBare, Yoast\PHPUnitPolyfills\TestCases\TestCase->setUp, CinebotWp\Tests\Integration\SyncServiceTest->set_up
E<div id="error"><p class="wpdberror"><strong>WordPress database error:</strong> [Table &#039;wordpress_test.wptests_cinebot_prezzi&#039; doesn&#039;t exist]<br /><code>DELETE FROM wptests_cinebot_prezzi</code></p></div><div id="error"><p class="wpdberror"><strong>WordPress database error:</strong> [Table &#039;wordpress_test.wptests_cinebot_settori&#039; doesn&#039;t exist]<br /><code>DELETE FROM wptests_cinebot_settori</code></p></div>WordPress database error Table 'wordpress_test.wptests_cinebot_prezzi' doesn't exist for query DELETE FROM wptests_cinebot_prezzi made by include('phpvfscomposer:///plugin/vendor/phpunit/phpunit/phpunit'), PHPUnit\TextUI\Command::main, PHPUnit\TextUI\Command->run, PHPUnit\TextUI\TestRunner->run, PHPUnit\Framework\TestSuite->run, PHPUnit\Framework\TestSuite->run, PHPUnit\Framework\TestSuite->run, PHPUnit\Framework\TestCase->run, PHPUnit\Framework\TestResult->run, PHPUnit\Framework\TestCase->runBare, Yoast\PHPUnitPolyfills\TestCases\TestCase->setUp, CinebotWp\Tests\Integration\SyncServiceTest->set_up
WordPress database error Table 'wordpress_test.wptests_cinebot_settori' doesn't exist for query DELETE FROM wptests_cinebot_settori made by include('phpvfscomposer:///plugin/vendor/phpunit/phpunit/phpunit'), PHPUnit\TextUI\Command::main, PHPUnit\TextUI\Command->run, PHPUnit\TextUI\TestRunner->run, PHPUnit\Framework\TestSuite->run, PHPUnit\Framework\TestSuite->run, PHPUnit\Framework\TestSuite->run, PHPUnit\Framework\TestCase->run, PHPUnit\Framework\TestResult->run, PHPUnit\Framework\TestCase->runBare, Yoast\PHPUnitPolyfills\TestCases\TestCase->setUp, CinebotWp\Tests\Integration\SyncServiceTest->set_up
E<div id="error"><p class="wpdberror"><strong>WordPress database error:</strong> [Table &#039;wordpress_test.wptests_cinebot_prezzi&#039; doesn&#039;t exist]<br /><code>DELETE FROM wptests_cinebot_prezzi</code></p></div><div id="error"><p class="wpdberror"><strong>WordPress database error:</strong> [Table &#039;wordpress_test.wptests_cinebot_settori&#039; doesn&#039;t exist]<br /><code>DELETE FROM wptests_cinebot_settori</code></p></div>WordPress database error Table 'wordpress_test.wptests_cinebot_prezzi' doesn't exist for query DELETE FROM wptests_cinebot_prezzi made by include('phpvfscomposer:///plugin/vendor/phpunit/phpunit/phpunit'), PHPUnit\TextUI\Command::main, PHPUnit\TextUI\Command->run, PHPUnit\TextUI\TestRunner->run, PHPUnit\Framework\TestSuite->run, PHPUnit\Framework\TestSuite->run, PHPUnit\Framework\TestSuite->run, PHPUnit\Framework\TestCase->run, PHPUnit\Framework\TestResult->run, PHPUnit\Framework\TestCase->runBare, Yoast\PHPUnitPolyfills\TestCases\TestCase->setUp, CinebotWp\Tests\Integration\SyncServiceTest->set_up
WordPress database error Table 'wordpress_test.wptests_cinebot_settori' doesn't exist for query DELETE FROM wptests_cinebot_settori made by include('phpvfscomposer:///plugin/vendor/phpunit/phpunit/phpunit'), PHPUnit\TextUI\Command::main, PHPUnit\TextUI\Command->run, PHPUnit\TextUI\TestRunner->run, PHPUnit\Framework\TestSuite->run, PHPUnit\Framework\TestSuite->run, PHPUnit\Framework\TestSuite->run, PHPUnit\Framework\TestCase->run, PHPUnit\Framework\TestResult->run, PHPUnit\Framework\TestCase->runBare, Yoast\PHPUnitPolyfills\TestCases\TestCase->setUp, CinebotWp\Tests\Integration\SyncServiceTest->set_up
E<div id="error"><p class="wpdberror"><strong>WordPress database error:</strong> [Table &#039;wordpress_test.wptests_cinebot_prezzi&#039; doesn&#039;t exist]<br /><code>DELETE FROM wptests_cinebot_prezzi</code></p></div><div id="error"><p class="wpdberror"><strong>WordPress database error:</strong> [Table &#039;wordpress_test.wptests_cinebot_settori&#039; doesn&#039;t exist]<br /><code>DELETE FROM wptests_cinebot_settori</code></p></div>WordPress database error Table 'wordpress_test.wptests_cinebot_prezzi' doesn't exist for query DELETE FROM wptests_cinebot_prezzi made by include('phpvfscomposer:///plugin/vendor/phpunit/phpunit/phpunit'), PHPUnit\TextUI\Command::main, PHPUnit\TextUI\Command->run, PHPUnit\TextUI\TestRunner->run, PHPUnit\Framework\TestSuite->run, PHPUnit\Framework\TestSuite->run, PHPUnit\Framework\TestSuite->run, PHPUnit\Framework\TestCase->run, PHPUnit\Framework\TestResult->run, PHPUnit\Framework\TestCase->runBare, Yoast\PHPUnitPolyfills\TestCases\TestCase->setUp, CinebotWp\Tests\Integration\SyncServiceTest->set_up
WordPress database error Table 'wordpress_test.wptests_cinebot_settori' doesn't exist for query DELETE FROM wptests_cinebot_settori made by include('phpvfscomposer:///plugin/vendor/phpunit/phpunit/phpunit'), PHPUnit\TextUI\Command::main, PHPUnit\TextUI\Command->run, PHPUnit\TextUI\TestRunner->run, PHPUnit\Framework\TestSuite->run, PHPUnit\Framework\TestSuite->run, PHPUnit\Framework\TestSuite->run, PHPUnit\Framework\TestCase->run, PHPUnit\Framework\TestResult->run, PHPUnit\Framework\TestCase->runBare, Yoast\PHPUnitPolyfills\TestCases\TestCase->setUp, CinebotWp\Tests\Integration\SyncServiceTest->set_up
E<div id="error"><p class="wpdberror"><strong>WordPress database error:</strong> [Table &#039;wordpress_test.wptests_cinebot_prezzi&#039; doesn&#039;t exist]<br /><code>DELETE FROM wptests_cinebot_prezzi</code></p></div><div id="error"><p class="wpdberror"><strong>WordPress database error:</strong> [Table &#039;wordpress_test.wptests_cinebot_settori&#039; doesn&#039;t exist]<br /><code>DELETE FROM wptests_cinebot_settori</code></p></div>WordPress database error Table 'wordpress_test.wptests_cinebot_prezzi' doesn't exist for query DELETE FROM wptests_cinebot_prezzi made by include('phpvfscomposer:///plugin/vendor/phpunit/phpunit/phpunit'), PHPUnit\TextUI\Command::main, PHPUnit\TextUI\Command->run, PHPUnit\TextUI\TestRunner->run, PHPUnit\Framework\TestSuite->run, PHPUnit\Framework\TestSuite->run, PHPUnit\Framework\TestSuite->run, PHPUnit\Framework\TestCase->run, PHPUnit\Framework\TestResult->run, PHPUnit\Framework\TestCase->runBare, Yoast\PHPUnitPolyfills\TestCases\TestCase->setUp, CinebotWp\Tests\Integration\SyncServiceTest->set_up
WordPress database error Table 'wordpress_test.wptests_cinebot_settori' doesn't exist for query DELETE FROM wptests_cinebot_settori made by include('phpvfscomposer:///plugin/vendor/phpunit/phpunit/phpunit'), PHPUnit\TextUI\Command::main, PHPUnit\TextUI\Command->run, PHPUnit\TextUI\TestRunner->run, PHPUnit\Framework\TestSuite->run, PHPUnit\Framework\TestSuite->run, PHPUnit\Framework\TestSuite->run, PHPUnit\Framework\TestCase->run, PHPUnit\Framework\TestResult->run, PHPUnit\Framework\TestCase->runBare, Yoast\PHPUnitPolyfills\TestCases\TestCase->setUp, CinebotWp\Tests\Integration\SyncServiceTest->set_up
E<div id="error"><p class="wpdberror"><strong>WordPress database error:</strong> [Table &#039;wordpress_test.wptests_cinebot_prezzi&#039; doesn&#039;t exist]<br /><code>DELETE FROM wptests_cinebot_prezzi</code></p></div><div id="error"><p class="wpdberror"><strong>WordPress database error:</strong> [Table &#039;wordpress_test.wptests_cinebot_settori&#039; doesn&#039;t exist]<br /><code>DELETE FROM wptests_cinebot_settori</code></p></div>WordPress database error Table 'wordpress_test.wptests_cinebot_prezzi' doesn't exist for query DELETE FROM wptests_cinebot_prezzi made by include('phpvfscomposer:///plugin/vendor/phpunit/phpunit/phpunit'), PHPUnit\TextUI\Command::main, PHPUnit\TextUI\Command->run, PHPUnit\TextUI\TestRunner->run, PHPUnit\Framework\TestSuite->run, PHPUnit\Framework\TestSuite->run, PHPUnit\Framework\TestSuite->run, PHPUnit\Framework\TestCase->run, PHPUnit\Framework\TestResult->run, PHPUnit\Framework\TestCase->runBare, Yoast\PHPUnitPolyfills\TestCases\TestCase->setUp, CinebotWp\Tests\Integration\SyncServiceTest->set_up
WordPress database error Table 'wordpress_test.wptests_cinebot_settori' doesn't exist for query DELETE FROM wptests_cinebot_settori made by include('phpvfscomposer:///plugin/vendor/phpunit/phpunit/phpunit'), PHPUnit\TextUI\Command::main, PHPUnit\TextUI\Command->run, PHPUnit\TextUI\TestRunner->run, PHPUnit\Framework\TestSuite->run, PHPUnit\Framework\TestSuite->run, PHPUnit\Framework\TestSuite->run, PHPUnit\Framework\TestCase->run, PHPUnit\Framework\TestResult->run, PHPUnit\Framework\TestCase->runBare, Yoast\PHPUnitPolyfills\TestCases\TestCase->setUp, CinebotWp\Tests\Integration\SyncServiceTest->set_up
E<div id="error"><p class="wpdberror"><strong>WordPress database error:</strong> [Table &#039;wordpress_test.wptests_cinebot_prezzi&#039; doesn&#039;t exist]<br /><code>DELETE FROM wptests_cinebot_prezzi</code></p></div><div id="error"><p class="wpdberror"><strong>WordPress database error:</strong> [Table &#039;wordpress_test.wptests_cinebot_settori&#039; doesn&#039;t exist]<br /><code>DELETE FROM wptests_cinebot_settori</code></p></div>WordPress database error Table 'wordpress_test.wptests_cinebot_prezzi' doesn't exist for query DELETE FROM wptests_cinebot_prezzi made by include('phpvfscomposer:///plugin/vendor/phpunit/phpunit/phpunit'), PHPUnit\TextUI\Command::main, PHPUnit\TextUI\Command->run, PHPUnit\TextUI\TestRunner->run, PHPUnit\Framework\TestSuite->run, PHPUnit\Framework\TestSuite->run, PHPUnit\Framework\TestSuite->run, PHPUnit\Framework\TestCase->run, PHPUnit\Framework\TestResult->run, PHPUnit\Framework\TestCase->runBare, Yoast\PHPUnitPolyfills\TestCases\TestCase->setUp, CinebotWp\Tests\Integration\SyncServiceTest->set_up
WordPress database error Table 'wordpress_test.wptests_cinebot_settori' doesn't exist for query DELETE FROM wptests_cinebot_settori made by include('phpvfscomposer:///plugin/vendor/phpunit/phpunit/phpunit'), PHPUnit\TextUI\Command::main, PHPUnit\TextUI\Command->run, PHPUnit\TextUI\TestRunner->run, PHPUnit\Framework\TestSuite->run, PHPUnit\Framework\TestSuite->run, PHPUnit\Framework\TestSuite->run, PHPUnit\Framework\TestCase->run, PHPUnit\Framework\TestResult->run, PHPUnit\Framework\TestCase->runBare, Yoast\PHPUnitPolyfills\TestCases\TestCase->setUp, CinebotWp\Tests\Integration\SyncServiceTest->set_up
E<div id="error"><p class="wpdberror"><strong>WordPress database error:</strong> [Table &#039;wordpress_test.wptests_cinebot_prezzi&#039; doesn&#039;t exist]<br /><code>DELETE FROM wptests_cinebot_prezzi</code></p></div><div id="error"><p class="wpdberror"><strong>WordPress database error:</strong> [Table &#039;wordpress_test.wptests_cinebot_settori&#039; doesn&#039;t exist]<br /><code>DELETE FROM wptests_cinebot_settori</code></p></div>WordPress database error Table 'wordpress_test.wptests_cinebot_prezzi' doesn't exist for query DELETE FROM wptests_cinebot_prezzi made by include('phpvfscomposer:///plugin/vendor/phpunit/phpunit/phpunit'), PHPUnit\TextUI\Command::main, PHPUnit\TextUI\Command->run, PHPUnit\TextUI\TestRunner->run, PHPUnit\Framework\TestSuite->run, PHPUnit\Framework\TestSuite->run, PHPUnit\Framework\TestSuite->run, PHPUnit\Framework\TestCase->run, PHPUnit\Framework\TestResult->run, PHPUnit\Framework\TestCase->runBare, Yoast\PHPUnitPolyfills\TestCases\TestCase->setUp, CinebotWp\Tests\Integration\SyncServiceTest->set_up
WordPress database error Table 'wordpress_test.wptests_cinebot_settori' doesn't exist for query DELETE FROM wptests_cinebot_settori made by include('phpvfscomposer:///plugin/vendor/phpunit/phpunit/phpunit'), PHPUnit\TextUI\Command::main, PHPUnit\TextUI\Command->run, PHPUnit\TextUI\TestRunner->run, PHPUnit\Framework\TestSuite->run, PHPUnit\Framework\TestSuite->run, PHPUnit\Framework\TestSuite->run, PHPUnit\Framework\TestCase->run, PHPUnit\Framework\TestResult->run, PHPUnit\Framework\TestCase->runBare, Yoast\PHPUnitPolyfills\TestCases\TestCase->setUp, CinebotWp\Tests\Integration\SyncServiceTest->set_up
E<div id="error"><p class="wpdberror"><strong>WordPress database error:</strong> [Table &#039;wordpress_test.wptests_cinebot_prezzi&#039; doesn&#039;t exist]<br /><code>DELETE FROM wptests_cinebot_prezzi</code></p></div><div id="error"><p class="wpdberror"><strong>WordPress database error:</strong> [Table &#039;wordpress_test.wptests_cinebot_settori&#039; doesn&#039;t exist]<br /><code>DELETE FROM wptests_cinebot_settori</code></p></div>WordPress database error Table 'wordpress_test.wptests_cinebot_prezzi' doesn't exist for query DELETE FROM wptests_cinebot_prezzi made by include('phpvfscomposer:///plugin/vendor/phpunit/phpunit/phpunit'), PHPUnit\TextUI\Command::main, PHPUnit\TextUI\Command->run, PHPUnit\TextUI\TestRunner->run, PHPUnit\Framework\TestSuite->run, PHPUnit\Framework\TestSuite->run, PHPUnit\Framework\TestSuite->run, PHPUnit\Framework\TestCase->run, PHPUnit\Framework\TestResult->run, PHPUnit\Framework\TestCase->runBare, Yoast\PHPUnitPolyfills\TestCases\TestCase->setUp, CinebotWp\Tests\Integration\SyncServiceTest->set_up
WordPress database error Table 'wordpress_test.wptests_cinebot_settori' doesn't exist for query DELETE FROM wptests_cinebot_settori made by include('phpvfscomposer:///plugin/vendor/phpunit/phpunit/phpunit'), PHPUnit\TextUI\Command::main, PHPUnit\TextUI\Command->run, PHPUnit\TextUI\TestRunner->run, PHPUnit\Framework\TestSuite->run, PHPUnit\Framework\TestSuite->run, PHPUnit\Framework\TestSuite->run, PHPUnit\Framework\TestCase->run, PHPUnit\Framework\TestResult->run, PHPUnit\Framework\TestCase->runBare, Yoast\PHPUnitPolyfills\TestCases\TestCase->setUp, CinebotWp\Tests\Integration\SyncServiceTest->set_up
E<div id="error"><p class="wpdberror"><strong>WordPress database error:</strong> [Table &#039;wordpress_test.wptests_cinebot_prezzi&#039; doesn&#039;t exist]<br /><code>DELETE FROM wptests_cinebot_prezzi</code></p></div><div id="error"><p class="wpdberror"><strong>WordPress database error:</strong> [Table &#039;wordpress_test.wptests_cinebot_settori&#039; doesn&#039;t exist]<br /><code>DELETE FROM wptests_cinebot_settori</code></p></div>WordPress database error Table 'wordpress_test.wptests_cinebot_prezzi' doesn't exist for query DELETE FROM wptests_cinebot_prezzi made by include('phpvfscomposer:///plugin/vendor/phpunit/phpunit/phpunit'), PHPUnit\TextUI\Command::main, PHPUnit\TextUI\Command->run, PHPUnit\TextUI\TestRunner->run, PHPUnit\Framework\TestSuite->run, PHPUnit\Framework\TestSuite->run, PHPUnit\Framework\TestSuite->run, PHPUnit\Framework\TestCase->run, PHPUnit\Framework\TestResult->run, PHPUnit\Framework\TestCase->runBare, Yoast\PHPUnitPolyfills\TestCases\TestCase->setUp, CinebotWp\Tests\Integration\SyncServiceTest->set_up
WordPress database error Table 'wordpress_test.wptests_cinebot_settori' doesn't exist for query DELETE FROM wptests_cinebot_settori made by include('phpvfscomposer:///plugin/vendor/phpunit/phpunit/phpunit'), PHPUnit\TextUI\Command::main, PHPUnit\TextUI\Command->run, PHPUnit\TextUI\TestRunner->run, PHPUnit\Framework\TestSuite->run, PHPUnit\Framework\TestSuite->run, PHPUnit\Framework\TestSuite->run, PHPUnit\Framework\TestCase->run, PHPUnit\Framework\TestResult->run, PHPUnit\Framework\TestCase->runBare, Yoast\PHPUnitPolyfills\TestCases\TestCase->setUp, CinebotWp\Tests\Integration\SyncServiceTest->set_up
E<div id="error"><p class="wpdberror"><strong>WordPress database error:</strong> [Table &#039;wordpress_test.wptests_cinebot_prezzi&#039; doesn&#039;t exist]<br /><code>DELETE FROM wptests_cinebot_prezzi</code></p></div><div id="error"><p class="wpdberror"><strong>WordPress database error:</strong> [Table &#039;wordpress_test.wptests_cinebot_settori&#039; doesn&#039;t exist]<br /><code>DELETE FROM wptests_cinebot_settori</code></p></div>WordPress database error Table 'wordpress_test.wptests_cinebot_prezzi' doesn't exist for query DELETE FROM wptests_cinebot_prezzi made by include('phpvfscomposer:///plugin/vendor/phpunit/phpunit/phpunit'), PHPUnit\TextUI\Command::main, PHPUnit\TextUI\Command->run, PHPUnit\TextUI\TestRunner->run, PHPUnit\Framework\TestSuite->run, PHPUnit\Framework\TestSuite->run, PHPUnit\Framework\TestSuite->run, PHPUnit\Framework\TestCase->run, PHPUnit\Framework\TestResult->run, PHPUnit\Framework\TestCase->runBare, Yoast\PHPUnitPolyfills\TestCases\TestCase->setUp, CinebotWp\Tests\Integration\SyncServiceTest->set_up
WordPress database error Table 'wordpress_test.wptests_cinebot_settori' doesn't exist for query DELETE FROM wptests_cinebot_settori made by include('phpvfscomposer:///plugin/vendor/phpunit/phpunit/phpunit'), PHPUnit\TextUI\Command::main, PHPUnit\TextUI\Command->run, PHPUnit\TextUI\TestRunner->run, PHPUnit\Framework\TestSuite->run, PHPUnit\Framework\TestSuite->run, PHPUnit\Framework\TestSuite->run, PHPUnit\Framework\TestCase->run, PHPUnit\Framework\TestResult->run, PHPUnit\Framework\TestCase->runBare, Yoast\PHPUnitPolyfills\TestCases\TestCase->setUp, CinebotWp\Tests\Integration\SyncServiceTest->set_up
E<div id="error"><p class="wpdberror"><strong>WordPress database error:</strong> [Table &#039;wordpress_test.wptests_cinebot_prezzi&#039; doesn&#039;t exist]<br /><code>DELETE FROM wptests_cinebot_prezzi</code></p></div><div id="error"><p class="wpdberror"><strong>WordPress database error:</strong> [Table &#039;wordpress_test.wptests_cinebot_settori&#039; doesn&#039;t exist]<br /><code>DELETE FROM wptests_cinebot_settori</code></p></div>WordPress database error Table 'wordpress_test.wptests_cinebot_prezzi' doesn't exist for query DELETE FROM wptests_cinebot_prezzi made by include('phpvfscomposer:///plugin/vendor/phpunit/phpunit/phpunit'), PHPUnit\TextUI\Command::main, PHPUnit\TextUI\Command->run, PHPUnit\TextUI\TestRunner->run, PHPUnit\Framework\TestSuite->run, PHPUnit\Framework\TestSuite->run, PHPUnit\Framework\TestSuite->run, PHPUnit\Framework\TestCase->run, PHPUnit\Framework\TestResult->run, PHPUnit\Framework\TestCase->runBare, Yoast\PHPUnitPolyfills\TestCases\TestCase->setUp, CinebotWp\Tests\Integration\SyncServiceTest->set_up
WordPress database error Table 'wordpress_test.wptests_cinebot_settori' doesn't exist for query DELETE FROM wptests_cinebot_settori made by include('phpvfscomposer:///plugin/vendor/phpunit/phpunit/phpunit'), PHPUnit\TextUI\Command::main, PHPUnit\TextUI\Command->run, PHPUnit\TextUI\TestRunner->run, PHPUnit\Framework\TestSuite->run, PHPUnit\Framework\TestSuite->run, PHPUnit\Framework\TestSuite->run, PHPUnit\Framework\TestCase->run, PHPUnit\Framework\TestResult->run, PHPUnit\Framework\TestCase->runBare, Yoast\PHPUnitPolyfills\TestCases\TestCase->setUp, CinebotWp\Tests\Integration\SyncServiceTest->set_up
E<div id="error"><p class="wpdberror"><strong>WordPress database error:</strong> [Table &#039;wordpress_test.wptests_cinebot_prezzi&#039; doesn&#039;t exist]<br /><code>DELETE FROM wptests_cinebot_prezzi</code></p></div><div id="error"><p class="wpdberror"><strong>WordPress database error:</strong> [Table &#039;wordpress_test.wptests_cinebot_settori&#039; doesn&#039;t exist]<br /><code>DELETE FROM wptests_cinebot_settori</code></p></div>WordPress database error Table 'wordpress_test.wptests_cinebot_prezzi' doesn't exist for query DELETE FROM wptests_cinebot_prezzi made by include('phpvfscomposer:///plugin/vendor/phpunit/phpunit/phpunit'), PHPUnit\TextUI\Command::main, PHPUnit\TextUI\Command->run, PHPUnit\TextUI\TestRunner->run, PHPUnit\Framework\TestSuite->run, PHPUnit\Framework\TestSuite->run, PHPUnit\Framework\TestSuite->run, PHPUnit\Framework\TestCase->run, PHPUnit\Framework\TestResult->run, PHPUnit\Framework\TestCase->runBare, Yoast\PHPUnitPolyfills\TestCases\TestCase->setUp, CinebotWp\Tests\Integration\SyncServiceTest->set_up
WordPress database error Table 'wordpress_test.wptests_cinebot_settori' doesn't exist for query DELETE FROM wptests_cinebot_settori made by include('phpvfscomposer:///plugin/vendor/phpunit/phpunit/phpunit'), PHPUnit\TextUI\Command::main, PHPUnit\TextUI\Command->run, PHPUnit\TextUI\TestRunner->run, PHPUnit\Framework\TestSuite->run, PHPUnit\Framework\TestSuite->run, PHPUnit\Framework\TestSuite->run, PHPUnit\Framework\TestCase->run, PHPUnit\Framework\TestResult->run, PHPUnit\Framework\TestCase->runBare, Yoast\PHPUnitPolyfills\TestCases\TestCase->setUp, CinebotWp\Tests\Integration\SyncServiceTest->set_up
E<div id="error"><p class="wpdberror"><strong>WordPress database error:</strong> [Table &#039;wordpress_test.wptests_cinebot_prezzi&#039; doesn&#039;t exist]<br /><code>DELETE FROM wptests_cinebot_prezzi</code></p></div><div id="error"><p class="wpdberror"><strong>WordPress database error:</strong> [Table &#039;wordpress_test.wptests_cinebot_settori&#039; doesn&#039;t exist]<br /><code>DELETE FROM wptests_cinebot_settori</code></p></div>WordPress database error Table 'wordpress_test.wptests_cinebot_prezzi' doesn't exist for query DELETE FROM wptests_cinebot_prezzi made by include('phpvfscomposer:///plugin/vendor/phpunit/phpunit/phpunit'), PHPUnit\TextUI\Command::main, PHPUnit\TextUI\Command->run, PHPUnit\TextUI\TestRunner->run, PHPUnit\Framework\TestSuite->run, PHPUnit\Framework\TestSuite->run, PHPUnit\Framework\TestSuite->run, PHPUnit\Framework\TestCase->run, PHPUnit\Framework\TestResult->run, PHPUnit\Framework\TestCase->runBare, Yoast\PHPUnitPolyfills\TestCases\TestCase->setUp, CinebotWp\Tests\Integration\SyncServiceTest->set_up
WordPress database error Table 'wordpress_test.wptests_cinebot_settori' doesn't exist for query DELETE FROM wptests_cinebot_settori made by include('phpvfscomposer:///plugin/vendor/phpunit/phpunit/phpunit'), PHPUnit\TextUI\Command::main, PHPUnit\TextUI\Command->run, PHPUnit\TextUI\TestRunner->run, PHPUnit\Framework\TestSuite->run, PHPUnit\Framework\TestSuite->run, PHPUnit\Framework\TestSuite->run, PHPUnit\Framework\TestCase->run, PHPUnit\Framework\TestResult->run, PHPUnit\Framework\TestCase->runBare, Yoast\PHPUnitPolyfills\TestCases\TestCase->setUp, CinebotWp\Tests\Integration\SyncServiceTest->set_up
E<div id="error"><p class="wpdberror"><strong>WordPress database error:</strong> [Table &#039;wordpress_test.wptests_cinebot_prezzi&#039; doesn&#039;t exist]<br /><code>DELETE FROM wptests_cinebot_prezzi</code></p></div><div id="error"><p class="wpdberror"><strong>WordPress database error:</strong> [Table &#039;wordpress_test.wptests_cinebot_settori&#039; doesn&#039;t exist]<br /><code>DELETE FROM wptests_cinebot_settori</code></p></div>WordPress database error Table 'wordpress_test.wptests_cinebot_prezzi' doesn't exist for query DELETE FROM wptests_cinebot_prezzi made by include('phpvfscomposer:///plugin/vendor/phpunit/phpunit/phpunit'), PHPUnit\TextUI\Command::main, PHPUnit\TextUI\Command->run, PHPUnit\TextUI\TestRunner->run, PHPUnit\Framework\TestSuite->run, PHPUnit\Framework\TestSuite->run, PHPUnit\Framework\TestSuite->run, PHPUnit\Framework\TestCase->run, PHPUnit\Framework\TestResult->run, PHPUnit\Framework\TestCase->runBare, Yoast\PHPUnitPolyfills\TestCases\TestCase->setUp, CinebotWp\Tests\Integration\SyncServiceTest->set_up
WordPress database error Table 'wordpress_test.wptests_cinebot_settori' doesn't exist for query DELETE FROM wptests_cinebot_settori made by include('phpvfscomposer:///plugin/vendor/phpunit/phpunit/phpunit'), PHPUnit\TextUI\Command::main, PHPUnit\TextUI\Command->run, PHPUnit\TextUI\TestRunner->run, PHPUnit\Framework\TestSuite->run, PHPUnit\Framework\TestSuite->run, PHPUnit\Framework\TestSuite->run, PHPUnit\Framework\TestCase->run, PHPUnit\Framework\TestResult->run, PHPUnit\Framework\TestCase->runBare, Yoast\PHPUnitPolyfills\TestCases\TestCase->setUp, CinebotWp\Tests\Integration\SyncServiceTest->set_up
R<div id="error"><p class="wpdberror"><strong>WordPress database error:</strong> [Table &#039;wordpress_test.wptests_cinebot_prezzi&#039; doesn&#039;t exist]<br /><code>DELETE FROM wptests_cinebot_prezzi</code></p></div><div id="error"><p class="wpdberror"><strong>WordPress database error:</strong> [Table &#039;wordpress_test.wptests_cinebot_settori&#039; doesn&#039;t exist]<br /><code>DELETE FROM wptests_cinebot_settori</code></p></div>WordPress database error Table 'wordpress_test.wptests_cinebot_prezzi' doesn't exist for query DELETE FROM wptests_cinebot_prezzi made by include('phpvfscomposer:///plugin/vendor/phpunit/phpunit/phpunit'), PHPUnit\TextUI\Command::main, PHPUnit\TextUI\Command->run, PHPUnit\TextUI\TestRunner->run, PHPUnit\Framework\TestSuite->run, PHPUnit\Framework\TestSuite->run, PHPUnit\Framework\TestSuite->run, PHPUnit\Framework\TestCase->run, PHPUnit\Framework\TestResult->run, PHPUnit\Framework\TestCase->runBare, Yoast\PHPUnitPolyfills\TestCases\TestCase->setUp, CinebotWp\Tests\Integration\SyncServiceTest->set_up
WordPress database error Table 'wordpress_test.wptests_cinebot_settori' doesn't exist for query DELETE FROM wptests_cinebot_settori made by include('phpvfscomposer:///plugin/vendor/phpunit/phpunit/phpunit'), PHPUnit\TextUI\Command::main, PHPUnit\TextUI\Command->run, PHPUnit\TextUI\TestRunner->run, PHPUnit\Framework\TestSuite->run, PHPUnit\Framework\TestSuite->run, PHPUnit\Framework\TestSuite->run, PHPUnit\Framework\TestCase->run, PHPUnit\Framework\TestResult->run, PHPUnit\Framework\TestCase->runBare, Yoast\PHPUnitPolyfills\TestCases\TestCase->setUp, CinebotWp\Tests\Integration\SyncServiceTest->set_up
E<div id="error"><p class="wpdberror"><strong>WordPress database error:</strong> [Table &#039;wordpress_test.wptests_cinebot_prezzi&#039; doesn&#039;t exist]<br /><code>DELETE FROM wptests_cinebot_prezzi</code></p></div><div id="error"><p class="wpdberror"><strong>WordPress database error:</strong> [Table &#039;wordpress_test.wptests_cinebot_settori&#039; doesn&#039;t exist]<br /><code>DELETE FROM wptests_cinebot_settori</code></p></div>WordPress database error Table 'wordpress_test.wptests_cinebot_prezzi' doesn't exist for query DELETE FROM wptests_cinebot_prezzi made by include('phpvfscomposer:///plugin/vendor/phpunit/phpunit/phpunit'), PHPUnit\TextUI\Command::main, PHPUnit\TextUI\Command->run, PHPUnit\TextUI\TestRunner->run, PHPUnit\Framework\TestSuite->run, PHPUnit\Framework\TestSuite->run, PHPUnit\Framework\TestSuite->run, PHPUnit\Framework\TestCase->run, PHPUnit\Framework\TestResult->run, PHPUnit\Framework\TestCase->runBare, Yoast\PHPUnitPolyfills\TestCases\TestCase->setUp, CinebotWp\Tests\Integration\SyncServiceTest->set_up
WordPress database error Table 'wordpress_test.wptests_cinebot_settori' doesn't exist for query DELETE FROM wptests_cinebot_settori made by include('phpvfscomposer:///plugin/vendor/phpunit/phpunit/phpunit'), PHPUnit\TextUI\Command::main, PHPUnit\TextUI\Command->run, PHPUnit\TextUI\TestRunner->run, PHPUnit\Framework\TestSuite->run, PHPUnit\Framework\TestSuite->run, PHPUnit\Framework\TestSuite->run, PHPUnit\Framework\TestCase->run, PHPUnit\Framework\TestResult->run, PHPUnit\Framework\TestCase->runBare, Yoast\PHPUnitPolyfills\TestCases\TestCase->setUp, CinebotWp\Tests\Integration\SyncServiceTest->set_up
E<div id="error"><p class="wpdberror"><strong>WordPress database error:</strong> [Table &#039;wordpress_test.wptests_cinebot_prezzi&#039; doesn&#039;t exist]<br /><code>DELETE FROM wptests_cinebot_prezzi</code></p></div><div id="error"><p class="wpdberror"><strong>WordPress database error:</strong> [Table &#039;wordpress_test.wptests_cinebot_settori&#039; doesn&#039;t exist]<br /><code>DELETE FROM wptests_cinebot_settori</code></p></div>WordPress database error Table 'wordpress_test.wptests_cinebot_prezzi' doesn't exist for query DELETE FROM wptests_cinebot_prezzi made by include('phpvfscomposer:///plugin/vendor/phpunit/phpunit/phpunit'), PHPUnit\TextUI\Command::main, PHPUnit\TextUI\Command->run, PHPUnit\TextUI\TestRunner->run, PHPUnit\Framework\TestSuite->run, PHPUnit\Framework\TestSuite->run, PHPUnit\Framework\TestSuite->run, PHPUnit\Framework\TestCase->run, PHPUnit\Framework\TestResult->run, PHPUnit\Framework\TestCase->runBare, Yoast\PHPUnitPolyfills\TestCases\TestCase->setUp, CinebotWp\Tests\Integration\SyncServiceTest->set_up
WordPress database error Table 'wordpress_test.wptests_cinebot_settori' doesn't exist for query DELETE FROM wptests_cinebot_settori made by include('phpvfscomposer:///plugin/vendor/phpunit/phpunit/phpunit'), PHPUnit\TextUI\Command::main, PHPUnit\TextUI\Command->run, PHPUnit\TextUI\TestRunner->run, PHPUnit\Framework\TestSuite->run, PHPUnit\Framework\TestSuite->run, PHPUnit\Framework\TestSuite->run, PHPUnit\Framework\TestCase->run, PHPUnit\Framework\TestResult->run, PHPUnit\Framework\TestCase->runBare, Yoast\PHPUnitPolyfills\TestCases\TestCase->setUp, CinebotWp\Tests\Integration\SyncServiceTest->set_up
E 315 / 359 ( 87%)
<div id="error"><p class="wpdberror"><strong>WordPress database error:</strong> [Table &#039;wordpress_test.wptests_cinebot_prezzi&#039; doesn&#039;t exist]<br /><code>DELETE FROM wptests_cinebot_prezzi</code></p></div><div id="error"><p class="wpdberror"><strong>WordPress database error:</strong> [Table &#039;wordpress_test.wptests_cinebot_settori&#039; doesn&#039;t exist]<br /><code>DELETE FROM wptests_cinebot_settori</code></p></div>....WordPress database error Duplicate entry '01' for key 'wptests_cinebot_tipologie_eventi.codice' for query INSERT INTO `wptests_cinebot_tipologie_eventi` (`codice`, `descrizione`, `predefinito`, `attivo`, `updated_at`, `created_at`) VALUES ('01', 'Duplicate', 0, 1, '2026-08-21 18:27:40', '2026-08-21 18:27:40') made by include('phpvfscomposer:///plugin/vendor/phpunit/phpunit/phpunit'), PHPUnit\TextUI\Command::main, PHPUnit\TextUI\Command->run, PHPUnit\TextUI\TestRunner->run, PHPUnit\Framework\TestSuite->run, PHPUnit\Framework\TestSuite->run, PHPUnit\Framework\TestSuite->run, PHPUnit\Framework\TestCase->run, PHPUnit\Framework\TestResult->run, PHPUnit\Framework\TestCase->runBare, PHPUnit\Framework\TestCase->runTest, CinebotWp\Tests\Integration\TipologiaRepositoryTest->test_save_rejects_duplicate_codes_with_safe_error, CinebotWp\Repositories\TipologiaRepository->save
R<div id="error"><p class="wpdberror"><strong>WordPress database error:</strong> [Duplicate entry &#039;01&#039; for key &#039;wptests_cinebot_tipologie_eventi.codice&#039;]<br /><code>INSERT INTO `wptests_cinebot_tipologie_eventi` (`codice`, `descrizione`, `predefinito`, `attivo`, `updated_at`, `created_at`) VALUES (&#039;01&#039;, &#039;Duplicate&#039;, 0, 1, &#039;2026-08-21 18:27:40&#039;, &#039;2026-08-21 18:27:40&#039;)</code></p></div>.WordPress database error Table 'wordpress_test.wptests_cinebot_prezzi' doesn't exist for query DELETE FROM wptests_cinebot_prezzi made by include('phpvfscomposer:///plugin/vendor/phpunit/phpunit/phpunit'), PHPUnit\TextUI\Command::main, PHPUnit\TextUI\Command->run, PHPUnit\TextUI\TestRunner->run, PHPUnit\Framework\TestSuite->run, PHPUnit\Framework\TestSuite->run, PHPUnit\Framework\TestSuite->run, PHPUnit\Framework\TestCase->run, PHPUnit\Framework\TestResult->run, PHPUnit\Framework\TestCase->runBare, Yoast\PHPUnitPolyfills\TestCases\TestCase->setUp, CinebotWp\Tests\Integration\TitoliListPageTest->set_up, CinebotWp\Tests\Integration\TitoliListPageTest->clear_tables
WordPress database error Table 'wordpress_test.wptests_cinebot_settori' doesn't exist for query DELETE FROM wptests_cinebot_settori made by include('phpvfscomposer:///plugin/vendor/phpunit/phpunit/phpunit'), PHPUnit\TextUI\Command::main, PHPUnit\TextUI\Command->run, PHPUnit\TextUI\TestRunner->run, PHPUnit\Framework\TestSuite->run, PHPUnit\Framework\TestSuite->run, PHPUnit\Framework\TestSuite->run, PHPUnit\Framework\TestCase->run, PHPUnit\Framework\TestResult->run, PHPUnit\Framework\TestCase->runBare, Yoast\PHPUnitPolyfills\TestCases\TestCase->setUp, CinebotWp\Tests\Integration\TitoliListPageTest->set_up, CinebotWp\Tests\Integration\TitoliListPageTest->clear_tables
WordPress database error Table 'wordpress_test.wptests_cinebot_prezzi' doesn't exist for query DELETE FROM wptests_cinebot_prezzi made by include('phpvfscomposer:///plugin/vendor/phpunit/phpunit/phpunit'), PHPUnit\TextUI\Command::main, PHPUnit\TextUI\Command->run, PHPUnit\TextUI\TestRunner->run, PHPUnit\Framework\TestSuite->run, PHPUnit\Framework\TestSuite->run, PHPUnit\Framework\TestSuite->run, PHPUnit\Framework\TestCase->run, PHPUnit\Framework\TestResult->run, PHPUnit\Framework\TestCase->runBare, Yoast\PHPUnitPolyfills\TestCases\TestCase->tearDown, CinebotWp\Tests\Integration\TitoliListPageTest->tear_down, CinebotWp\Tests\Integration\TitoliListPageTest->clear_tables
WordPress database error Table 'wordpress_test.wptests_cinebot_settori' doesn't exist for query DELETE FROM wptests_cinebot_settori made by include('phpvfscomposer:///plugin/vendor/phpunit/phpunit/phpunit'), PHPUnit\TextUI\Command::main, PHPUnit\TextUI\Command->run, PHPUnit\TextUI\TestRunner->run, PHPUnit\Framework\TestSuite->run, PHPUnit\Framework\TestSuite->run, PHPUnit\Framework\TestSuite->run, PHPUnit\Framework\TestCase->run, PHPUnit\Framework\TestResult->run, PHPUnit\Framework\TestCase->runBare, Yoast\PHPUnitPolyfills\TestCases\TestCase->tearDown, CinebotWp\Tests\Integration\TitoliListPageTest->tear_down, CinebotWp\Tests\Integration\TitoliListPageTest->clear_tables
E<div id="error"><p class="wpdberror"><strong>WordPress database error:</strong> [Table &#039;wordpress_test.wptests_cinebot_prezzi&#039; doesn&#039;t exist]<br /><code>DELETE FROM wptests_cinebot_prezzi</code></p></div><div id="error"><p class="wpdberror"><strong>WordPress database error:</strong> [Table &#039;wordpress_test.wptests_cinebot_settori&#039; doesn&#039;t exist]<br /><code>DELETE FROM wptests_cinebot_settori</code></p></div><div id="error"><p class="wpdberror"><strong>WordPress database error:</strong> [Table &#039;wordpress_test.wptests_cinebot_prezzi&#039; doesn&#039;t exist]<br /><code>DELETE FROM wptests_cinebot_prezzi</code></p></div><div id="error"><p class="wpdberror"><strong>WordPress database error:</strong> [Table &#039;wordpress_test.wptests_cinebot_settori&#039; doesn&#039;t exist]<br /><code>DELETE FROM wptests_cinebot_settori</code></p></div>WordPress database error Table 'wordpress_test.wptests_cinebot_prezzi' doesn't exist for query DELETE FROM wptests_cinebot_prezzi made by include('phpvfscomposer:///plugin/vendor/phpunit/phpunit/phpunit'), PHPUnit\TextUI\Command::main, PHPUnit\TextUI\Command->run, PHPUnit\TextUI\TestRunner->run, PHPUnit\Framework\TestSuite->run, PHPUnit\Framework\TestSuite->run, PHPUnit\Framework\TestSuite->run, PHPUnit\Framework\TestCase->run, PHPUnit\Framework\TestResult->run, PHPUnit\Framework\TestCase->runBare, Yoast\PHPUnitPolyfills\TestCases\TestCase->setUp, CinebotWp\Tests\Integration\TitoliListPageTest->set_up, CinebotWp\Tests\Integration\TitoliListPageTest->clear_tables
WordPress database error Table 'wordpress_test.wptests_cinebot_settori' doesn't exist for query DELETE FROM wptests_cinebot_settori made by include('phpvfscomposer:///plugin/vendor/phpunit/phpunit/phpunit'), PHPUnit\TextUI\Command::main, PHPUnit\TextUI\Command->run, PHPUnit\TextUI\TestRunner->run, PHPUnit\Framework\TestSuite->run, PHPUnit\Framework\TestSuite->run, PHPUnit\Framework\TestSuite->run, PHPUnit\Framework\TestCase->run, PHPUnit\Framework\TestResult->run, PHPUnit\Framework\TestCase->runBare, Yoast\PHPUnitPolyfills\TestCases\TestCase->setUp, CinebotWp\Tests\Integration\TitoliListPageTest->set_up, CinebotWp\Tests\Integration\TitoliListPageTest->clear_tables
WordPress database error Table 'wordpress_test.wptests_cinebot_prezzi' doesn't exist for query DELETE FROM wptests_cinebot_prezzi made by include('phpvfscomposer:///plugin/vendor/phpunit/phpunit/phpunit'), PHPUnit\TextUI\Command::main, PHPUnit\TextUI\Command->run, PHPUnit\TextUI\TestRunner->run, PHPUnit\Framework\TestSuite->run, PHPUnit\Framework\TestSuite->run, PHPUnit\Framework\TestSuite->run, PHPUnit\Framework\TestCase->run, PHPUnit\Framework\TestResult->run, PHPUnit\Framework\TestCase->runBare, Yoast\PHPUnitPolyfills\TestCases\TestCase->tearDown, CinebotWp\Tests\Integration\TitoliListPageTest->tear_down, CinebotWp\Tests\Integration\TitoliListPageTest->clear_tables
WordPress database error Table 'wordpress_test.wptests_cinebot_settori' doesn't exist for query DELETE FROM wptests_cinebot_settori made by include('phpvfscomposer:///plugin/vendor/phpunit/phpunit/phpunit'), PHPUnit\TextUI\Command::main, PHPUnit\TextUI\Command->run, PHPUnit\TextUI\TestRunner->run, PHPUnit\Framework\TestSuite->run, PHPUnit\Framework\TestSuite->run, PHPUnit\Framework\TestSuite->run, PHPUnit\Framework\TestCase->run, PHPUnit\Framework\TestResult->run, PHPUnit\Framework\TestCase->runBare, Yoast\PHPUnitPolyfills\TestCases\TestCase->tearDown, CinebotWp\Tests\Integration\TitoliListPageTest->tear_down, CinebotWp\Tests\Integration\TitoliListPageTest->clear_tables
E<div id="error"><p class="wpdberror"><strong>WordPress database error:</strong> [Table &#039;wordpress_test.wptests_cinebot_prezzi&#039; doesn&#039;t exist]<br /><code>DELETE FROM wptests_cinebot_prezzi</code></p></div><div id="error"><p class="wpdberror"><strong>WordPress database error:</strong> [Table &#039;wordpress_test.wptests_cinebot_settori&#039; doesn&#039;t exist]<br /><code>DELETE FROM wptests_cinebot_settori</code></p></div><div id="error"><p class="wpdberror"><strong>WordPress database error:</strong> [Table &#039;wordpress_test.wptests_cinebot_prezzi&#039; doesn&#039;t exist]<br /><code>DELETE FROM wptests_cinebot_prezzi</code></p></div><div id="error"><p class="wpdberror"><strong>WordPress database error:</strong> [Table &#039;wordpress_test.wptests_cinebot_settori&#039; doesn&#039;t exist]<br /><code>DELETE FROM wptests_cinebot_settori</code></p></div>WordPress database error Table 'wordpress_test.wptests_cinebot_prezzi' doesn't exist for query DELETE FROM wptests_cinebot_prezzi made by include('phpvfscomposer:///plugin/vendor/phpunit/phpunit/phpunit'), PHPUnit\TextUI\Command::main, PHPUnit\TextUI\Command->run, PHPUnit\TextUI\TestRunner->run, PHPUnit\Framework\TestSuite->run, PHPUnit\Framework\TestSuite->run, PHPUnit\Framework\TestSuite->run, PHPUnit\Framework\TestCase->run, PHPUnit\Framework\TestResult->run, PHPUnit\Framework\TestCase->runBare, Yoast\PHPUnitPolyfills\TestCases\TestCase->setUp, CinebotWp\Tests\Integration\TitoliListPageTest->set_up, CinebotWp\Tests\Integration\TitoliListPageTest->clear_tables
WordPress database error Table 'wordpress_test.wptests_cinebot_settori' doesn't exist for query DELETE FROM wptests_cinebot_settori made by include('phpvfscomposer:///plugin/vendor/phpunit/phpunit/phpunit'), PHPUnit\TextUI\Command::main, PHPUnit\TextUI\Command->run, PHPUnit\TextUI\TestRunner->run, PHPUnit\Framework\TestSuite->run, PHPUnit\Framework\TestSuite->run, PHPUnit\Framework\TestSuite->run, PHPUnit\Framework\TestCase->run, PHPUnit\Framework\TestResult->run, PHPUnit\Framework\TestCase->runBare, Yoast\PHPUnitPolyfills\TestCases\TestCase->setUp, CinebotWp\Tests\Integration\TitoliListPageTest->set_up, CinebotWp\Tests\Integration\TitoliListPageTest->clear_tables
WordPress database error Table 'wordpress_test.wptests_cinebot_prezzi' doesn't exist for query DELETE FROM wptests_cinebot_prezzi made by include('phpvfscomposer:///plugin/vendor/phpunit/phpunit/phpunit'), PHPUnit\TextUI\Command::main, PHPUnit\TextUI\Command->run, PHPUnit\TextUI\TestRunner->run, PHPUnit\Framework\TestSuite->run, PHPUnit\Framework\TestSuite->run, PHPUnit\Framework\TestSuite->run, PHPUnit\Framework\TestCase->run, PHPUnit\Framework\TestResult->run, PHPUnit\Framework\TestCase->runBare, Yoast\PHPUnitPolyfills\TestCases\TestCase->tearDown, CinebotWp\Tests\Integration\TitoliListPageTest->tear_down, CinebotWp\Tests\Integration\TitoliListPageTest->clear_tables
WordPress database error Table 'wordpress_test.wptests_cinebot_settori' doesn't exist for query DELETE FROM wptests_cinebot_settori made by include('phpvfscomposer:///plugin/vendor/phpunit/phpunit/phpunit'), PHPUnit\TextUI\Command::main, PHPUnit\TextUI\Command->run, PHPUnit\TextUI\TestRunner->run, PHPUnit\Framework\TestSuite->run, PHPUnit\Framework\TestSuite->run, PHPUnit\Framework\TestSuite->run, PHPUnit\Framework\TestCase->run, PHPUnit\Framework\TestResult->run, PHPUnit\Framework\TestCase->runBare, Yoast\PHPUnitPolyfills\TestCases\TestCase->tearDown, CinebotWp\Tests\Integration\TitoliListPageTest->tear_down, CinebotWp\Tests\Integration\TitoliListPageTest->clear_tables
E<div id="error"><p class="wpdberror"><strong>WordPress database error:</strong> [Table &#039;wordpress_test.wptests_cinebot_prezzi&#039; doesn&#039;t exist]<br /><code>DELETE FROM wptests_cinebot_prezzi</code></p></div><div id="error"><p class="wpdberror"><strong>WordPress database error:</strong> [Table &#039;wordpress_test.wptests_cinebot_settori&#039; doesn&#039;t exist]<br /><code>DELETE FROM wptests_cinebot_settori</code></p></div><div id="error"><p class="wpdberror"><strong>WordPress database error:</strong> [Table &#039;wordpress_test.wptests_cinebot_prezzi&#039; doesn&#039;t exist]<br /><code>DELETE FROM wptests_cinebot_prezzi</code></p></div><div id="error"><p class="wpdberror"><strong>WordPress database error:</strong> [Table &#039;wordpress_test.wptests_cinebot_settori&#039; doesn&#039;t exist]<br /><code>DELETE FROM wptests_cinebot_settori</code></p></div>WordPress database error Table 'wordpress_test.wptests_cinebot_prezzi' doesn't exist for query DELETE FROM wptests_cinebot_prezzi made by include('phpvfscomposer:///plugin/vendor/phpunit/phpunit/phpunit'), PHPUnit\TextUI\Command::main, PHPUnit\TextUI\Command->run, PHPUnit\TextUI\TestRunner->run, PHPUnit\Framework\TestSuite->run, PHPUnit\Framework\TestSuite->run, PHPUnit\Framework\TestSuite->run, PHPUnit\Framework\TestCase->run, PHPUnit\Framework\TestResult->run, PHPUnit\Framework\TestCase->runBare, Yoast\PHPUnitPolyfills\TestCases\TestCase->setUp, CinebotWp\Tests\Integration\TitoliListPageTest->set_up, CinebotWp\Tests\Integration\TitoliListPageTest->clear_tables
WordPress database error Table 'wordpress_test.wptests_cinebot_settori' doesn't exist for query DELETE FROM wptests_cinebot_settori made by include('phpvfscomposer:///plugin/vendor/phpunit/phpunit/phpunit'), PHPUnit\TextUI\Command::main, PHPUnit\TextUI\Command->run, PHPUnit\TextUI\TestRunner->run, PHPUnit\Framework\TestSuite->run, PHPUnit\Framework\TestSuite->run, PHPUnit\Framework\TestSuite->run, PHPUnit\Framework\TestCase->run, PHPUnit\Framework\TestResult->run, PHPUnit\Framework\TestCase->runBare, Yoast\PHPUnitPolyfills\TestCases\TestCase->setUp, CinebotWp\Tests\Integration\TitoliListPageTest->set_up, CinebotWp\Tests\Integration\TitoliListPageTest->clear_tables
WordPress database error Table 'wordpress_test.wptests_cinebot_prezzi' doesn't exist for query DELETE FROM wptests_cinebot_prezzi made by include('phpvfscomposer:///plugin/vendor/phpunit/phpunit/phpunit'), PHPUnit\TextUI\Command::main, PHPUnit\TextUI\Command->run, PHPUnit\TextUI\TestRunner->run, PHPUnit\Framework\TestSuite->run, PHPUnit\Framework\TestSuite->run, PHPUnit\Framework\TestSuite->run, PHPUnit\Framework\TestCase->run, PHPUnit\Framework\TestResult->run, PHPUnit\Framework\TestCase->runBare, Yoast\PHPUnitPolyfills\TestCases\TestCase->tearDown, CinebotWp\Tests\Integration\TitoliListPageTest->tear_down, CinebotWp\Tests\Integration\TitoliListPageTest->clear_tables
WordPress database error Table 'wordpress_test.wptests_cinebot_settori' doesn't exist for query DELETE FROM wptests_cinebot_settori made by include('phpvfscomposer:///plugin/vendor/phpunit/phpunit/phpunit'), PHPUnit\TextUI\Command::main, PHPUnit\TextUI\Command->run, PHPUnit\TextUI\TestRunner->run, PHPUnit\Framework\TestSuite->run, PHPUnit\Framework\TestSuite->run, PHPUnit\Framework\TestSuite->run, PHPUnit\Framework\TestCase->run, PHPUnit\Framework\TestResult->run, PHPUnit\Framework\TestCase->runBare, Yoast\PHPUnitPolyfills\TestCases\TestCase->tearDown, CinebotWp\Tests\Integration\TitoliListPageTest->tear_down, CinebotWp\Tests\Integration\TitoliListPageTest->clear_tables
E<div id="error"><p class="wpdberror"><strong>WordPress database error:</strong> [Table &#039;wordpress_test.wptests_cinebot_prezzi&#039; doesn&#039;t exist]<br /><code>DELETE FROM wptests_cinebot_prezzi</code></p></div><div id="error"><p class="wpdberror"><strong>WordPress database error:</strong> [Table &#039;wordpress_test.wptests_cinebot_settori&#039; doesn&#039;t exist]<br /><code>DELETE FROM wptests_cinebot_settori</code></p></div><div id="error"><p class="wpdberror"><strong>WordPress database error:</strong> [Table &#039;wordpress_test.wptests_cinebot_prezzi&#039; doesn&#039;t exist]<br /><code>DELETE FROM wptests_cinebot_prezzi</code></p></div><div id="error"><p class="wpdberror"><strong>WordPress database error:</strong> [Table &#039;wordpress_test.wptests_cinebot_settori&#039; doesn&#039;t exist]<br /><code>DELETE FROM wptests_cinebot_settori</code></p></div>WordPress database error Table 'wordpress_test.wptests_cinebot_prezzi' doesn't exist for query DELETE FROM wptests_cinebot_prezzi made by include('phpvfscomposer:///plugin/vendor/phpunit/phpunit/phpunit'), PHPUnit\TextUI\Command::main, PHPUnit\TextUI\Command->run, PHPUnit\TextUI\TestRunner->run, PHPUnit\Framework\TestSuite->run, PHPUnit\Framework\TestSuite->run, PHPUnit\Framework\TestSuite->run, PHPUnit\Framework\TestCase->run, PHPUnit\Framework\TestResult->run, PHPUnit\Framework\TestCase->runBare, Yoast\PHPUnitPolyfills\TestCases\TestCase->setUp, CinebotWp\Tests\Integration\TitoliListPageTest->set_up, CinebotWp\Tests\Integration\TitoliListPageTest->clear_tables
WordPress database error Table 'wordpress_test.wptests_cinebot_settori' doesn't exist for query DELETE FROM wptests_cinebot_settori made by include('phpvfscomposer:///plugin/vendor/phpunit/phpunit/phpunit'), PHPUnit\TextUI\Command::main, PHPUnit\TextUI\Command->run, PHPUnit\TextUI\TestRunner->run, PHPUnit\Framework\TestSuite->run, PHPUnit\Framework\TestSuite->run, PHPUnit\Framework\TestSuite->run, PHPUnit\Framework\TestCase->run, PHPUnit\Framework\TestResult->run, PHPUnit\Framework\TestCase->runBare, Yoast\PHPUnitPolyfills\TestCases\TestCase->setUp, CinebotWp\Tests\Integration\TitoliListPageTest->set_up, CinebotWp\Tests\Integration\TitoliListPageTest->clear_tables
WordPress database error Table 'wordpress_test.wptests_cinebot_prezzi' doesn't exist for query DELETE FROM wptests_cinebot_prezzi made by include('phpvfscomposer:///plugin/vendor/phpunit/phpunit/phpunit'), PHPUnit\TextUI\Command::main, PHPUnit\TextUI\Command->run, PHPUnit\TextUI\TestRunner->run, PHPUnit\Framework\TestSuite->run, PHPUnit\Framework\TestSuite->run, PHPUnit\Framework\TestSuite->run, PHPUnit\Framework\TestCase->run, PHPUnit\Framework\TestResult->run, PHPUnit\Framework\TestCase->runBare, Yoast\PHPUnitPolyfills\TestCases\TestCase->tearDown, CinebotWp\Tests\Integration\TitoliListPageTest->tear_down, CinebotWp\Tests\Integration\TitoliListPageTest->clear_tables
WordPress database error Table 'wordpress_test.wptests_cinebot_settori' doesn't exist for query DELETE FROM wptests_cinebot_settori made by include('phpvfscomposer:///plugin/vendor/phpunit/phpunit/phpunit'), PHPUnit\TextUI\Command::main, PHPUnit\TextUI\Command->run, PHPUnit\TextUI\TestRunner->run, PHPUnit\Framework\TestSuite->run, PHPUnit\Framework\TestSuite->run, PHPUnit\Framework\TestSuite->run, PHPUnit\Framework\TestCase->run, PHPUnit\Framework\TestResult->run, PHPUnit\Framework\TestCase->runBare, Yoast\PHPUnitPolyfills\TestCases\TestCase->tearDown, CinebotWp\Tests\Integration\TitoliListPageTest->tear_down, CinebotWp\Tests\Integration\TitoliListPageTest->clear_tables
E<div id="error"><p class="wpdberror"><strong>WordPress database error:</strong> [Table &#039;wordpress_test.wptests_cinebot_prezzi&#039; doesn&#039;t exist]<br /><code>DELETE FROM wptests_cinebot_prezzi</code></p></div><div id="error"><p class="wpdberror"><strong>WordPress database error:</strong> [Table &#039;wordpress_test.wptests_cinebot_settori&#039; doesn&#039;t exist]<br /><code>DELETE FROM wptests_cinebot_settori</code></p></div><div id="error"><p class="wpdberror"><strong>WordPress database error:</strong> [Table &#039;wordpress_test.wptests_cinebot_prezzi&#039; doesn&#039;t exist]<br /><code>DELETE FROM wptests_cinebot_prezzi</code></p></div><div id="error"><p class="wpdberror"><strong>WordPress database error:</strong> [Table &#039;wordpress_test.wptests_cinebot_settori&#039; doesn&#039;t exist]<br /><code>DELETE FROM wptests_cinebot_settori</code></p></div>WordPress database error Table 'wordpress_test.wptests_cinebot_prezzi' doesn't exist for query DELETE FROM wptests_cinebot_prezzi made by include('phpvfscomposer:///plugin/vendor/phpunit/phpunit/phpunit'), PHPUnit\TextUI\Command::main, PHPUnit\TextUI\Command->run, PHPUnit\TextUI\TestRunner->run, PHPUnit\Framework\TestSuite->run, PHPUnit\Framework\TestSuite->run, PHPUnit\Framework\TestSuite->run, PHPUnit\Framework\TestCase->run, PHPUnit\Framework\TestResult->run, PHPUnit\Framework\TestCase->runBare, Yoast\PHPUnitPolyfills\TestCases\TestCase->setUp, CinebotWp\Tests\Integration\TitoliListPageTest->set_up, CinebotWp\Tests\Integration\TitoliListPageTest->clear_tables
WordPress database error Table 'wordpress_test.wptests_cinebot_settori' doesn't exist for query DELETE FROM wptests_cinebot_settori made by include('phpvfscomposer:///plugin/vendor/phpunit/phpunit/phpunit'), PHPUnit\TextUI\Command::main, PHPUnit\TextUI\Command->run, PHPUnit\TextUI\TestRunner->run, PHPUnit\Framework\TestSuite->run, PHPUnit\Framework\TestSuite->run, PHPUnit\Framework\TestSuite->run, PHPUnit\Framework\TestCase->run, PHPUnit\Framework\TestResult->run, PHPUnit\Framework\TestCase->runBare, Yoast\PHPUnitPolyfills\TestCases\TestCase->setUp, CinebotWp\Tests\Integration\TitoliListPageTest->set_up, CinebotWp\Tests\Integration\TitoliListPageTest->clear_tables
WordPress database error Table 'wordpress_test.wptests_cinebot_prezzi' doesn't exist for query DELETE FROM wptests_cinebot_prezzi made by include('phpvfscomposer:///plugin/vendor/phpunit/phpunit/phpunit'), PHPUnit\TextUI\Command::main, PHPUnit\TextUI\Command->run, PHPUnit\TextUI\TestRunner->run, PHPUnit\Framework\TestSuite->run, PHPUnit\Framework\TestSuite->run, PHPUnit\Framework\TestSuite->run, PHPUnit\Framework\TestCase->run, PHPUnit\Framework\TestResult->run, PHPUnit\Framework\TestCase->runBare, Yoast\PHPUnitPolyfills\TestCases\TestCase->tearDown, CinebotWp\Tests\Integration\TitoliListPageTest->tear_down, CinebotWp\Tests\Integration\TitoliListPageTest->clear_tables
WordPress database error Table 'wordpress_test.wptests_cinebot_settori' doesn't exist for query DELETE FROM wptests_cinebot_settori made by include('phpvfscomposer:///plugin/vendor/phpunit/phpunit/phpunit'), PHPUnit\TextUI\Command::main, PHPUnit\TextUI\Command->run, PHPUnit\TextUI\TestRunner->run, PHPUnit\Framework\TestSuite->run, PHPUnit\Framework\TestSuite->run, PHPUnit\Framework\TestSuite->run, PHPUnit\Framework\TestCase->run, PHPUnit\Framework\TestResult->run, PHPUnit\Framework\TestCase->runBare, Yoast\PHPUnitPolyfills\TestCases\TestCase->tearDown, CinebotWp\Tests\Integration\TitoliListPageTest->tear_down, CinebotWp\Tests\Integration\TitoliListPageTest->clear_tables
E<div id="error"><p class="wpdberror"><strong>WordPress database error:</strong> [Table &#039;wordpress_test.wptests_cinebot_prezzi&#039; doesn&#039;t exist]<br /><code>DELETE FROM wptests_cinebot_prezzi</code></p></div><div id="error"><p class="wpdberror"><strong>WordPress database error:</strong> [Table &#039;wordpress_test.wptests_cinebot_settori&#039; doesn&#039;t exist]<br /><code>DELETE FROM wptests_cinebot_settori</code></p></div><div id="error"><p class="wpdberror"><strong>WordPress database error:</strong> [Table &#039;wordpress_test.wptests_cinebot_prezzi&#039; doesn&#039;t exist]<br /><code>DELETE FROM wptests_cinebot_prezzi</code></p></div><div id="error"><p class="wpdberror"><strong>WordPress database error:</strong> [Table &#039;wordpress_test.wptests_cinebot_settori&#039; doesn&#039;t exist]<br /><code>DELETE FROM wptests_cinebot_settori</code></p></div>WordPress database error Table 'wordpress_test.wptests_cinebot_prezzi' doesn't exist for query DELETE FROM wptests_cinebot_prezzi made by include('phpvfscomposer:///plugin/vendor/phpunit/phpunit/phpunit'), PHPUnit\TextUI\Command::main, PHPUnit\TextUI\Command->run, PHPUnit\TextUI\TestRunner->run, PHPUnit\Framework\TestSuite->run, PHPUnit\Framework\TestSuite->run, PHPUnit\Framework\TestSuite->run, PHPUnit\Framework\TestCase->run, PHPUnit\Framework\TestResult->run, PHPUnit\Framework\TestCase->runBare, Yoast\PHPUnitPolyfills\TestCases\TestCase->setUp, CinebotWp\Tests\Integration\TitoliListPageTest->set_up, CinebotWp\Tests\Integration\TitoliListPageTest->clear_tables
WordPress database error Table 'wordpress_test.wptests_cinebot_settori' doesn't exist for query DELETE FROM wptests_cinebot_settori made by include('phpvfscomposer:///plugin/vendor/phpunit/phpunit/phpunit'), PHPUnit\TextUI\Command::main, PHPUnit\TextUI\Command->run, PHPUnit\TextUI\TestRunner->run, PHPUnit\Framework\TestSuite->run, PHPUnit\Framework\TestSuite->run, PHPUnit\Framework\TestSuite->run, PHPUnit\Framework\TestCase->run, PHPUnit\Framework\TestResult->run, PHPUnit\Framework\TestCase->runBare, Yoast\PHPUnitPolyfills\TestCases\TestCase->setUp, CinebotWp\Tests\Integration\TitoliListPageTest->set_up, CinebotWp\Tests\Integration\TitoliListPageTest->clear_tables
WordPress database error Table 'wordpress_test.wptests_cinebot_prezzi' doesn't exist for query DELETE FROM wptests_cinebot_prezzi made by include('phpvfscomposer:///plugin/vendor/phpunit/phpunit/phpunit'), PHPUnit\TextUI\Command::main, PHPUnit\TextUI\Command->run, PHPUnit\TextUI\TestRunner->run, PHPUnit\Framework\TestSuite->run, PHPUnit\Framework\TestSuite->run, PHPUnit\Framework\TestSuite->run, PHPUnit\Framework\TestCase->run, PHPUnit\Framework\TestResult->run, PHPUnit\Framework\TestCase->runBare, Yoast\PHPUnitPolyfills\TestCases\TestCase->tearDown, CinebotWp\Tests\Integration\TitoliListPageTest->tear_down, CinebotWp\Tests\Integration\TitoliListPageTest->clear_tables
WordPress database error Table 'wordpress_test.wptests_cinebot_settori' doesn't exist for query DELETE FROM wptests_cinebot_settori made by include('phpvfscomposer:///plugin/vendor/phpunit/phpunit/phpunit'), PHPUnit\TextUI\Command::main, PHPUnit\TextUI\Command->run, PHPUnit\TextUI\TestRunner->run, PHPUnit\Framework\TestSuite->run, PHPUnit\Framework\TestSuite->run, PHPUnit\Framework\TestSuite->run, PHPUnit\Framework\TestCase->run, PHPUnit\Framework\TestResult->run, PHPUnit\Framework\TestCase->runBare, Yoast\PHPUnitPolyfills\TestCases\TestCase->tearDown, CinebotWp\Tests\Integration\TitoliListPageTest->tear_down, CinebotWp\Tests\Integration\TitoliListPageTest->clear_tables
E<div id="error"><p class="wpdberror"><strong>WordPress database error:</strong> [Table &#039;wordpress_test.wptests_cinebot_prezzi&#039; doesn&#039;t exist]<br /><code>DELETE FROM wptests_cinebot_prezzi</code></p></div><div id="error"><p class="wpdberror"><strong>WordPress database error:</strong> [Table &#039;wordpress_test.wptests_cinebot_settori&#039; doesn&#039;t exist]<br /><code>DELETE FROM wptests_cinebot_settori</code></p></div><div id="error"><p class="wpdberror"><strong>WordPress database error:</strong> [Table &#039;wordpress_test.wptests_cinebot_prezzi&#039; doesn&#039;t exist]<br /><code>DELETE FROM wptests_cinebot_prezzi</code></p></div><div id="error"><p class="wpdberror"><strong>WordPress database error:</strong> [Table &#039;wordpress_test.wptests_cinebot_settori&#039; doesn&#039;t exist]<br /><code>DELETE FROM wptests_cinebot_settori</code></p></div>WordPress database error Table 'wordpress_test.wptests_cinebot_prezzi' doesn't exist for query DELETE FROM wptests_cinebot_prezzi made by include('phpvfscomposer:///plugin/vendor/phpunit/phpunit/phpunit'), PHPUnit\TextUI\Command::main, PHPUnit\TextUI\Command->run, PHPUnit\TextUI\TestRunner->run, PHPUnit\Framework\TestSuite->run, PHPUnit\Framework\TestSuite->run, PHPUnit\Framework\TestSuite->run, PHPUnit\Framework\TestCase->run, PHPUnit\Framework\TestResult->run, PHPUnit\Framework\TestCase->runBare, Yoast\PHPUnitPolyfills\TestCases\TestCase->setUp, CinebotWp\Tests\Integration\TitoliListPageTest->set_up, CinebotWp\Tests\Integration\TitoliListPageTest->clear_tables
WordPress database error Table 'wordpress_test.wptests_cinebot_settori' doesn't exist for query DELETE FROM wptests_cinebot_settori made by include('phpvfscomposer:///plugin/vendor/phpunit/phpunit/phpunit'), PHPUnit\TextUI\Command::main, PHPUnit\TextUI\Command->run, PHPUnit\TextUI\TestRunner->run, PHPUnit\Framework\TestSuite->run, PHPUnit\Framework\TestSuite->run, PHPUnit\Framework\TestSuite->run, PHPUnit\Framework\TestCase->run, PHPUnit\Framework\TestResult->run, PHPUnit\Framework\TestCase->runBare, Yoast\PHPUnitPolyfills\TestCases\TestCase->setUp, CinebotWp\Tests\Integration\TitoliListPageTest->set_up, CinebotWp\Tests\Integration\TitoliListPageTest->clear_tables
WordPress database error Table 'wordpress_test.wptests_cinebot_prezzi' doesn't exist for query DELETE FROM wptests_cinebot_prezzi made by include('phpvfscomposer:///plugin/vendor/phpunit/phpunit/phpunit'), PHPUnit\TextUI\Command::main, PHPUnit\TextUI\Command->run, PHPUnit\TextUI\TestRunner->run, PHPUnit\Framework\TestSuite->run, PHPUnit\Framework\TestSuite->run, PHPUnit\Framework\TestSuite->run, PHPUnit\Framework\TestCase->run, PHPUnit\Framework\TestResult->run, PHPUnit\Framework\TestCase->runBare, Yoast\PHPUnitPolyfills\TestCases\TestCase->tearDown, CinebotWp\Tests\Integration\TitoliListPageTest->tear_down, CinebotWp\Tests\Integration\TitoliListPageTest->clear_tables
WordPress database error Table 'wordpress_test.wptests_cinebot_settori' doesn't exist for query DELETE FROM wptests_cinebot_settori made by include('phpvfscomposer:///plugin/vendor/phpunit/phpunit/phpunit'), PHPUnit\TextUI\Command::main, PHPUnit\TextUI\Command->run, PHPUnit\TextUI\TestRunner->run, PHPUnit\Framework\TestSuite->run, PHPUnit\Framework\TestSuite->run, PHPUnit\Framework\TestSuite->run, PHPUnit\Framework\TestCase->run, PHPUnit\Framework\TestResult->run, PHPUnit\Framework\TestCase->runBare, Yoast\PHPUnitPolyfills\TestCases\TestCase->tearDown, CinebotWp\Tests\Integration\TitoliListPageTest->tear_down, CinebotWp\Tests\Integration\TitoliListPageTest->clear_tables
E<div id="error"><p class="wpdberror"><strong>WordPress database error:</strong> [Table &#039;wordpress_test.wptests_cinebot_prezzi&#039; doesn&#039;t exist]<br /><code>DELETE FROM wptests_cinebot_prezzi</code></p></div><div id="error"><p class="wpdberror"><strong>WordPress database error:</strong> [Table &#039;wordpress_test.wptests_cinebot_settori&#039; doesn&#039;t exist]<br /><code>DELETE FROM wptests_cinebot_settori</code></p></div><div id="error"><p class="wpdberror"><strong>WordPress database error:</strong> [Table &#039;wordpress_test.wptests_cinebot_prezzi&#039; doesn&#039;t exist]<br /><code>DELETE FROM wptests_cinebot_prezzi</code></p></div><div id="error"><p class="wpdberror"><strong>WordPress database error:</strong> [Table &#039;wordpress_test.wptests_cinebot_settori&#039; doesn&#039;t exist]<br /><code>DELETE FROM wptests_cinebot_settori</code></p></div>WordPress database error Table 'wordpress_test.wptests_cinebot_prezzi' doesn't exist for query DELETE FROM wptests_cinebot_prezzi made by include('phpvfscomposer:///plugin/vendor/phpunit/phpunit/phpunit'), PHPUnit\TextUI\Command::main, PHPUnit\TextUI\Command->run, PHPUnit\TextUI\TestRunner->run, PHPUnit\Framework\TestSuite->run, PHPUnit\Framework\TestSuite->run, PHPUnit\Framework\TestSuite->run, PHPUnit\Framework\TestCase->run, PHPUnit\Framework\TestResult->run, PHPUnit\Framework\TestCase->runBare, Yoast\PHPUnitPolyfills\TestCases\TestCase->setUp, CinebotWp\Tests\Integration\TitoliListPageTest->set_up, CinebotWp\Tests\Integration\TitoliListPageTest->clear_tables
WordPress database error Table 'wordpress_test.wptests_cinebot_settori' doesn't exist for query DELETE FROM wptests_cinebot_settori made by include('phpvfscomposer:///plugin/vendor/phpunit/phpunit/phpunit'), PHPUnit\TextUI\Command::main, PHPUnit\TextUI\Command->run, PHPUnit\TextUI\TestRunner->run, PHPUnit\Framework\TestSuite->run, PHPUnit\Framework\TestSuite->run, PHPUnit\Framework\TestSuite->run, PHPUnit\Framework\TestCase->run, PHPUnit\Framework\TestResult->run, PHPUnit\Framework\TestCase->runBare, Yoast\PHPUnitPolyfills\TestCases\TestCase->setUp, CinebotWp\Tests\Integration\TitoliListPageTest->set_up, CinebotWp\Tests\Integration\TitoliListPageTest->clear_tables
WordPress database error Table 'wordpress_test.wptests_cinebot_prezzi' doesn't exist for query DELETE FROM wptests_cinebot_prezzi made by include('phpvfscomposer:///plugin/vendor/phpunit/phpunit/phpunit'), PHPUnit\TextUI\Command::main, PHPUnit\TextUI\Command->run, PHPUnit\TextUI\TestRunner->run, PHPUnit\Framework\TestSuite->run, PHPUnit\Framework\TestSuite->run, PHPUnit\Framework\TestSuite->run, PHPUnit\Framework\TestCase->run, PHPUnit\Framework\TestResult->run, PHPUnit\Framework\TestCase->runBare, Yoast\PHPUnitPolyfills\TestCases\TestCase->tearDown, CinebotWp\Tests\Integration\TitoliListPageTest->tear_down, CinebotWp\Tests\Integration\TitoliListPageTest->clear_tables
WordPress database error Table 'wordpress_test.wptests_cinebot_settori' doesn't exist for query DELETE FROM wptests_cinebot_settori made by include('phpvfscomposer:///plugin/vendor/phpunit/phpunit/phpunit'), PHPUnit\TextUI\Command::main, PHPUnit\TextUI\Command->run, PHPUnit\TextUI\TestRunner->run, PHPUnit\Framework\TestSuite->run, PHPUnit\Framework\TestSuite->run, PHPUnit\Framework\TestSuite->run, PHPUnit\Framework\TestCase->run, PHPUnit\Framework\TestResult->run, PHPUnit\Framework\TestCase->runBare, Yoast\PHPUnitPolyfills\TestCases\TestCase->tearDown, CinebotWp\Tests\Integration\TitoliListPageTest->tear_down, CinebotWp\Tests\Integration\TitoliListPageTest->clear_tables
E<div id="error"><p class="wpdberror"><strong>WordPress database error:</strong> [Table &#039;wordpress_test.wptests_cinebot_prezzi&#039; doesn&#039;t exist]<br /><code>DELETE FROM wptests_cinebot_prezzi</code></p></div><div id="error"><p class="wpdberror"><strong>WordPress database error:</strong> [Table &#039;wordpress_test.wptests_cinebot_settori&#039; doesn&#039;t exist]<br /><code>DELETE FROM wptests_cinebot_settori</code></p></div><div id="error"><p class="wpdberror"><strong>WordPress database error:</strong> [Table &#039;wordpress_test.wptests_cinebot_prezzi&#039; doesn&#039;t exist]<br /><code>DELETE FROM wptests_cinebot_prezzi</code></p></div><div id="error"><p class="wpdberror"><strong>WordPress database error:</strong> [Table &#039;wordpress_test.wptests_cinebot_settori&#039; doesn&#039;t exist]<br /><code>DELETE FROM wptests_cinebot_settori</code></p></div>WordPress database error Table 'wordpress_test.wptests_cinebot_prezzi' doesn't exist for query DELETE FROM wptests_cinebot_prezzi made by include('phpvfscomposer:///plugin/vendor/phpunit/phpunit/phpunit'), PHPUnit\TextUI\Command::main, PHPUnit\TextUI\Command->run, PHPUnit\TextUI\TestRunner->run, PHPUnit\Framework\TestSuite->run, PHPUnit\Framework\TestSuite->run, PHPUnit\Framework\TestSuite->run, PHPUnit\Framework\TestCase->run, PHPUnit\Framework\TestResult->run, PHPUnit\Framework\TestCase->runBare, Yoast\PHPUnitPolyfills\TestCases\TestCase->setUp, CinebotWp\Tests\Integration\TitoliListPageTest->set_up, CinebotWp\Tests\Integration\TitoliListPageTest->clear_tables
WordPress database error Table 'wordpress_test.wptests_cinebot_settori' doesn't exist for query DELETE FROM wptests_cinebot_settori made by include('phpvfscomposer:///plugin/vendor/phpunit/phpunit/phpunit'), PHPUnit\TextUI\Command::main, PHPUnit\TextUI\Command->run, PHPUnit\TextUI\TestRunner->run, PHPUnit\Framework\TestSuite->run, PHPUnit\Framework\TestSuite->run, PHPUnit\Framework\TestSuite->run, PHPUnit\Framework\TestCase->run, PHPUnit\Framework\TestResult->run, PHPUnit\Framework\TestCase->runBare, Yoast\PHPUnitPolyfills\TestCases\TestCase->setUp, CinebotWp\Tests\Integration\TitoliListPageTest->set_up, CinebotWp\Tests\Integration\TitoliListPageTest->clear_tables
WordPress database error Table 'wordpress_test.wptests_cinebot_prezzi' doesn't exist for query DELETE FROM wptests_cinebot_prezzi made by include('phpvfscomposer:///plugin/vendor/phpunit/phpunit/phpunit'), PHPUnit\TextUI\Command::main, PHPUnit\TextUI\Command->run, PHPUnit\TextUI\TestRunner->run, PHPUnit\Framework\TestSuite->run, PHPUnit\Framework\TestSuite->run, PHPUnit\Framework\TestSuite->run, PHPUnit\Framework\TestCase->run, PHPUnit\Framework\TestResult->run, PHPUnit\Framework\TestCase->runBare, Yoast\PHPUnitPolyfills\TestCases\TestCase->tearDown, CinebotWp\Tests\Integration\TitoliListPageTest->tear_down, CinebotWp\Tests\Integration\TitoliListPageTest->clear_tables
WordPress database error Table 'wordpress_test.wptests_cinebot_settori' doesn't exist for query DELETE FROM wptests_cinebot_settori made by include('phpvfscomposer:///plugin/vendor/phpunit/phpunit/phpunit'), PHPUnit\TextUI\Command::main, PHPUnit\TextUI\Command->run, PHPUnit\TextUI\TestRunner->run, PHPUnit\Framework\TestSuite->run, PHPUnit\Framework\TestSuite->run, PHPUnit\Framework\TestSuite->run, PHPUnit\Framework\TestCase->run, PHPUnit\Framework\TestResult->run, PHPUnit\Framework\TestCase->runBare, Yoast\PHPUnitPolyfills\TestCases\TestCase->tearDown, CinebotWp\Tests\Integration\TitoliListPageTest->tear_down, CinebotWp\Tests\Integration\TitoliListPageTest->clear_tables
E<div id="error"><p class="wpdberror"><strong>WordPress database error:</strong> [Table &#039;wordpress_test.wptests_cinebot_prezzi&#039; doesn&#039;t exist]<br /><code>DELETE FROM wptests_cinebot_prezzi</code></p></div><div id="error"><p class="wpdberror"><strong>WordPress database error:</strong> [Table &#039;wordpress_test.wptests_cinebot_settori&#039; doesn&#039;t exist]<br /><code>DELETE FROM wptests_cinebot_settori</code></p></div><div id="error"><p class="wpdberror"><strong>WordPress database error:</strong> [Table &#039;wordpress_test.wptests_cinebot_prezzi&#039; doesn&#039;t exist]<br /><code>DELETE FROM wptests_cinebot_prezzi</code></p></div><div id="error"><p class="wpdberror"><strong>WordPress database error:</strong> [Table &#039;wordpress_test.wptests_cinebot_settori&#039; doesn&#039;t exist]<br /><code>DELETE FROM wptests_cinebot_settori</code></p></div>WordPress database error Table 'wordpress_test.wptests_cinebot_prezzi' doesn't exist for query DELETE FROM wptests_cinebot_prezzi made by include('phpvfscomposer:///plugin/vendor/phpunit/phpunit/phpunit'), PHPUnit\TextUI\Command::main, PHPUnit\TextUI\Command->run, PHPUnit\TextUI\TestRunner->run, PHPUnit\Framework\TestSuite->run, PHPUnit\Framework\TestSuite->run, PHPUnit\Framework\TestSuite->run, PHPUnit\Framework\TestCase->run, PHPUnit\Framework\TestResult->run, PHPUnit\Framework\TestCase->runBare, Yoast\PHPUnitPolyfills\TestCases\TestCase->setUp, CinebotWp\Tests\Integration\TitoliListPageTest->set_up, CinebotWp\Tests\Integration\TitoliListPageTest->clear_tables
WordPress database error Table 'wordpress_test.wptests_cinebot_settori' doesn't exist for query DELETE FROM wptests_cinebot_settori made by include('phpvfscomposer:///plugin/vendor/phpunit/phpunit/phpunit'), PHPUnit\TextUI\Command::main, PHPUnit\TextUI\Command->run, PHPUnit\TextUI\TestRunner->run, PHPUnit\Framework\TestSuite->run, PHPUnit\Framework\TestSuite->run, PHPUnit\Framework\TestSuite->run, PHPUnit\Framework\TestCase->run, PHPUnit\Framework\TestResult->run, PHPUnit\Framework\TestCase->runBare, Yoast\PHPUnitPolyfills\TestCases\TestCase->setUp, CinebotWp\Tests\Integration\TitoliListPageTest->set_up, CinebotWp\Tests\Integration\TitoliListPageTest->clear_tables
WordPress database error Table 'wordpress_test.wptests_cinebot_prezzi' doesn't exist for query DELETE FROM wptests_cinebot_prezzi made by include('phpvfscomposer:///plugin/vendor/phpunit/phpunit/phpunit'), PHPUnit\TextUI\Command::main, PHPUnit\TextUI\Command->run, PHPUnit\TextUI\TestRunner->run, PHPUnit\Framework\TestSuite->run, PHPUnit\Framework\TestSuite->run, PHPUnit\Framework\TestSuite->run, PHPUnit\Framework\TestCase->run, PHPUnit\Framework\TestResult->run, PHPUnit\Framework\TestCase->runBare, Yoast\PHPUnitPolyfills\TestCases\TestCase->tearDown, CinebotWp\Tests\Integration\TitoliListPageTest->tear_down, CinebotWp\Tests\Integration\TitoliListPageTest->clear_tables
WordPress database error Table 'wordpress_test.wptests_cinebot_settori' doesn't exist for query DELETE FROM wptests_cinebot_settori made by include('phpvfscomposer:///plugin/vendor/phpunit/phpunit/phpunit'), PHPUnit\TextUI\Command::main, PHPUnit\TextUI\Command->run, PHPUnit\TextUI\TestRunner->run, PHPUnit\Framework\TestSuite->run, PHPUnit\Framework\TestSuite->run, PHPUnit\Framework\TestSuite->run, PHPUnit\Framework\TestCase->run, PHPUnit\Framework\TestResult->run, PHPUnit\Framework\TestCase->runBare, Yoast\PHPUnitPolyfills\TestCases\TestCase->tearDown, CinebotWp\Tests\Integration\TitoliListPageTest->tear_down, CinebotWp\Tests\Integration\TitoliListPageTest->clear_tables
E<div id="error"><p class="wpdberror"><strong>WordPress database error:</strong> [Table &#039;wordpress_test.wptests_cinebot_prezzi&#039; doesn&#039;t exist]<br /><code>DELETE FROM wptests_cinebot_prezzi</code></p></div><div id="error"><p class="wpdberror"><strong>WordPress database error:</strong> [Table &#039;wordpress_test.wptests_cinebot_settori&#039; doesn&#039;t exist]<br /><code>DELETE FROM wptests_cinebot_settori</code></p></div><div id="error"><p class="wpdberror"><strong>WordPress database error:</strong> [Table &#039;wordpress_test.wptests_cinebot_prezzi&#039; doesn&#039;t exist]<br /><code>DELETE FROM wptests_cinebot_prezzi</code></p></div><div id="error"><p class="wpdberror"><strong>WordPress database error:</strong> [Table &#039;wordpress_test.wptests_cinebot_settori&#039; doesn&#039;t exist]<br /><code>DELETE FROM wptests_cinebot_settori</code></p></div>WordPress database error Table 'wordpress_test.wptests_cinebot_prezzi' doesn't exist for query DELETE FROM wptests_cinebot_prezzi made by include('phpvfscomposer:///plugin/vendor/phpunit/phpunit/phpunit'), PHPUnit\TextUI\Command::main, PHPUnit\TextUI\Command->run, PHPUnit\TextUI\TestRunner->run, PHPUnit\Framework\TestSuite->run, PHPUnit\Framework\TestSuite->run, PHPUnit\Framework\TestSuite->run, PHPUnit\Framework\TestCase->run, PHPUnit\Framework\TestResult->run, PHPUnit\Framework\TestCase->runBare, Yoast\PHPUnitPolyfills\TestCases\TestCase->setUp, CinebotWp\Tests\Integration\TitoliListPageTest->set_up, CinebotWp\Tests\Integration\TitoliListPageTest->clear_tables
WordPress database error Table 'wordpress_test.wptests_cinebot_settori' doesn't exist for query DELETE FROM wptests_cinebot_settori made by include('phpvfscomposer:///plugin/vendor/phpunit/phpunit/phpunit'), PHPUnit\TextUI\Command::main, PHPUnit\TextUI\Command->run, PHPUnit\TextUI\TestRunner->run, PHPUnit\Framework\TestSuite->run, PHPUnit\Framework\TestSuite->run, PHPUnit\Framework\TestSuite->run, PHPUnit\Framework\TestCase->run, PHPUnit\Framework\TestResult->run, PHPUnit\Framework\TestCase->runBare, Yoast\PHPUnitPolyfills\TestCases\TestCase->setUp, CinebotWp\Tests\Integration\TitoliListPageTest->set_up, CinebotWp\Tests\Integration\TitoliListPageTest->clear_tables
WordPress database error Table 'wordpress_test.wptests_cinebot_prezzi' doesn't exist for query DELETE FROM wptests_cinebot_prezzi made by include('phpvfscomposer:///plugin/vendor/phpunit/phpunit/phpunit'), PHPUnit\TextUI\Command::main, PHPUnit\TextUI\Command->run, PHPUnit\TextUI\TestRunner->run, PHPUnit\Framework\TestSuite->run, PHPUnit\Framework\TestSuite->run, PHPUnit\Framework\TestSuite->run, PHPUnit\Framework\TestCase->run, PHPUnit\Framework\TestResult->run, PHPUnit\Framework\TestCase->runBare, Yoast\PHPUnitPolyfills\TestCases\TestCase->tearDown, CinebotWp\Tests\Integration\TitoliListPageTest->tear_down, CinebotWp\Tests\Integration\TitoliListPageTest->clear_tables
WordPress database error Table 'wordpress_test.wptests_cinebot_settori' doesn't exist for query DELETE FROM wptests_cinebot_settori made by include('phpvfscomposer:///plugin/vendor/phpunit/phpunit/phpunit'), PHPUnit\TextUI\Command::main, PHPUnit\TextUI\Command->run, PHPUnit\TextUI\TestRunner->run, PHPUnit\Framework\TestSuite->run, PHPUnit\Framework\TestSuite->run, PHPUnit\Framework\TestSuite->run, PHPUnit\Framework\TestCase->run, PHPUnit\Framework\TestResult->run, PHPUnit\Framework\TestCase->runBare, Yoast\PHPUnitPolyfills\TestCases\TestCase->tearDown, CinebotWp\Tests\Integration\TitoliListPageTest->tear_down, CinebotWp\Tests\Integration\TitoliListPageTest->clear_tables
E<div id="error"><p class="wpdberror"><strong>WordPress database error:</strong> [Table &#039;wordpress_test.wptests_cinebot_prezzi&#039; doesn&#039;t exist]<br /><code>DELETE FROM wptests_cinebot_prezzi</code></p></div><div id="error"><p class="wpdberror"><strong>WordPress database error:</strong> [Table &#039;wordpress_test.wptests_cinebot_settori&#039; doesn&#039;t exist]<br /><code>DELETE FROM wptests_cinebot_settori</code></p></div><div id="error"><p class="wpdberror"><strong>WordPress database error:</strong> [Table &#039;wordpress_test.wptests_cinebot_prezzi&#039; doesn&#039;t exist]<br /><code>DELETE FROM wptests_cinebot_prezzi</code></p></div><div id="error"><p class="wpdberror"><strong>WordPress database error:</strong> [Table &#039;wordpress_test.wptests_cinebot_settori&#039; doesn&#039;t exist]<br /><code>DELETE FROM wptests_cinebot_settori</code></p></div>WordPress database error Table 'wordpress_test.wptests_cinebot_prezzi' doesn't exist for query DELETE FROM wptests_cinebot_prezzi made by include('phpvfscomposer:///plugin/vendor/phpunit/phpunit/phpunit'), PHPUnit\TextUI\Command::main, PHPUnit\TextUI\Command->run, PHPUnit\TextUI\TestRunner->run, PHPUnit\Framework\TestSuite->run, PHPUnit\Framework\TestSuite->run, PHPUnit\Framework\TestSuite->run, PHPUnit\Framework\TestCase->run, PHPUnit\Framework\TestResult->run, PHPUnit\Framework\TestCase->runBare, Yoast\PHPUnitPolyfills\TestCases\TestCase->setUp, CinebotWp\Tests\Integration\TitoliListPageTest->set_up, CinebotWp\Tests\Integration\TitoliListPageTest->clear_tables
WordPress database error Table 'wordpress_test.wptests_cinebot_settori' doesn't exist for query DELETE FROM wptests_cinebot_settori made by include('phpvfscomposer:///plugin/vendor/phpunit/phpunit/phpunit'), PHPUnit\TextUI\Command::main, PHPUnit\TextUI\Command->run, PHPUnit\TextUI\TestRunner->run, PHPUnit\Framework\TestSuite->run, PHPUnit\Framework\TestSuite->run, PHPUnit\Framework\TestSuite->run, PHPUnit\Framework\TestCase->run, PHPUnit\Framework\TestResult->run, PHPUnit\Framework\TestCase->runBare, Yoast\PHPUnitPolyfills\TestCases\TestCase->setUp, CinebotWp\Tests\Integration\TitoliListPageTest->set_up, CinebotWp\Tests\Integration\TitoliListPageTest->clear_tables
WordPress database error Table 'wordpress_test.wptests_cinebot_prezzi' doesn't exist for query DELETE FROM wptests_cinebot_prezzi made by include('phpvfscomposer:///plugin/vendor/phpunit/phpunit/phpunit'), PHPUnit\TextUI\Command::main, PHPUnit\TextUI\Command->run, PHPUnit\TextUI\TestRunner->run, PHPUnit\Framework\TestSuite->run, PHPUnit\Framework\TestSuite->run, PHPUnit\Framework\TestSuite->run, PHPUnit\Framework\TestCase->run, PHPUnit\Framework\TestResult->run, PHPUnit\Framework\TestCase->runBare, Yoast\PHPUnitPolyfills\TestCases\TestCase->tearDown, CinebotWp\Tests\Integration\TitoliListPageTest->tear_down, CinebotWp\Tests\Integration\TitoliListPageTest->clear_tables
WordPress database error Table 'wordpress_test.wptests_cinebot_settori' doesn't exist for query DELETE FROM wptests_cinebot_settori made by include('phpvfscomposer:///plugin/vendor/phpunit/phpunit/phpunit'), PHPUnit\TextUI\Command::main, PHPUnit\TextUI\Command->run, PHPUnit\TextUI\TestRunner->run, PHPUnit\Framework\TestSuite->run, PHPUnit\Framework\TestSuite->run, PHPUnit\Framework\TestSuite->run, PHPUnit\Framework\TestCase->run, PHPUnit\Framework\TestResult->run, PHPUnit\Framework\TestCase->runBare, Yoast\PHPUnitPolyfills\TestCases\TestCase->tearDown, CinebotWp\Tests\Integration\TitoliListPageTest->tear_down, CinebotWp\Tests\Integration\TitoliListPageTest->clear_tables
E<div id="error"><p class="wpdberror"><strong>WordPress database error:</strong> [Table &#039;wordpress_test.wptests_cinebot_prezzi&#039; doesn&#039;t exist]<br /><code>DELETE FROM wptests_cinebot_prezzi</code></p></div><div id="error"><p class="wpdberror"><strong>WordPress database error:</strong> [Table &#039;wordpress_test.wptests_cinebot_settori&#039; doesn&#039;t exist]<br /><code>DELETE FROM wptests_cinebot_settori</code></p></div><div id="error"><p class="wpdberror"><strong>WordPress database error:</strong> [Table &#039;wordpress_test.wptests_cinebot_prezzi&#039; doesn&#039;t exist]<br /><code>DELETE FROM wptests_cinebot_prezzi</code></p></div><div id="error"><p class="wpdberror"><strong>WordPress database error:</strong> [Table &#039;wordpress_test.wptests_cinebot_settori&#039; doesn&#039;t exist]<br /><code>DELETE FROM wptests_cinebot_settori</code></p></div>WordPress database error Table 'wordpress_test.wptests_cinebot_prezzi' doesn't exist for query DELETE FROM wptests_cinebot_prezzi made by include('phpvfscomposer:///plugin/vendor/phpunit/phpunit/phpunit'), PHPUnit\TextUI\Command::main, PHPUnit\TextUI\Command->run, PHPUnit\TextUI\TestRunner->run, PHPUnit\Framework\TestSuite->run, PHPUnit\Framework\TestSuite->run, PHPUnit\Framework\TestSuite->run, PHPUnit\Framework\TestCase->run, PHPUnit\Framework\TestResult->run, PHPUnit\Framework\TestCase->runBare, Yoast\PHPUnitPolyfills\TestCases\TestCase->setUp, CinebotWp\Tests\Integration\TitoliListPageTest->set_up, CinebotWp\Tests\Integration\TitoliListPageTest->clear_tables
WordPress database error Table 'wordpress_test.wptests_cinebot_settori' doesn't exist for query DELETE FROM wptests_cinebot_settori made by include('phpvfscomposer:///plugin/vendor/phpunit/phpunit/phpunit'), PHPUnit\TextUI\Command::main, PHPUnit\TextUI\Command->run, PHPUnit\TextUI\TestRunner->run, PHPUnit\Framework\TestSuite->run, PHPUnit\Framework\TestSuite->run, PHPUnit\Framework\TestSuite->run, PHPUnit\Framework\TestCase->run, PHPUnit\Framework\TestResult->run, PHPUnit\Framework\TestCase->runBare, Yoast\PHPUnitPolyfills\TestCases\TestCase->setUp, CinebotWp\Tests\Integration\TitoliListPageTest->set_up, CinebotWp\Tests\Integration\TitoliListPageTest->clear_tables
WordPress database error Table 'wordpress_test.wptests_cinebot_prezzi' doesn't exist for query DELETE FROM wptests_cinebot_prezzi made by include('phpvfscomposer:///plugin/vendor/phpunit/phpunit/phpunit'), PHPUnit\TextUI\Command::main, PHPUnit\TextUI\Command->run, PHPUnit\TextUI\TestRunner->run, PHPUnit\Framework\TestSuite->run, PHPUnit\Framework\TestSuite->run, PHPUnit\Framework\TestSuite->run, PHPUnit\Framework\TestCase->run, PHPUnit\Framework\TestResult->run, PHPUnit\Framework\TestCase->runBare, Yoast\PHPUnitPolyfills\TestCases\TestCase->tearDown, CinebotWp\Tests\Integration\TitoliListPageTest->tear_down, CinebotWp\Tests\Integration\TitoliListPageTest->clear_tables
WordPress database error Table 'wordpress_test.wptests_cinebot_settori' doesn't exist for query DELETE FROM wptests_cinebot_settori made by include('phpvfscomposer:///plugin/vendor/phpunit/phpunit/phpunit'), PHPUnit\TextUI\Command::main, PHPUnit\TextUI\Command->run, PHPUnit\TextUI\TestRunner->run, PHPUnit\Framework\TestSuite->run, PHPUnit\Framework\TestSuite->run, PHPUnit\Framework\TestSuite->run, PHPUnit\Framework\TestCase->run, PHPUnit\Framework\TestResult->run, PHPUnit\Framework\TestCase->runBare, Yoast\PHPUnitPolyfills\TestCases\TestCase->tearDown, CinebotWp\Tests\Integration\TitoliListPageTest->tear_down, CinebotWp\Tests\Integration\TitoliListPageTest->clear_tables
E<div id="error"><p class="wpdberror"><strong>WordPress database error:</strong> [Table &#039;wordpress_test.wptests_cinebot_prezzi&#039; doesn&#039;t exist]<br /><code>DELETE FROM wptests_cinebot_prezzi</code></p></div><div id="error"><p class="wpdberror"><strong>WordPress database error:</strong> [Table &#039;wordpress_test.wptests_cinebot_settori&#039; doesn&#039;t exist]<br /><code>DELETE FROM wptests_cinebot_settori</code></p></div><div id="error"><p class="wpdberror"><strong>WordPress database error:</strong> [Table &#039;wordpress_test.wptests_cinebot_prezzi&#039; doesn&#039;t exist]<br /><code>DELETE FROM wptests_cinebot_prezzi</code></p></div><div id="error"><p class="wpdberror"><strong>WordPress database error:</strong> [Table &#039;wordpress_test.wptests_cinebot_settori&#039; doesn&#039;t exist]<br /><code>DELETE FROM wptests_cinebot_settori</code></p></div>WordPress database error Table 'wordpress_test.wptests_cinebot_prezzi' doesn't exist for query DELETE FROM wptests_cinebot_prezzi made by include('phpvfscomposer:///plugin/vendor/phpunit/phpunit/phpunit'), PHPUnit\TextUI\Command::main, PHPUnit\TextUI\Command->run, PHPUnit\TextUI\TestRunner->run, PHPUnit\Framework\TestSuite->run, PHPUnit\Framework\TestSuite->run, PHPUnit\Framework\TestSuite->run, PHPUnit\Framework\TestCase->run, PHPUnit\Framework\TestResult->run, PHPUnit\Framework\TestCase->runBare, Yoast\PHPUnitPolyfills\TestCases\TestCase->setUp, CinebotWp\Tests\Integration\TitoliListPageTest->set_up, CinebotWp\Tests\Integration\TitoliListPageTest->clear_tables
WordPress database error Table 'wordpress_test.wptests_cinebot_settori' doesn't exist for query DELETE FROM wptests_cinebot_settori made by include('phpvfscomposer:///plugin/vendor/phpunit/phpunit/phpunit'), PHPUnit\TextUI\Command::main, PHPUnit\TextUI\Command->run, PHPUnit\TextUI\TestRunner->run, PHPUnit\Framework\TestSuite->run, PHPUnit\Framework\TestSuite->run, PHPUnit\Framework\TestSuite->run, PHPUnit\Framework\TestCase->run, PHPUnit\Framework\TestResult->run, PHPUnit\Framework\TestCase->runBare, Yoast\PHPUnitPolyfills\TestCases\TestCase->setUp, CinebotWp\Tests\Integration\TitoliListPageTest->set_up, CinebotWp\Tests\Integration\TitoliListPageTest->clear_tables
WordPress database error Table 'wordpress_test.wptests_cinebot_prezzi' doesn't exist for query DELETE FROM wptests_cinebot_prezzi made by include('phpvfscomposer:///plugin/vendor/phpunit/phpunit/phpunit'), PHPUnit\TextUI\Command::main, PHPUnit\TextUI\Command->run, PHPUnit\TextUI\TestRunner->run, PHPUnit\Framework\TestSuite->run, PHPUnit\Framework\TestSuite->run, PHPUnit\Framework\TestSuite->run, PHPUnit\Framework\TestCase->run, PHPUnit\Framework\TestResult->run, PHPUnit\Framework\TestCase->runBare, Yoast\PHPUnitPolyfills\TestCases\TestCase->tearDown, CinebotWp\Tests\Integration\TitoliListPageTest->tear_down, CinebotWp\Tests\Integration\TitoliListPageTest->clear_tables
WordPress database error Table 'wordpress_test.wptests_cinebot_settori' doesn't exist for query DELETE FROM wptests_cinebot_settori made by include('phpvfscomposer:///plugin/vendor/phpunit/phpunit/phpunit'), PHPUnit\TextUI\Command::main, PHPUnit\TextUI\Command->run, PHPUnit\TextUI\TestRunner->run, PHPUnit\Framework\TestSuite->run, PHPUnit\Framework\TestSuite->run, PHPUnit\Framework\TestSuite->run, PHPUnit\Framework\TestCase->run, PHPUnit\Framework\TestResult->run, PHPUnit\Framework\TestCase->runBare, Yoast\PHPUnitPolyfills\TestCases\TestCase->tearDown, CinebotWp\Tests\Integration\TitoliListPageTest->tear_down, CinebotWp\Tests\Integration\TitoliListPageTest->clear_tables
E<div id="error"><p class="wpdberror"><strong>WordPress database error:</strong> [Table &#039;wordpress_test.wptests_cinebot_prezzi&#039; doesn&#039;t exist]<br /><code>DELETE FROM wptests_cinebot_prezzi</code></p></div><div id="error"><p class="wpdberror"><strong>WordPress database error:</strong> [Table &#039;wordpress_test.wptests_cinebot_settori&#039; doesn&#039;t exist]<br /><code>DELETE FROM wptests_cinebot_settori</code></p></div><div id="error"><p class="wpdberror"><strong>WordPress database error:</strong> [Table &#039;wordpress_test.wptests_cinebot_prezzi&#039; doesn&#039;t exist]<br /><code>DELETE FROM wptests_cinebot_prezzi</code></p></div><div id="error"><p class="wpdberror"><strong>WordPress database error:</strong> [Table &#039;wordpress_test.wptests_cinebot_settori&#039; doesn&#039;t exist]<br /><code>DELETE FROM wptests_cinebot_settori</code></p></div>WordPress database error Table 'wordpress_test.wptests_cinebot_prezzi' doesn't exist for query DELETE FROM wptests_cinebot_prezzi made by include('phpvfscomposer:///plugin/vendor/phpunit/phpunit/phpunit'), PHPUnit\TextUI\Command::main, PHPUnit\TextUI\Command->run, PHPUnit\TextUI\TestRunner->run, PHPUnit\Framework\TestSuite->run, PHPUnit\Framework\TestSuite->run, PHPUnit\Framework\TestSuite->run, PHPUnit\Framework\TestCase->run, PHPUnit\Framework\TestResult->run, PHPUnit\Framework\TestCase->runBare, Yoast\PHPUnitPolyfills\TestCases\TestCase->setUp, CinebotWp\Tests\Integration\TitoloEditPageTest->set_up, CinebotWp\Tests\Integration\TitoloEditPageTest->clear_tables
WordPress database error Table 'wordpress_test.wptests_cinebot_settori' doesn't exist for query DELETE FROM wptests_cinebot_settori made by include('phpvfscomposer:///plugin/vendor/phpunit/phpunit/phpunit'), PHPUnit\TextUI\Command::main, PHPUnit\TextUI\Command->run, PHPUnit\TextUI\TestRunner->run, PHPUnit\Framework\TestSuite->run, PHPUnit\Framework\TestSuite->run, PHPUnit\Framework\TestSuite->run, PHPUnit\Framework\TestCase->run, PHPUnit\Framework\TestResult->run, PHPUnit\Framework\TestCase->runBare, Yoast\PHPUnitPolyfills\TestCases\TestCase->setUp, CinebotWp\Tests\Integration\TitoloEditPageTest->set_up, CinebotWp\Tests\Integration\TitoloEditPageTest->clear_tables
WordPress database error Table 'wordpress_test.wptests_cinebot_prezzi' doesn't exist for query DELETE FROM wptests_cinebot_prezzi made by include('phpvfscomposer:///plugin/vendor/phpunit/phpunit/phpunit'), PHPUnit\TextUI\Command::main, PHPUnit\TextUI\Command->run, PHPUnit\TextUI\TestRunner->run, PHPUnit\Framework\TestSuite->run, PHPUnit\Framework\TestSuite->run, PHPUnit\Framework\TestSuite->run, PHPUnit\Framework\TestCase->run, PHPUnit\Framework\TestResult->run, PHPUnit\Framework\TestCase->runBare, Yoast\PHPUnitPolyfills\TestCases\TestCase->tearDown, CinebotWp\Tests\Integration\TitoloEditPageTest->tear_down, CinebotWp\Tests\Integration\TitoloEditPageTest->clear_tables
WordPress database error Table 'wordpress_test.wptests_cinebot_settori' doesn't exist for query DELETE FROM wptests_cinebot_settori made by include('phpvfscomposer:///plugin/vendor/phpunit/phpunit/phpunit'), PHPUnit\TextUI\Command::main, PHPUnit\TextUI\Command->run, PHPUnit\TextUI\TestRunner->run, PHPUnit\Framework\TestSuite->run, PHPUnit\Framework\TestSuite->run, PHPUnit\Framework\TestSuite->run, PHPUnit\Framework\TestCase->run, PHPUnit\Framework\TestResult->run, PHPUnit\Framework\TestCase->runBare, Yoast\PHPUnitPolyfills\TestCases\TestCase->tearDown, CinebotWp\Tests\Integration\TitoloEditPageTest->tear_down, CinebotWp\Tests\Integration\TitoloEditPageTest->clear_tables
E<div id="error"><p class="wpdberror"><strong>WordPress database error:</strong> [Table &#039;wordpress_test.wptests_cinebot_prezzi&#039; doesn&#039;t exist]<br /><code>DELETE FROM wptests_cinebot_prezzi</code></p></div><div id="error"><p class="wpdberror"><strong>WordPress database error:</strong> [Table &#039;wordpress_test.wptests_cinebot_settori&#039; doesn&#039;t exist]<br /><code>DELETE FROM wptests_cinebot_settori</code></p></div><div id="error"><p class="wpdberror"><strong>WordPress database error:</strong> [Table &#039;wordpress_test.wptests_cinebot_prezzi&#039; doesn&#039;t exist]<br /><code>DELETE FROM wptests_cinebot_prezzi</code></p></div><div id="error"><p class="wpdberror"><strong>WordPress database error:</strong> [Table &#039;wordpress_test.wptests_cinebot_settori&#039; doesn&#039;t exist]<br /><code>DELETE FROM wptests_cinebot_settori</code></p></div>WordPress database error Table 'wordpress_test.wptests_cinebot_prezzi' doesn't exist for query DELETE FROM wptests_cinebot_prezzi made by include('phpvfscomposer:///plugin/vendor/phpunit/phpunit/phpunit'), PHPUnit\TextUI\Command::main, PHPUnit\TextUI\Command->run, PHPUnit\TextUI\TestRunner->run, PHPUnit\Framework\TestSuite->run, PHPUnit\Framework\TestSuite->run, PHPUnit\Framework\TestSuite->run, PHPUnit\Framework\TestCase->run, PHPUnit\Framework\TestResult->run, PHPUnit\Framework\TestCase->runBare, Yoast\PHPUnitPolyfills\TestCases\TestCase->setUp, CinebotWp\Tests\Integration\TitoloEditPageTest->set_up, CinebotWp\Tests\Integration\TitoloEditPageTest->clear_tables
WordPress database error Table 'wordpress_test.wptests_cinebot_settori' doesn't exist for query DELETE FROM wptests_cinebot_settori made by include('phpvfscomposer:///plugin/vendor/phpunit/phpunit/phpunit'), PHPUnit\TextUI\Command::main, PHPUnit\TextUI\Command->run, PHPUnit\TextUI\TestRunner->run, PHPUnit\Framework\TestSuite->run, PHPUnit\Framework\TestSuite->run, PHPUnit\Framework\TestSuite->run, PHPUnit\Framework\TestCase->run, PHPUnit\Framework\TestResult->run, PHPUnit\Framework\TestCase->runBare, Yoast\PHPUnitPolyfills\TestCases\TestCase->setUp, CinebotWp\Tests\Integration\TitoloEditPageTest->set_up, CinebotWp\Tests\Integration\TitoloEditPageTest->clear_tables
WordPress database error Table 'wordpress_test.wptests_cinebot_prezzi' doesn't exist for query DELETE FROM wptests_cinebot_prezzi made by include('phpvfscomposer:///plugin/vendor/phpunit/phpunit/phpunit'), PHPUnit\TextUI\Command::main, PHPUnit\TextUI\Command->run, PHPUnit\TextUI\TestRunner->run, PHPUnit\Framework\TestSuite->run, PHPUnit\Framework\TestSuite->run, PHPUnit\Framework\TestSuite->run, PHPUnit\Framework\TestCase->run, PHPUnit\Framework\TestResult->run, PHPUnit\Framework\TestCase->runBare, Yoast\PHPUnitPolyfills\TestCases\TestCase->tearDown, CinebotWp\Tests\Integration\TitoloEditPageTest->tear_down, CinebotWp\Tests\Integration\TitoloEditPageTest->clear_tables
WordPress database error Table 'wordpress_test.wptests_cinebot_settori' doesn't exist for query DELETE FROM wptests_cinebot_settori made by include('phpvfscomposer:///plugin/vendor/phpunit/phpunit/phpunit'), PHPUnit\TextUI\Command::main, PHPUnit\TextUI\Command->run, PHPUnit\TextUI\TestRunner->run, PHPUnit\Framework\TestSuite->run, PHPUnit\Framework\TestSuite->run, PHPUnit\Framework\TestSuite->run, PHPUnit\Framework\TestCase->run, PHPUnit\Framework\TestResult->run, PHPUnit\Framework\TestCase->runBare, Yoast\PHPUnitPolyfills\TestCases\TestCase->tearDown, CinebotWp\Tests\Integration\TitoloEditPageTest->tear_down, CinebotWp\Tests\Integration\TitoloEditPageTest->clear_tables
E<div id="error"><p class="wpdberror"><strong>WordPress database error:</strong> [Table &#039;wordpress_test.wptests_cinebot_prezzi&#039; doesn&#039;t exist]<br /><code>DELETE FROM wptests_cinebot_prezzi</code></p></div><div id="error"><p class="wpdberror"><strong>WordPress database error:</strong> [Table &#039;wordpress_test.wptests_cinebot_settori&#039; doesn&#039;t exist]<br /><code>DELETE FROM wptests_cinebot_settori</code></p></div><div id="error"><p class="wpdberror"><strong>WordPress database error:</strong> [Table &#039;wordpress_test.wptests_cinebot_prezzi&#039; doesn&#039;t exist]<br /><code>DELETE FROM wptests_cinebot_prezzi</code></p></div><div id="error"><p class="wpdberror"><strong>WordPress database error:</strong> [Table &#039;wordpress_test.wptests_cinebot_settori&#039; doesn&#039;t exist]<br /><code>DELETE FROM wptests_cinebot_settori</code></p></div>WordPress database error Table 'wordpress_test.wptests_cinebot_prezzi' doesn't exist for query DELETE FROM wptests_cinebot_prezzi made by include('phpvfscomposer:///plugin/vendor/phpunit/phpunit/phpunit'), PHPUnit\TextUI\Command::main, PHPUnit\TextUI\Command->run, PHPUnit\TextUI\TestRunner->run, PHPUnit\Framework\TestSuite->run, PHPUnit\Framework\TestSuite->run, PHPUnit\Framework\TestSuite->run, PHPUnit\Framework\TestCase->run, PHPUnit\Framework\TestResult->run, PHPUnit\Framework\TestCase->runBare, Yoast\PHPUnitPolyfills\TestCases\TestCase->setUp, CinebotWp\Tests\Integration\TitoloEditPageTest->set_up, CinebotWp\Tests\Integration\TitoloEditPageTest->clear_tables
WordPress database error Table 'wordpress_test.wptests_cinebot_settori' doesn't exist for query DELETE FROM wptests_cinebot_settori made by include('phpvfscomposer:///plugin/vendor/phpunit/phpunit/phpunit'), PHPUnit\TextUI\Command::main, PHPUnit\TextUI\Command->run, PHPUnit\TextUI\TestRunner->run, PHPUnit\Framework\TestSuite->run, PHPUnit\Framework\TestSuite->run, PHPUnit\Framework\TestSuite->run, PHPUnit\Framework\TestCase->run, PHPUnit\Framework\TestResult->run, PHPUnit\Framework\TestCase->runBare, Yoast\PHPUnitPolyfills\TestCases\TestCase->setUp, CinebotWp\Tests\Integration\TitoloEditPageTest->set_up, CinebotWp\Tests\Integration\TitoloEditPageTest->clear_tables
WordPress database error Table 'wordpress_test.wptests_cinebot_prezzi' doesn't exist for query DELETE FROM wptests_cinebot_prezzi made by include('phpvfscomposer:///plugin/vendor/phpunit/phpunit/phpunit'), PHPUnit\TextUI\Command::main, PHPUnit\TextUI\Command->run, PHPUnit\TextUI\TestRunner->run, PHPUnit\Framework\TestSuite->run, PHPUnit\Framework\TestSuite->run, PHPUnit\Framework\TestSuite->run, PHPUnit\Framework\TestCase->run, PHPUnit\Framework\TestResult->run, PHPUnit\Framework\TestCase->runBare, Yoast\PHPUnitPolyfills\TestCases\TestCase->tearDown, CinebotWp\Tests\Integration\TitoloEditPageTest->tear_down, CinebotWp\Tests\Integration\TitoloEditPageTest->clear_tables
WordPress database error Table 'wordpress_test.wptests_cinebot_settori' doesn't exist for query DELETE FROM wptests_cinebot_settori made by include('phpvfscomposer:///plugin/vendor/phpunit/phpunit/phpunit'), PHPUnit\TextUI\Command::main, PHPUnit\TextUI\Command->run, PHPUnit\TextUI\TestRunner->run, PHPUnit\Framework\TestSuite->run, PHPUnit\Framework\TestSuite->run, PHPUnit\Framework\TestSuite->run, PHPUnit\Framework\TestCase->run, PHPUnit\Framework\TestResult->run, PHPUnit\Framework\TestCase->runBare, Yoast\PHPUnitPolyfills\TestCases\TestCase->tearDown, CinebotWp\Tests\Integration\TitoloEditPageTest->tear_down, CinebotWp\Tests\Integration\TitoloEditPageTest->clear_tables
E<div id="error"><p class="wpdberror"><strong>WordPress database error:</strong> [Table &#039;wordpress_test.wptests_cinebot_prezzi&#039; doesn&#039;t exist]<br /><code>DELETE FROM wptests_cinebot_prezzi</code></p></div><div id="error"><p class="wpdberror"><strong>WordPress database error:</strong> [Table &#039;wordpress_test.wptests_cinebot_settori&#039; doesn&#039;t exist]<br /><code>DELETE FROM wptests_cinebot_settori</code></p></div><div id="error"><p class="wpdberror"><strong>WordPress database error:</strong> [Table &#039;wordpress_test.wptests_cinebot_prezzi&#039; doesn&#039;t exist]<br /><code>DELETE FROM wptests_cinebot_prezzi</code></p></div><div id="error"><p class="wpdberror"><strong>WordPress database error:</strong> [Table &#039;wordpress_test.wptests_cinebot_settori&#039; doesn&#039;t exist]<br /><code>DELETE FROM wptests_cinebot_settori</code></p></div>WordPress database error Table 'wordpress_test.wptests_cinebot_prezzi' doesn't exist for query DELETE FROM wptests_cinebot_prezzi made by include('phpvfscomposer:///plugin/vendor/phpunit/phpunit/phpunit'), PHPUnit\TextUI\Command::main, PHPUnit\TextUI\Command->run, PHPUnit\TextUI\TestRunner->run, PHPUnit\Framework\TestSuite->run, PHPUnit\Framework\TestSuite->run, PHPUnit\Framework\TestSuite->run, PHPUnit\Framework\TestCase->run, PHPUnit\Framework\TestResult->run, PHPUnit\Framework\TestCase->runBare, Yoast\PHPUnitPolyfills\TestCases\TestCase->setUp, CinebotWp\Tests\Integration\TitoloEditPageTest->set_up, CinebotWp\Tests\Integration\TitoloEditPageTest->clear_tables
WordPress database error Table 'wordpress_test.wptests_cinebot_settori' doesn't exist for query DELETE FROM wptests_cinebot_settori made by include('phpvfscomposer:///plugin/vendor/phpunit/phpunit/phpunit'), PHPUnit\TextUI\Command::main, PHPUnit\TextUI\Command->run, PHPUnit\TextUI\TestRunner->run, PHPUnit\Framework\TestSuite->run, PHPUnit\Framework\TestSuite->run, PHPUnit\Framework\TestSuite->run, PHPUnit\Framework\TestCase->run, PHPUnit\Framework\TestResult->run, PHPUnit\Framework\TestCase->runBare, Yoast\PHPUnitPolyfills\TestCases\TestCase->setUp, CinebotWp\Tests\Integration\TitoloEditPageTest->set_up, CinebotWp\Tests\Integration\TitoloEditPageTest->clear_tables
WordPress database error Table 'wordpress_test.wptests_cinebot_prezzi' doesn't exist for query DELETE FROM wptests_cinebot_prezzi made by include('phpvfscomposer:///plugin/vendor/phpunit/phpunit/phpunit'), PHPUnit\TextUI\Command::main, PHPUnit\TextUI\Command->run, PHPUnit\TextUI\TestRunner->run, PHPUnit\Framework\TestSuite->run, PHPUnit\Framework\TestSuite->run, PHPUnit\Framework\TestSuite->run, PHPUnit\Framework\TestCase->run, PHPUnit\Framework\TestResult->run, PHPUnit\Framework\TestCase->runBare, Yoast\PHPUnitPolyfills\TestCases\TestCase->tearDown, CinebotWp\Tests\Integration\TitoloEditPageTest->tear_down, CinebotWp\Tests\Integration\TitoloEditPageTest->clear_tables
WordPress database error Table 'wordpress_test.wptests_cinebot_settori' doesn't exist for query DELETE FROM wptests_cinebot_settori made by include('phpvfscomposer:///plugin/vendor/phpunit/phpunit/phpunit'), PHPUnit\TextUI\Command::main, PHPUnit\TextUI\Command->run, PHPUnit\TextUI\TestRunner->run, PHPUnit\Framework\TestSuite->run, PHPUnit\Framework\TestSuite->run, PHPUnit\Framework\TestSuite->run, PHPUnit\Framework\TestCase->run, PHPUnit\Framework\TestResult->run, PHPUnit\Framework\TestCase->runBare, Yoast\PHPUnitPolyfills\TestCases\TestCase->tearDown, CinebotWp\Tests\Integration\TitoloEditPageTest->tear_down, CinebotWp\Tests\Integration\TitoloEditPageTest->clear_tables
E<div id="error"><p class="wpdberror"><strong>WordPress database error:</strong> [Table &#039;wordpress_test.wptests_cinebot_prezzi&#039; doesn&#039;t exist]<br /><code>DELETE FROM wptests_cinebot_prezzi</code></p></div><div id="error"><p class="wpdberror"><strong>WordPress database error:</strong> [Table &#039;wordpress_test.wptests_cinebot_settori&#039; doesn&#039;t exist]<br /><code>DELETE FROM wptests_cinebot_settori</code></p></div><div id="error"><p class="wpdberror"><strong>WordPress database error:</strong> [Table &#039;wordpress_test.wptests_cinebot_prezzi&#039; doesn&#039;t exist]<br /><code>DELETE FROM wptests_cinebot_prezzi</code></p></div><div id="error"><p class="wpdberror"><strong>WordPress database error:</strong> [Table &#039;wordpress_test.wptests_cinebot_settori&#039; doesn&#039;t exist]<br /><code>DELETE FROM wptests_cinebot_settori</code></p></div>WordPress database error Table 'wordpress_test.wptests_cinebot_prezzi' doesn't exist for query DELETE FROM wptests_cinebot_prezzi made by include('phpvfscomposer:///plugin/vendor/phpunit/phpunit/phpunit'), PHPUnit\TextUI\Command::main, PHPUnit\TextUI\Command->run, PHPUnit\TextUI\TestRunner->run, PHPUnit\Framework\TestSuite->run, PHPUnit\Framework\TestSuite->run, PHPUnit\Framework\TestSuite->run, PHPUnit\Framework\TestCase->run, PHPUnit\Framework\TestResult->run, PHPUnit\Framework\TestCase->runBare, Yoast\PHPUnitPolyfills\TestCases\TestCase->setUp, CinebotWp\Tests\Integration\TitoloEditPageTest->set_up, CinebotWp\Tests\Integration\TitoloEditPageTest->clear_tables
WordPress database error Table 'wordpress_test.wptests_cinebot_settori' doesn't exist for query DELETE FROM wptests_cinebot_settori made by include('phpvfscomposer:///plugin/vendor/phpunit/phpunit/phpunit'), PHPUnit\TextUI\Command::main, PHPUnit\TextUI\Command->run, PHPUnit\TextUI\TestRunner->run, PHPUnit\Framework\TestSuite->run, PHPUnit\Framework\TestSuite->run, PHPUnit\Framework\TestSuite->run, PHPUnit\Framework\TestCase->run, PHPUnit\Framework\TestResult->run, PHPUnit\Framework\TestCase->runBare, Yoast\PHPUnitPolyfills\TestCases\TestCase->setUp, CinebotWp\Tests\Integration\TitoloEditPageTest->set_up, CinebotWp\Tests\Integration\TitoloEditPageTest->clear_tables
WordPress database error Table 'wordpress_test.wptests_cinebot_prezzi' doesn't exist for query DELETE FROM wptests_cinebot_prezzi made by include('phpvfscomposer:///plugin/vendor/phpunit/phpunit/phpunit'), PHPUnit\TextUI\Command::main, PHPUnit\TextUI\Command->run, PHPUnit\TextUI\TestRunner->run, PHPUnit\Framework\TestSuite->run, PHPUnit\Framework\TestSuite->run, PHPUnit\Framework\TestSuite->run, PHPUnit\Framework\TestCase->run, PHPUnit\Framework\TestResult->run, PHPUnit\Framework\TestCase->runBare, Yoast\PHPUnitPolyfills\TestCases\TestCase->tearDown, CinebotWp\Tests\Integration\TitoloEditPageTest->tear_down, CinebotWp\Tests\Integration\TitoloEditPageTest->clear_tables
WordPress database error Table 'wordpress_test.wptests_cinebot_settori' doesn't exist for query DELETE FROM wptests_cinebot_settori made by include('phpvfscomposer:///plugin/vendor/phpunit/phpunit/phpunit'), PHPUnit\TextUI\Command::main, PHPUnit\TextUI\Command->run, PHPUnit\TextUI\TestRunner->run, PHPUnit\Framework\TestSuite->run, PHPUnit\Framework\TestSuite->run, PHPUnit\Framework\TestSuite->run, PHPUnit\Framework\TestCase->run, PHPUnit\Framework\TestResult->run, PHPUnit\Framework\TestCase->runBare, Yoast\PHPUnitPolyfills\TestCases\TestCase->tearDown, CinebotWp\Tests\Integration\TitoloEditPageTest->tear_down, CinebotWp\Tests\Integration\TitoloEditPageTest->clear_tables
E<div id="error"><p class="wpdberror"><strong>WordPress database error:</strong> [Table &#039;wordpress_test.wptests_cinebot_prezzi&#039; doesn&#039;t exist]<br /><code>DELETE FROM wptests_cinebot_prezzi</code></p></div><div id="error"><p class="wpdberror"><strong>WordPress database error:</strong> [Table &#039;wordpress_test.wptests_cinebot_settori&#039; doesn&#039;t exist]<br /><code>DELETE FROM wptests_cinebot_settori</code></p></div><div id="error"><p class="wpdberror"><strong>WordPress database error:</strong> [Table &#039;wordpress_test.wptests_cinebot_prezzi&#039; doesn&#039;t exist]<br /><code>DELETE FROM wptests_cinebot_prezzi</code></p></div><div id="error"><p class="wpdberror"><strong>WordPress database error:</strong> [Table &#039;wordpress_test.wptests_cinebot_settori&#039; doesn&#039;t exist]<br /><code>DELETE FROM wptests_cinebot_settori</code></p></div>WordPress database error Table 'wordpress_test.wptests_cinebot_prezzi' doesn't exist for query DELETE FROM wptests_cinebot_prezzi made by include('phpvfscomposer:///plugin/vendor/phpunit/phpunit/phpunit'), PHPUnit\TextUI\Command::main, PHPUnit\TextUI\Command->run, PHPUnit\TextUI\TestRunner->run, PHPUnit\Framework\TestSuite->run, PHPUnit\Framework\TestSuite->run, PHPUnit\Framework\TestSuite->run, PHPUnit\Framework\TestCase->run, PHPUnit\Framework\TestResult->run, PHPUnit\Framework\TestCase->runBare, Yoast\PHPUnitPolyfills\TestCases\TestCase->setUp, CinebotWp\Tests\Integration\TitoloEditPageTest->set_up, CinebotWp\Tests\Integration\TitoloEditPageTest->clear_tables
WordPress database error Table 'wordpress_test.wptests_cinebot_settori' doesn't exist for query DELETE FROM wptests_cinebot_settori made by include('phpvfscomposer:///plugin/vendor/phpunit/phpunit/phpunit'), PHPUnit\TextUI\Command::main, PHPUnit\TextUI\Command->run, PHPUnit\TextUI\TestRunner->run, PHPUnit\Framework\TestSuite->run, PHPUnit\Framework\TestSuite->run, PHPUnit\Framework\TestSuite->run, PHPUnit\Framework\TestCase->run, PHPUnit\Framework\TestResult->run, PHPUnit\Framework\TestCase->runBare, Yoast\PHPUnitPolyfills\TestCases\TestCase->setUp, CinebotWp\Tests\Integration\TitoloEditPageTest->set_up, CinebotWp\Tests\Integration\TitoloEditPageTest->clear_tables
WordPress database error Table 'wordpress_test.wptests_cinebot_prezzi' doesn't exist for query DELETE FROM wptests_cinebot_prezzi made by include('phpvfscomposer:///plugin/vendor/phpunit/phpunit/phpunit'), PHPUnit\TextUI\Command::main, PHPUnit\TextUI\Command->run, PHPUnit\TextUI\TestRunner->run, PHPUnit\Framework\TestSuite->run, PHPUnit\Framework\TestSuite->run, PHPUnit\Framework\TestSuite->run, PHPUnit\Framework\TestCase->run, PHPUnit\Framework\TestResult->run, PHPUnit\Framework\TestCase->runBare, Yoast\PHPUnitPolyfills\TestCases\TestCase->tearDown, CinebotWp\Tests\Integration\TitoloEditPageTest->tear_down, CinebotWp\Tests\Integration\TitoloEditPageTest->clear_tables
WordPress database error Table 'wordpress_test.wptests_cinebot_settori' doesn't exist for query DELETE FROM wptests_cinebot_settori made by include('phpvfscomposer:///plugin/vendor/phpunit/phpunit/phpunit'), PHPUnit\TextUI\Command::main, PHPUnit\TextUI\Command->run, PHPUnit\TextUI\TestRunner->run, PHPUnit\Framework\TestSuite->run, PHPUnit\Framework\TestSuite->run, PHPUnit\Framework\TestSuite->run, PHPUnit\Framework\TestCase->run, PHPUnit\Framework\TestResult->run, PHPUnit\Framework\TestCase->runBare, Yoast\PHPUnitPolyfills\TestCases\TestCase->tearDown, CinebotWp\Tests\Integration\TitoloEditPageTest->tear_down, CinebotWp\Tests\Integration\TitoloEditPageTest->clear_tables
E<div id="error"><p class="wpdberror"><strong>WordPress database error:</strong> [Table &#039;wordpress_test.wptests_cinebot_prezzi&#039; doesn&#039;t exist]<br /><code>DELETE FROM wptests_cinebot_prezzi</code></p></div><div id="error"><p class="wpdberror"><strong>WordPress database error:</strong> [Table &#039;wordpress_test.wptests_cinebot_settori&#039; doesn&#039;t exist]<br /><code>DELETE FROM wptests_cinebot_settori</code></p></div><div id="error"><p class="wpdberror"><strong>WordPress database error:</strong> [Table &#039;wordpress_test.wptests_cinebot_prezzi&#039; doesn&#039;t exist]<br /><code>DELETE FROM wptests_cinebot_prezzi</code></p></div><div id="error"><p class="wpdberror"><strong>WordPress database error:</strong> [Table &#039;wordpress_test.wptests_cinebot_settori&#039; doesn&#039;t exist]<br /><code>DELETE FROM wptests_cinebot_settori</code></p></div>WordPress database error Table 'wordpress_test.wptests_cinebot_prezzi' doesn't exist for query DELETE FROM wptests_cinebot_prezzi made by include('phpvfscomposer:///plugin/vendor/phpunit/phpunit/phpunit'), PHPUnit\TextUI\Command::main, PHPUnit\TextUI\Command->run, PHPUnit\TextUI\TestRunner->run, PHPUnit\Framework\TestSuite->run, PHPUnit\Framework\TestSuite->run, PHPUnit\Framework\TestSuite->run, PHPUnit\Framework\TestCase->run, PHPUnit\Framework\TestResult->run, PHPUnit\Framework\TestCase->runBare, Yoast\PHPUnitPolyfills\TestCases\TestCase->setUp, CinebotWp\Tests\Integration\TitoloEditPageTest->set_up, CinebotWp\Tests\Integration\TitoloEditPageTest->clear_tables
WordPress database error Table 'wordpress_test.wptests_cinebot_settori' doesn't exist for query DELETE FROM wptests_cinebot_settori made by include('phpvfscomposer:///plugin/vendor/phpunit/phpunit/phpunit'), PHPUnit\TextUI\Command::main, PHPUnit\TextUI\Command->run, PHPUnit\TextUI\TestRunner->run, PHPUnit\Framework\TestSuite->run, PHPUnit\Framework\TestSuite->run, PHPUnit\Framework\TestSuite->run, PHPUnit\Framework\TestCase->run, PHPUnit\Framework\TestResult->run, PHPUnit\Framework\TestCase->runBare, Yoast\PHPUnitPolyfills\TestCases\TestCase->setUp, CinebotWp\Tests\Integration\TitoloEditPageTest->set_up, CinebotWp\Tests\Integration\TitoloEditPageTest->clear_tables
WordPress database error Table 'wordpress_test.wptests_cinebot_prezzi' doesn't exist for query DELETE FROM wptests_cinebot_prezzi made by include('phpvfscomposer:///plugin/vendor/phpunit/phpunit/phpunit'), PHPUnit\TextUI\Command::main, PHPUnit\TextUI\Command->run, PHPUnit\TextUI\TestRunner->run, PHPUnit\Framework\TestSuite->run, PHPUnit\Framework\TestSuite->run, PHPUnit\Framework\TestSuite->run, PHPUnit\Framework\TestCase->run, PHPUnit\Framework\TestResult->run, PHPUnit\Framework\TestCase->runBare, Yoast\PHPUnitPolyfills\TestCases\TestCase->tearDown, CinebotWp\Tests\Integration\TitoloEditPageTest->tear_down, CinebotWp\Tests\Integration\TitoloEditPageTest->clear_tables
WordPress database error Table 'wordpress_test.wptests_cinebot_settori' doesn't exist for query DELETE FROM wptests_cinebot_settori made by include('phpvfscomposer:///plugin/vendor/phpunit/phpunit/phpunit'), PHPUnit\TextUI\Command::main, PHPUnit\TextUI\Command->run, PHPUnit\TextUI\TestRunner->run, PHPUnit\Framework\TestSuite->run, PHPUnit\Framework\TestSuite->run, PHPUnit\Framework\TestSuite->run, PHPUnit\Framework\TestCase->run, PHPUnit\Framework\TestResult->run, PHPUnit\Framework\TestCase->runBare, Yoast\PHPUnitPolyfills\TestCases\TestCase->tearDown, CinebotWp\Tests\Integration\TitoloEditPageTest->tear_down, CinebotWp\Tests\Integration\TitoloEditPageTest->clear_tables
E<div id="error"><p class="wpdberror"><strong>WordPress database error:</strong> [Table &#039;wordpress_test.wptests_cinebot_prezzi&#039; doesn&#039;t exist]<br /><code>DELETE FROM wptests_cinebot_prezzi</code></p></div><div id="error"><p class="wpdberror"><strong>WordPress database error:</strong> [Table &#039;wordpress_test.wptests_cinebot_settori&#039; doesn&#039;t exist]<br /><code>DELETE FROM wptests_cinebot_settori</code></p></div><div id="error"><p class="wpdberror"><strong>WordPress database error:</strong> [Table &#039;wordpress_test.wptests_cinebot_prezzi&#039; doesn&#039;t exist]<br /><code>DELETE FROM wptests_cinebot_prezzi</code></p></div><div id="error"><p class="wpdberror"><strong>WordPress database error:</strong> [Table &#039;wordpress_test.wptests_cinebot_settori&#039; doesn&#039;t exist]<br /><code>DELETE FROM wptests_cinebot_settori</code></p></div>WordPress database error Table 'wordpress_test.wptests_cinebot_prezzi' doesn't exist for query DELETE FROM wptests_cinebot_prezzi made by include('phpvfscomposer:///plugin/vendor/phpunit/phpunit/phpunit'), PHPUnit\TextUI\Command::main, PHPUnit\TextUI\Command->run, PHPUnit\TextUI\TestRunner->run, PHPUnit\Framework\TestSuite->run, PHPUnit\Framework\TestSuite->run, PHPUnit\Framework\TestSuite->run, PHPUnit\Framework\TestCase->run, PHPUnit\Framework\TestResult->run, PHPUnit\Framework\TestCase->runBare, Yoast\PHPUnitPolyfills\TestCases\TestCase->setUp, CinebotWp\Tests\Integration\TitoloEditPageTest->set_up, CinebotWp\Tests\Integration\TitoloEditPageTest->clear_tables
WordPress database error Table 'wordpress_test.wptests_cinebot_settori' doesn't exist for query DELETE FROM wptests_cinebot_settori made by include('phpvfscomposer:///plugin/vendor/phpunit/phpunit/phpunit'), PHPUnit\TextUI\Command::main, PHPUnit\TextUI\Command->run, PHPUnit\TextUI\TestRunner->run, PHPUnit\Framework\TestSuite->run, PHPUnit\Framework\TestSuite->run, PHPUnit\Framework\TestSuite->run, PHPUnit\Framework\TestCase->run, PHPUnit\Framework\TestResult->run, PHPUnit\Framework\TestCase->runBare, Yoast\PHPUnitPolyfills\TestCases\TestCase->setUp, CinebotWp\Tests\Integration\TitoloEditPageTest->set_up, CinebotWp\Tests\Integration\TitoloEditPageTest->clear_tables
WordPress database error Table 'wordpress_test.wptests_cinebot_prezzi' doesn't exist for query DELETE FROM wptests_cinebot_prezzi made by include('phpvfscomposer:///plugin/vendor/phpunit/phpunit/phpunit'), PHPUnit\TextUI\Command::main, PHPUnit\TextUI\Command->run, PHPUnit\TextUI\TestRunner->run, PHPUnit\Framework\TestSuite->run, PHPUnit\Framework\TestSuite->run, PHPUnit\Framework\TestSuite->run, PHPUnit\Framework\TestCase->run, PHPUnit\Framework\TestResult->run, PHPUnit\Framework\TestCase->runBare, Yoast\PHPUnitPolyfills\TestCases\TestCase->tearDown, CinebotWp\Tests\Integration\TitoloEditPageTest->tear_down, CinebotWp\Tests\Integration\TitoloEditPageTest->clear_tables
WordPress database error Table 'wordpress_test.wptests_cinebot_settori' doesn't exist for query DELETE FROM wptests_cinebot_settori made by include('phpvfscomposer:///plugin/vendor/phpunit/phpunit/phpunit'), PHPUnit\TextUI\Command::main, PHPUnit\TextUI\Command->run, PHPUnit\TextUI\TestRunner->run, PHPUnit\Framework\TestSuite->run, PHPUnit\Framework\TestSuite->run, PHPUnit\Framework\TestSuite->run, PHPUnit\Framework\TestCase->run, PHPUnit\Framework\TestResult->run, PHPUnit\Framework\TestCase->runBare, Yoast\PHPUnitPolyfills\TestCases\TestCase->tearDown, CinebotWp\Tests\Integration\TitoloEditPageTest->tear_down, CinebotWp\Tests\Integration\TitoloEditPageTest->clear_tables
E<div id="error"><p class="wpdberror"><strong>WordPress database error:</strong> [Table &#039;wordpress_test.wptests_cinebot_prezzi&#039; doesn&#039;t exist]<br /><code>DELETE FROM wptests_cinebot_prezzi</code></p></div><div id="error"><p class="wpdberror"><strong>WordPress database error:</strong> [Table &#039;wordpress_test.wptests_cinebot_settori&#039; doesn&#039;t exist]<br /><code>DELETE FROM wptests_cinebot_settori</code></p></div><div id="error"><p class="wpdberror"><strong>WordPress database error:</strong> [Table &#039;wordpress_test.wptests_cinebot_prezzi&#039; doesn&#039;t exist]<br /><code>DELETE FROM wptests_cinebot_prezzi</code></p></div><div id="error"><p class="wpdberror"><strong>WordPress database error:</strong> [Table &#039;wordpress_test.wptests_cinebot_settori&#039; doesn&#039;t exist]<br /><code>DELETE FROM wptests_cinebot_settori</code></p></div>WordPress database error Table 'wordpress_test.wptests_cinebot_prezzi' doesn't exist for query DELETE FROM wptests_cinebot_prezzi made by include('phpvfscomposer:///plugin/vendor/phpunit/phpunit/phpunit'), PHPUnit\TextUI\Command::main, PHPUnit\TextUI\Command->run, PHPUnit\TextUI\TestRunner->run, PHPUnit\Framework\TestSuite->run, PHPUnit\Framework\TestSuite->run, PHPUnit\Framework\TestSuite->run, PHPUnit\Framework\TestCase->run, PHPUnit\Framework\TestResult->run, PHPUnit\Framework\TestCase->runBare, Yoast\PHPUnitPolyfills\TestCases\TestCase->setUp, CinebotWp\Tests\Integration\TitoloEditPageTest->set_up, CinebotWp\Tests\Integration\TitoloEditPageTest->clear_tables
WordPress database error Table 'wordpress_test.wptests_cinebot_settori' doesn't exist for query DELETE FROM wptests_cinebot_settori made by include('phpvfscomposer:///plugin/vendor/phpunit/phpunit/phpunit'), PHPUnit\TextUI\Command::main, PHPUnit\TextUI\Command->run, PHPUnit\TextUI\TestRunner->run, PHPUnit\Framework\TestSuite->run, PHPUnit\Framework\TestSuite->run, PHPUnit\Framework\TestSuite->run, PHPUnit\Framework\TestCase->run, PHPUnit\Framework\TestResult->run, PHPUnit\Framework\TestCase->runBare, Yoast\PHPUnitPolyfills\TestCases\TestCase->setUp, CinebotWp\Tests\Integration\TitoloEditPageTest->set_up, CinebotWp\Tests\Integration\TitoloEditPageTest->clear_tables
WordPress database error Table 'wordpress_test.wptests_cinebot_prezzi' doesn't exist for query DELETE FROM wptests_cinebot_prezzi made by include('phpvfscomposer:///plugin/vendor/phpunit/phpunit/phpunit'), PHPUnit\TextUI\Command::main, PHPUnit\TextUI\Command->run, PHPUnit\TextUI\TestRunner->run, PHPUnit\Framework\TestSuite->run, PHPUnit\Framework\TestSuite->run, PHPUnit\Framework\TestSuite->run, PHPUnit\Framework\TestCase->run, PHPUnit\Framework\TestResult->run, PHPUnit\Framework\TestCase->runBare, Yoast\PHPUnitPolyfills\TestCases\TestCase->tearDown, CinebotWp\Tests\Integration\TitoloEditPageTest->tear_down, CinebotWp\Tests\Integration\TitoloEditPageTest->clear_tables
WordPress database error Table 'wordpress_test.wptests_cinebot_settori' doesn't exist for query DELETE FROM wptests_cinebot_settori made by include('phpvfscomposer:///plugin/vendor/phpunit/phpunit/phpunit'), PHPUnit\TextUI\Command::main, PHPUnit\TextUI\Command->run, PHPUnit\TextUI\TestRunner->run, PHPUnit\Framework\TestSuite->run, PHPUnit\Framework\TestSuite->run, PHPUnit\Framework\TestSuite->run, PHPUnit\Framework\TestCase->run, PHPUnit\Framework\TestResult->run, PHPUnit\Framework\TestCase->runBare, Yoast\PHPUnitPolyfills\TestCases\TestCase->tearDown, CinebotWp\Tests\Integration\TitoloEditPageTest->tear_down, CinebotWp\Tests\Integration\TitoloEditPageTest->clear_tables
E<div id="error"><p class="wpdberror"><strong>WordPress database error:</strong> [Table &#039;wordpress_test.wptests_cinebot_prezzi&#039; doesn&#039;t exist]<br /><code>DELETE FROM wptests_cinebot_prezzi</code></p></div><div id="error"><p class="wpdberror"><strong>WordPress database error:</strong> [Table &#039;wordpress_test.wptests_cinebot_settori&#039; doesn&#039;t exist]<br /><code>DELETE FROM wptests_cinebot_settori</code></p></div><div id="error"><p class="wpdberror"><strong>WordPress database error:</strong> [Table &#039;wordpress_test.wptests_cinebot_prezzi&#039; doesn&#039;t exist]<br /><code>DELETE FROM wptests_cinebot_prezzi</code></p></div><div id="error"><p class="wpdberror"><strong>WordPress database error:</strong> [Table &#039;wordpress_test.wptests_cinebot_settori&#039; doesn&#039;t exist]<br /><code>DELETE FROM wptests_cinebot_settori</code></p></div>WordPress database error Table 'wordpress_test.wptests_cinebot_prezzi' doesn't exist for query DELETE FROM wptests_cinebot_prezzi made by include('phpvfscomposer:///plugin/vendor/phpunit/phpunit/phpunit'), PHPUnit\TextUI\Command::main, PHPUnit\TextUI\Command->run, PHPUnit\TextUI\TestRunner->run, PHPUnit\Framework\TestSuite->run, PHPUnit\Framework\TestSuite->run, PHPUnit\Framework\TestSuite->run, PHPUnit\Framework\TestCase->run, PHPUnit\Framework\TestResult->run, PHPUnit\Framework\TestCase->runBare, Yoast\PHPUnitPolyfills\TestCases\TestCase->setUp, CinebotWp\Tests\Integration\TitoloEditPageTest->set_up, CinebotWp\Tests\Integration\TitoloEditPageTest->clear_tables
WordPress database error Table 'wordpress_test.wptests_cinebot_settori' doesn't exist for query DELETE FROM wptests_cinebot_settori made by include('phpvfscomposer:///plugin/vendor/phpunit/phpunit/phpunit'), PHPUnit\TextUI\Command::main, PHPUnit\TextUI\Command->run, PHPUnit\TextUI\TestRunner->run, PHPUnit\Framework\TestSuite->run, PHPUnit\Framework\TestSuite->run, PHPUnit\Framework\TestSuite->run, PHPUnit\Framework\TestCase->run, PHPUnit\Framework\TestResult->run, PHPUnit\Framework\TestCase->runBare, Yoast\PHPUnitPolyfills\TestCases\TestCase->setUp, CinebotWp\Tests\Integration\TitoloEditPageTest->set_up, CinebotWp\Tests\Integration\TitoloEditPageTest->clear_tables
WordPress database error Table 'wordpress_test.wptests_cinebot_prezzi' doesn't exist for query DELETE FROM wptests_cinebot_prezzi made by include('phpvfscomposer:///plugin/vendor/phpunit/phpunit/phpunit'), PHPUnit\TextUI\Command::main, PHPUnit\TextUI\Command->run, PHPUnit\TextUI\TestRunner->run, PHPUnit\Framework\TestSuite->run, PHPUnit\Framework\TestSuite->run, PHPUnit\Framework\TestSuite->run, PHPUnit\Framework\TestCase->run, PHPUnit\Framework\TestResult->run, PHPUnit\Framework\TestCase->runBare, Yoast\PHPUnitPolyfills\TestCases\TestCase->tearDown, CinebotWp\Tests\Integration\TitoloEditPageTest->tear_down, CinebotWp\Tests\Integration\TitoloEditPageTest->clear_tables
WordPress database error Table 'wordpress_test.wptests_cinebot_settori' doesn't exist for query DELETE FROM wptests_cinebot_settori made by include('phpvfscomposer:///plugin/vendor/phpunit/phpunit/phpunit'), PHPUnit\TextUI\Command::main, PHPUnit\TextUI\Command->run, PHPUnit\TextUI\TestRunner->run, PHPUnit\Framework\TestSuite->run, PHPUnit\Framework\TestSuite->run, PHPUnit\Framework\TestSuite->run, PHPUnit\Framework\TestCase->run, PHPUnit\Framework\TestResult->run, PHPUnit\Framework\TestCase->runBare, Yoast\PHPUnitPolyfills\TestCases\TestCase->tearDown, CinebotWp\Tests\Integration\TitoloEditPageTest->tear_down, CinebotWp\Tests\Integration\TitoloEditPageTest->clear_tables
E<div id="error"><p class="wpdberror"><strong>WordPress database error:</strong> [Table &#039;wordpress_test.wptests_cinebot_prezzi&#039; doesn&#039;t exist]<br /><code>DELETE FROM wptests_cinebot_prezzi</code></p></div><div id="error"><p class="wpdberror"><strong>WordPress database error:</strong> [Table &#039;wordpress_test.wptests_cinebot_settori&#039; doesn&#039;t exist]<br /><code>DELETE FROM wptests_cinebot_settori</code></p></div><div id="error"><p class="wpdberror"><strong>WordPress database error:</strong> [Table &#039;wordpress_test.wptests_cinebot_prezzi&#039; doesn&#039;t exist]<br /><code>DELETE FROM wptests_cinebot_prezzi</code></p></div><div id="error"><p class="wpdberror"><strong>WordPress database error:</strong> [Table &#039;wordpress_test.wptests_cinebot_settori&#039; doesn&#039;t exist]<br /><code>DELETE FROM wptests_cinebot_settori</code></p></div>WordPress database error Table 'wordpress_test.wptests_cinebot_prezzi' doesn't exist for query DELETE FROM wptests_cinebot_prezzi made by include('phpvfscomposer:///plugin/vendor/phpunit/phpunit/phpunit'), PHPUnit\TextUI\Command::main, PHPUnit\TextUI\Command->run, PHPUnit\TextUI\TestRunner->run, PHPUnit\Framework\TestSuite->run, PHPUnit\Framework\TestSuite->run, PHPUnit\Framework\TestSuite->run, PHPUnit\Framework\TestCase->run, PHPUnit\Framework\TestResult->run, PHPUnit\Framework\TestCase->runBare, Yoast\PHPUnitPolyfills\TestCases\TestCase->setUp, CinebotWp\Tests\Integration\TitoloEditPageTest->set_up, CinebotWp\Tests\Integration\TitoloEditPageTest->clear_tables
WordPress database error Table 'wordpress_test.wptests_cinebot_settori' doesn't exist for query DELETE FROM wptests_cinebot_settori made by include('phpvfscomposer:///plugin/vendor/phpunit/phpunit/phpunit'), PHPUnit\TextUI\Command::main, PHPUnit\TextUI\Command->run, PHPUnit\TextUI\TestRunner->run, PHPUnit\Framework\TestSuite->run, PHPUnit\Framework\TestSuite->run, PHPUnit\Framework\TestSuite->run, PHPUnit\Framework\TestCase->run, PHPUnit\Framework\TestResult->run, PHPUnit\Framework\TestCase->runBare, Yoast\PHPUnitPolyfills\TestCases\TestCase->setUp, CinebotWp\Tests\Integration\TitoloEditPageTest->set_up, CinebotWp\Tests\Integration\TitoloEditPageTest->clear_tables
WordPress database error Table 'wordpress_test.wptests_cinebot_prezzi' doesn't exist for query DELETE FROM wptests_cinebot_prezzi made by include('phpvfscomposer:///plugin/vendor/phpunit/phpunit/phpunit'), PHPUnit\TextUI\Command::main, PHPUnit\TextUI\Command->run, PHPUnit\TextUI\TestRunner->run, PHPUnit\Framework\TestSuite->run, PHPUnit\Framework\TestSuite->run, PHPUnit\Framework\TestSuite->run, PHPUnit\Framework\TestCase->run, PHPUnit\Framework\TestResult->run, PHPUnit\Framework\TestCase->runBare, Yoast\PHPUnitPolyfills\TestCases\TestCase->tearDown, CinebotWp\Tests\Integration\TitoloEditPageTest->tear_down, CinebotWp\Tests\Integration\TitoloEditPageTest->clear_tables
WordPress database error Table 'wordpress_test.wptests_cinebot_settori' doesn't exist for query DELETE FROM wptests_cinebot_settori made by include('phpvfscomposer:///plugin/vendor/phpunit/phpunit/phpunit'), PHPUnit\TextUI\Command::main, PHPUnit\TextUI\Command->run, PHPUnit\TextUI\TestRunner->run, PHPUnit\Framework\TestSuite->run, PHPUnit\Framework\TestSuite->run, PHPUnit\Framework\TestSuite->run, PHPUnit\Framework\TestCase->run, PHPUnit\Framework\TestResult->run, PHPUnit\Framework\TestCase->runBare, Yoast\PHPUnitPolyfills\TestCases\TestCase->tearDown, CinebotWp\Tests\Integration\TitoloEditPageTest->tear_down, CinebotWp\Tests\Integration\TitoloEditPageTest->clear_tables
E<div id="error"><p class="wpdberror"><strong>WordPress database error:</strong> [Table &#039;wordpress_test.wptests_cinebot_prezzi&#039; doesn&#039;t exist]<br /><code>DELETE FROM wptests_cinebot_prezzi</code></p></div><div id="error"><p class="wpdberror"><strong>WordPress database error:</strong> [Table &#039;wordpress_test.wptests_cinebot_settori&#039; doesn&#039;t exist]<br /><code>DELETE FROM wptests_cinebot_settori</code></p></div><div id="error"><p class="wpdberror"><strong>WordPress database error:</strong> [Table &#039;wordpress_test.wptests_cinebot_prezzi&#039; doesn&#039;t exist]<br /><code>DELETE FROM wptests_cinebot_prezzi</code></p></div><div id="error"><p class="wpdberror"><strong>WordPress database error:</strong> [Table &#039;wordpress_test.wptests_cinebot_settori&#039; doesn&#039;t exist]<br /><code>DELETE FROM wptests_cinebot_settori</code></p></div>WordPress database error Table 'wordpress_test.wptests_cinebot_prezzi' doesn't exist for query DELETE FROM wptests_cinebot_prezzi made by include('phpvfscomposer:///plugin/vendor/phpunit/phpunit/phpunit'), PHPUnit\TextUI\Command::main, PHPUnit\TextUI\Command->run, PHPUnit\TextUI\TestRunner->run, PHPUnit\Framework\TestSuite->run, PHPUnit\Framework\TestSuite->run, PHPUnit\Framework\TestSuite->run, PHPUnit\Framework\TestCase->run, PHPUnit\Framework\TestResult->run, PHPUnit\Framework\TestCase->runBare, Yoast\PHPUnitPolyfills\TestCases\TestCase->setUp, CinebotWp\Tests\Integration\TitoloEditPageTest->set_up, CinebotWp\Tests\Integration\TitoloEditPageTest->clear_tables
WordPress database error Table 'wordpress_test.wptests_cinebot_settori' doesn't exist for query DELETE FROM wptests_cinebot_settori made by include('phpvfscomposer:///plugin/vendor/phpunit/phpunit/phpunit'), PHPUnit\TextUI\Command::main, PHPUnit\TextUI\Command->run, PHPUnit\TextUI\TestRunner->run, PHPUnit\Framework\TestSuite->run, PHPUnit\Framework\TestSuite->run, PHPUnit\Framework\TestSuite->run, PHPUnit\Framework\TestCase->run, PHPUnit\Framework\TestResult->run, PHPUnit\Framework\TestCase->runBare, Yoast\PHPUnitPolyfills\TestCases\TestCase->setUp, CinebotWp\Tests\Integration\TitoloEditPageTest->set_up, CinebotWp\Tests\Integration\TitoloEditPageTest->clear_tables
WordPress database error Table 'wordpress_test.wptests_cinebot_prezzi' doesn't exist for query DELETE FROM wptests_cinebot_prezzi made by include('phpvfscomposer:///plugin/vendor/phpunit/phpunit/phpunit'), PHPUnit\TextUI\Command::main, PHPUnit\TextUI\Command->run, PHPUnit\TextUI\TestRunner->run, PHPUnit\Framework\TestSuite->run, PHPUnit\Framework\TestSuite->run, PHPUnit\Framework\TestSuite->run, PHPUnit\Framework\TestCase->run, PHPUnit\Framework\TestResult->run, PHPUnit\Framework\TestCase->runBare, Yoast\PHPUnitPolyfills\TestCases\TestCase->tearDown, CinebotWp\Tests\Integration\TitoloEditPageTest->tear_down, CinebotWp\Tests\Integration\TitoloEditPageTest->clear_tables
WordPress database error Table 'wordpress_test.wptests_cinebot_settori' doesn't exist for query DELETE FROM wptests_cinebot_settori made by include('phpvfscomposer:///plugin/vendor/phpunit/phpunit/phpunit'), PHPUnit\TextUI\Command::main, PHPUnit\TextUI\Command->run, PHPUnit\TextUI\TestRunner->run, PHPUnit\Framework\TestSuite->run, PHPUnit\Framework\TestSuite->run, PHPUnit\Framework\TestSuite->run, PHPUnit\Framework\TestCase->run, PHPUnit\Framework\TestResult->run, PHPUnit\Framework\TestCase->runBare, Yoast\PHPUnitPolyfills\TestCases\TestCase->tearDown, CinebotWp\Tests\Integration\TitoloEditPageTest->tear_down, CinebotWp\Tests\Integration\TitoloEditPageTest->clear_tables
E<div id="error"><p class="wpdberror"><strong>WordPress database error:</strong> [Table &#039;wordpress_test.wptests_cinebot_prezzi&#039; doesn&#039;t exist]<br /><code>DELETE FROM wptests_cinebot_prezzi</code></p></div><div id="error"><p class="wpdberror"><strong>WordPress database error:</strong> [Table &#039;wordpress_test.wptests_cinebot_settori&#039; doesn&#039;t exist]<br /><code>DELETE FROM wptests_cinebot_settori</code></p></div><div id="error"><p class="wpdberror"><strong>WordPress database error:</strong> [Table &#039;wordpress_test.wptests_cinebot_prezzi&#039; doesn&#039;t exist]<br /><code>DELETE FROM wptests_cinebot_prezzi</code></p></div><div id="error"><p class="wpdberror"><strong>WordPress database error:</strong> [Table &#039;wordpress_test.wptests_cinebot_settori&#039; doesn&#039;t exist]<br /><code>DELETE FROM wptests_cinebot_settori</code></p></div>WordPress database error Table 'wordpress_test.wptests_cinebot_prezzi' doesn't exist for query DELETE FROM wptests_cinebot_prezzi made by include('phpvfscomposer:///plugin/vendor/phpunit/phpunit/phpunit'), PHPUnit\TextUI\Command::main, PHPUnit\TextUI\Command->run, PHPUnit\TextUI\TestRunner->run, PHPUnit\Framework\TestSuite->run, PHPUnit\Framework\TestSuite->run, PHPUnit\Framework\TestSuite->run, PHPUnit\Framework\TestCase->run, PHPUnit\Framework\TestResult->run, PHPUnit\Framework\TestCase->runBare, Yoast\PHPUnitPolyfills\TestCases\TestCase->setUp, CinebotWp\Tests\Integration\TitoloEditPageTest->set_up, CinebotWp\Tests\Integration\TitoloEditPageTest->clear_tables
WordPress database error Table 'wordpress_test.wptests_cinebot_settori' doesn't exist for query DELETE FROM wptests_cinebot_settori made by include('phpvfscomposer:///plugin/vendor/phpunit/phpunit/phpunit'), PHPUnit\TextUI\Command::main, PHPUnit\TextUI\Command->run, PHPUnit\TextUI\TestRunner->run, PHPUnit\Framework\TestSuite->run, PHPUnit\Framework\TestSuite->run, PHPUnit\Framework\TestSuite->run, PHPUnit\Framework\TestCase->run, PHPUnit\Framework\TestResult->run, PHPUnit\Framework\TestCase->runBare, Yoast\PHPUnitPolyfills\TestCases\TestCase->setUp, CinebotWp\Tests\Integration\TitoloEditPageTest->set_up, CinebotWp\Tests\Integration\TitoloEditPageTest->clear_tables
WordPress database error Table 'wordpress_test.wptests_cinebot_prezzi' doesn't exist for query DELETE FROM wptests_cinebot_prezzi made by include('phpvfscomposer:///plugin/vendor/phpunit/phpunit/phpunit'), PHPUnit\TextUI\Command::main, PHPUnit\TextUI\Command->run, PHPUnit\TextUI\TestRunner->run, PHPUnit\Framework\TestSuite->run, PHPUnit\Framework\TestSuite->run, PHPUnit\Framework\TestSuite->run, PHPUnit\Framework\TestCase->run, PHPUnit\Framework\TestResult->run, PHPUnit\Framework\TestCase->runBare, Yoast\PHPUnitPolyfills\TestCases\TestCase->tearDown, CinebotWp\Tests\Integration\TitoloEditPageTest->tear_down, CinebotWp\Tests\Integration\TitoloEditPageTest->clear_tables
WordPress database error Table 'wordpress_test.wptests_cinebot_settori' doesn't exist for query DELETE FROM wptests_cinebot_settori made by include('phpvfscomposer:///plugin/vendor/phpunit/phpunit/phpunit'), PHPUnit\TextUI\Command::main, PHPUnit\TextUI\Command->run, PHPUnit\TextUI\TestRunner->run, PHPUnit\Framework\TestSuite->run, PHPUnit\Framework\TestSuite->run, PHPUnit\Framework\TestSuite->run, PHPUnit\Framework\TestCase->run, PHPUnit\Framework\TestResult->run, PHPUnit\Framework\TestCase->runBare, Yoast\PHPUnitPolyfills\TestCases\TestCase->tearDown, CinebotWp\Tests\Integration\TitoloEditPageTest->tear_down, CinebotWp\Tests\Integration\TitoloEditPageTest->clear_tables
E<div id="error"><p class="wpdberror"><strong>WordPress database error:</strong> [Table &#039;wordpress_test.wptests_cinebot_prezzi&#039; doesn&#039;t exist]<br /><code>DELETE FROM wptests_cinebot_prezzi</code></p></div><div id="error"><p class="wpdberror"><strong>WordPress database error:</strong> [Table &#039;wordpress_test.wptests_cinebot_settori&#039; doesn&#039;t exist]<br /><code>DELETE FROM wptests_cinebot_settori</code></p></div><div id="error"><p class="wpdberror"><strong>WordPress database error:</strong> [Table &#039;wordpress_test.wptests_cinebot_prezzi&#039; doesn&#039;t exist]<br /><code>DELETE FROM wptests_cinebot_prezzi</code></p></div><div id="error"><p class="wpdberror"><strong>WordPress database error:</strong> [Table &#039;wordpress_test.wptests_cinebot_settori&#039; doesn&#039;t exist]<br /><code>DELETE FROM wptests_cinebot_settori</code></p></div>WordPress database error Table 'wordpress_test.wptests_cinebot_prezzi' doesn't exist for query DELETE FROM wptests_cinebot_prezzi made by include('phpvfscomposer:///plugin/vendor/phpunit/phpunit/phpunit'), PHPUnit\TextUI\Command::main, PHPUnit\TextUI\Command->run, PHPUnit\TextUI\TestRunner->run, PHPUnit\Framework\TestSuite->run, PHPUnit\Framework\TestSuite->run, PHPUnit\Framework\TestSuite->run, PHPUnit\Framework\TestCase->run, PHPUnit\Framework\TestResult->run, PHPUnit\Framework\TestCase->runBare, Yoast\PHPUnitPolyfills\TestCases\TestCase->setUp, CinebotWp\Tests\Integration\TitoloEditPageTest->set_up, CinebotWp\Tests\Integration\TitoloEditPageTest->clear_tables
WordPress database error Table 'wordpress_test.wptests_cinebot_settori' doesn't exist for query DELETE FROM wptests_cinebot_settori made by include('phpvfscomposer:///plugin/vendor/phpunit/phpunit/phpunit'), PHPUnit\TextUI\Command::main, PHPUnit\TextUI\Command->run, PHPUnit\TextUI\TestRunner->run, PHPUnit\Framework\TestSuite->run, PHPUnit\Framework\TestSuite->run, PHPUnit\Framework\TestSuite->run, PHPUnit\Framework\TestCase->run, PHPUnit\Framework\TestResult->run, PHPUnit\Framework\TestCase->runBare, Yoast\PHPUnitPolyfills\TestCases\TestCase->setUp, CinebotWp\Tests\Integration\TitoloEditPageTest->set_up, CinebotWp\Tests\Integration\TitoloEditPageTest->clear_tables
WordPress database error Table 'wordpress_test.wptests_cinebot_prezzi' doesn't exist for query DELETE FROM wptests_cinebot_prezzi made by include('phpvfscomposer:///plugin/vendor/phpunit/phpunit/phpunit'), PHPUnit\TextUI\Command::main, PHPUnit\TextUI\Command->run, PHPUnit\TextUI\TestRunner->run, PHPUnit\Framework\TestSuite->run, PHPUnit\Framework\TestSuite->run, PHPUnit\Framework\TestSuite->run, PHPUnit\Framework\TestCase->run, PHPUnit\Framework\TestResult->run, PHPUnit\Framework\TestCase->runBare, Yoast\PHPUnitPolyfills\TestCases\TestCase->tearDown, CinebotWp\Tests\Integration\TitoloEditPageTest->tear_down, CinebotWp\Tests\Integration\TitoloEditPageTest->clear_tables
WordPress database error Table 'wordpress_test.wptests_cinebot_settori' doesn't exist for query DELETE FROM wptests_cinebot_settori made by include('phpvfscomposer:///plugin/vendor/phpunit/phpunit/phpunit'), PHPUnit\TextUI\Command::main, PHPUnit\TextUI\Command->run, PHPUnit\TextUI\TestRunner->run, PHPUnit\Framework\TestSuite->run, PHPUnit\Framework\TestSuite->run, PHPUnit\Framework\TestSuite->run, PHPUnit\Framework\TestCase->run, PHPUnit\Framework\TestResult->run, PHPUnit\Framework\TestCase->runBare, Yoast\PHPUnitPolyfills\TestCases\TestCase->tearDown, CinebotWp\Tests\Integration\TitoloEditPageTest->tear_down, CinebotWp\Tests\Integration\TitoloEditPageTest->clear_tables
E<div id="error"><p class="wpdberror"><strong>WordPress database error:</strong> [Table &#039;wordpress_test.wptests_cinebot_prezzi&#039; doesn&#039;t exist]<br /><code>DELETE FROM wptests_cinebot_prezzi</code></p></div><div id="error"><p class="wpdberror"><strong>WordPress database error:</strong> [Table &#039;wordpress_test.wptests_cinebot_settori&#039; doesn&#039;t exist]<br /><code>DELETE FROM wptests_cinebot_settori</code></p></div><div id="error"><p class="wpdberror"><strong>WordPress database error:</strong> [Table &#039;wordpress_test.wptests_cinebot_prezzi&#039; doesn&#039;t exist]<br /><code>DELETE FROM wptests_cinebot_prezzi</code></p></div><div id="error"><p class="wpdberror"><strong>WordPress database error:</strong> [Table &#039;wordpress_test.wptests_cinebot_settori&#039; doesn&#039;t exist]<br /><code>DELETE FROM wptests_cinebot_settori</code></p></div>WordPress database error Table 'wordpress_test.wptests_cinebot_prezzi' doesn't exist for query DELETE FROM wptests_cinebot_prezzi made by include('phpvfscomposer:///plugin/vendor/phpunit/phpunit/phpunit'), PHPUnit\TextUI\Command::main, PHPUnit\TextUI\Command->run, PHPUnit\TextUI\TestRunner->run, PHPUnit\Framework\TestSuite->run, PHPUnit\Framework\TestSuite->run, PHPUnit\Framework\TestSuite->run, PHPUnit\Framework\TestCase->run, PHPUnit\Framework\TestResult->run, PHPUnit\Framework\TestCase->runBare, Yoast\PHPUnitPolyfills\TestCases\TestCase->setUp, CinebotWp\Tests\Integration\TitoloEditPageTest->set_up, CinebotWp\Tests\Integration\TitoloEditPageTest->clear_tables
WordPress database error Table 'wordpress_test.wptests_cinebot_settori' doesn't exist for query DELETE FROM wptests_cinebot_settori made by include('phpvfscomposer:///plugin/vendor/phpunit/phpunit/phpunit'), PHPUnit\TextUI\Command::main, PHPUnit\TextUI\Command->run, PHPUnit\TextUI\TestRunner->run, PHPUnit\Framework\TestSuite->run, PHPUnit\Framework\TestSuite->run, PHPUnit\Framework\TestSuite->run, PHPUnit\Framework\TestCase->run, PHPUnit\Framework\TestResult->run, PHPUnit\Framework\TestCase->runBare, Yoast\PHPUnitPolyfills\TestCases\TestCase->setUp, CinebotWp\Tests\Integration\TitoloEditPageTest->set_up, CinebotWp\Tests\Integration\TitoloEditPageTest->clear_tables
WordPress database error Table 'wordpress_test.wptests_cinebot_prezzi' doesn't exist for query DELETE FROM wptests_cinebot_prezzi made by include('phpvfscomposer:///plugin/vendor/phpunit/phpunit/phpunit'), PHPUnit\TextUI\Command::main, PHPUnit\TextUI\Command->run, PHPUnit\TextUI\TestRunner->run, PHPUnit\Framework\TestSuite->run, PHPUnit\Framework\TestSuite->run, PHPUnit\Framework\TestSuite->run, PHPUnit\Framework\TestCase->run, PHPUnit\Framework\TestResult->run, PHPUnit\Framework\TestCase->runBare, Yoast\PHPUnitPolyfills\TestCases\TestCase->tearDown, CinebotWp\Tests\Integration\TitoloEditPageTest->tear_down, CinebotWp\Tests\Integration\TitoloEditPageTest->clear_tables
WordPress database error Table 'wordpress_test.wptests_cinebot_settori' doesn't exist for query DELETE FROM wptests_cinebot_settori made by include('phpvfscomposer:///plugin/vendor/phpunit/phpunit/phpunit'), PHPUnit\TextUI\Command::main, PHPUnit\TextUI\Command->run, PHPUnit\TextUI\TestRunner->run, PHPUnit\Framework\TestSuite->run, PHPUnit\Framework\TestSuite->run, PHPUnit\Framework\TestSuite->run, PHPUnit\Framework\TestCase->run, PHPUnit\Framework\TestResult->run, PHPUnit\Framework\TestCase->runBare, Yoast\PHPUnitPolyfills\TestCases\TestCase->tearDown, CinebotWp\Tests\Integration\TitoloEditPageTest->tear_down, CinebotWp\Tests\Integration\TitoloEditPageTest->clear_tables
E<div id="error"><p class="wpdberror"><strong>WordPress database error:</strong> [Table &#039;wordpress_test.wptests_cinebot_prezzi&#039; doesn&#039;t exist]<br /><code>DELETE FROM wptests_cinebot_prezzi</code></p></div><div id="error"><p class="wpdberror"><strong>WordPress database error:</strong> [Table &#039;wordpress_test.wptests_cinebot_settori&#039; doesn&#039;t exist]<br /><code>DELETE FROM wptests_cinebot_settori</code></p></div><div id="error"><p class="wpdberror"><strong>WordPress database error:</strong> [Table &#039;wordpress_test.wptests_cinebot_prezzi&#039; doesn&#039;t exist]<br /><code>DELETE FROM wptests_cinebot_prezzi</code></p></div><div id="error"><p class="wpdberror"><strong>WordPress database error:</strong> [Table &#039;wordpress_test.wptests_cinebot_settori&#039; doesn&#039;t exist]<br /><code>DELETE FROM wptests_cinebot_settori</code></p></div>WordPress database error Table 'wordpress_test.wptests_cinebot_prezzi' doesn't exist for query DELETE FROM wptests_cinebot_prezzi made by include('phpvfscomposer:///plugin/vendor/phpunit/phpunit/phpunit'), PHPUnit\TextUI\Command::main, PHPUnit\TextUI\Command->run, PHPUnit\TextUI\TestRunner->run, PHPUnit\Framework\TestSuite->run, PHPUnit\Framework\TestSuite->run, PHPUnit\Framework\TestSuite->run, PHPUnit\Framework\TestCase->run, PHPUnit\Framework\TestResult->run, PHPUnit\Framework\TestCase->runBare, Yoast\PHPUnitPolyfills\TestCases\TestCase->setUp, CinebotWp\Tests\Integration\TitoloEditPageTest->set_up, CinebotWp\Tests\Integration\TitoloEditPageTest->clear_tables
WordPress database error Table 'wordpress_test.wptests_cinebot_settori' doesn't exist for query DELETE FROM wptests_cinebot_settori made by include('phpvfscomposer:///plugin/vendor/phpunit/phpunit/phpunit'), PHPUnit\TextUI\Command::main, PHPUnit\TextUI\Command->run, PHPUnit\TextUI\TestRunner->run, PHPUnit\Framework\TestSuite->run, PHPUnit\Framework\TestSuite->run, PHPUnit\Framework\TestSuite->run, PHPUnit\Framework\TestCase->run, PHPUnit\Framework\TestResult->run, PHPUnit\Framework\TestCase->runBare, Yoast\PHPUnitPolyfills\TestCases\TestCase->setUp, CinebotWp\Tests\Integration\TitoloEditPageTest->set_up, CinebotWp\Tests\Integration\TitoloEditPageTest->clear_tables
WordPress database error Table 'wordpress_test.wptests_cinebot_prezzi' doesn't exist for query DELETE FROM wptests_cinebot_prezzi made by include('phpvfscomposer:///plugin/vendor/phpunit/phpunit/phpunit'), PHPUnit\TextUI\Command::main, PHPUnit\TextUI\Command->run, PHPUnit\TextUI\TestRunner->run, PHPUnit\Framework\TestSuite->run, PHPUnit\Framework\TestSuite->run, PHPUnit\Framework\TestSuite->run, PHPUnit\Framework\TestCase->run, PHPUnit\Framework\TestResult->run, PHPUnit\Framework\TestCase->runBare, Yoast\PHPUnitPolyfills\TestCases\TestCase->tearDown, CinebotWp\Tests\Integration\TitoloEditPageTest->tear_down, CinebotWp\Tests\Integration\TitoloEditPageTest->clear_tables
WordPress database error Table 'wordpress_test.wptests_cinebot_settori' doesn't exist for query DELETE FROM wptests_cinebot_settori made by include('phpvfscomposer:///plugin/vendor/phpunit/phpunit/phpunit'), PHPUnit\TextUI\Command::main, PHPUnit\TextUI\Command->run, PHPUnit\TextUI\TestRunner->run, PHPUnit\Framework\TestSuite->run, PHPUnit\Framework\TestSuite->run, PHPUnit\Framework\TestSuite->run, PHPUnit\Framework\TestCase->run, PHPUnit\Framework\TestResult->run, PHPUnit\Framework\TestCase->runBare, Yoast\PHPUnitPolyfills\TestCases\TestCase->tearDown, CinebotWp\Tests\Integration\TitoloEditPageTest->tear_down, CinebotWp\Tests\Integration\TitoloEditPageTest->clear_tables
E<div id="error"><p class="wpdberror"><strong>WordPress database error:</strong> [Table &#039;wordpress_test.wptests_cinebot_prezzi&#039; doesn&#039;t exist]<br /><code>DELETE FROM wptests_cinebot_prezzi</code></p></div><div id="error"><p class="wpdberror"><strong>WordPress database error:</strong> [Table &#039;wordpress_test.wptests_cinebot_settori&#039; doesn&#039;t exist]<br /><code>DELETE FROM wptests_cinebot_settori</code></p></div><div id="error"><p class="wpdberror"><strong>WordPress database error:</strong> [Table &#039;wordpress_test.wptests_cinebot_prezzi&#039; doesn&#039;t exist]<br /><code>DELETE FROM wptests_cinebot_prezzi</code></p></div><div id="error"><p class="wpdberror"><strong>WordPress database error:</strong> [Table &#039;wordpress_test.wptests_cinebot_settori&#039; doesn&#039;t exist]<br /><code>DELETE FROM wptests_cinebot_settori</code></p></div>WordPress database error Table 'wordpress_test.wptests_cinebot_prezzi' doesn't exist for query DELETE FROM wptests_cinebot_prezzi made by include('phpvfscomposer:///plugin/vendor/phpunit/phpunit/phpunit'), PHPUnit\TextUI\Command::main, PHPUnit\TextUI\Command->run, PHPUnit\TextUI\TestRunner->run, PHPUnit\Framework\TestSuite->run, PHPUnit\Framework\TestSuite->run, PHPUnit\Framework\TestSuite->run, PHPUnit\Framework\TestCase->run, PHPUnit\Framework\TestResult->run, PHPUnit\Framework\TestCase->runBare, Yoast\PHPUnitPolyfills\TestCases\TestCase->setUp, CinebotWp\Tests\Integration\TitoloEditPageTest->set_up, CinebotWp\Tests\Integration\TitoloEditPageTest->clear_tables
WordPress database error Table 'wordpress_test.wptests_cinebot_settori' doesn't exist for query DELETE FROM wptests_cinebot_settori made by include('phpvfscomposer:///plugin/vendor/phpunit/phpunit/phpunit'), PHPUnit\TextUI\Command::main, PHPUnit\TextUI\Command->run, PHPUnit\TextUI\TestRunner->run, PHPUnit\Framework\TestSuite->run, PHPUnit\Framework\TestSuite->run, PHPUnit\Framework\TestSuite->run, PHPUnit\Framework\TestCase->run, PHPUnit\Framework\TestResult->run, PHPUnit\Framework\TestCase->runBare, Yoast\PHPUnitPolyfills\TestCases\TestCase->setUp, CinebotWp\Tests\Integration\TitoloEditPageTest->set_up, CinebotWp\Tests\Integration\TitoloEditPageTest->clear_tables
WordPress database error Table 'wordpress_test.wptests_cinebot_prezzi' doesn't exist for query DELETE FROM wptests_cinebot_prezzi made by include('phpvfscomposer:///plugin/vendor/phpunit/phpunit/phpunit'), PHPUnit\TextUI\Command::main, PHPUnit\TextUI\Command->run, PHPUnit\TextUI\TestRunner->run, PHPUnit\Framework\TestSuite->run, PHPUnit\Framework\TestSuite->run, PHPUnit\Framework\TestSuite->run, PHPUnit\Framework\TestCase->run, PHPUnit\Framework\TestResult->run, PHPUnit\Framework\TestCase->runBare, Yoast\PHPUnitPolyfills\TestCases\TestCase->tearDown, CinebotWp\Tests\Integration\TitoloEditPageTest->tear_down, CinebotWp\Tests\Integration\TitoloEditPageTest->clear_tables
WordPress database error Table 'wordpress_test.wptests_cinebot_settori' doesn't exist for query DELETE FROM wptests_cinebot_settori made by include('phpvfscomposer:///plugin/vendor/phpunit/phpunit/phpunit'), PHPUnit\TextUI\Command::main, PHPUnit\TextUI\Command->run, PHPUnit\TextUI\TestRunner->run, PHPUnit\Framework\TestSuite->run, PHPUnit\Framework\TestSuite->run, PHPUnit\Framework\TestSuite->run, PHPUnit\Framework\TestCase->run, PHPUnit\Framework\TestResult->run, PHPUnit\Framework\TestCase->runBare, Yoast\PHPUnitPolyfills\TestCases\TestCase->tearDown, CinebotWp\Tests\Integration\TitoloEditPageTest->tear_down, CinebotWp\Tests\Integration\TitoloEditPageTest->clear_tables
E<div id="error"><p class="wpdberror"><strong>WordPress database error:</strong> [Table &#039;wordpress_test.wptests_cinebot_prezzi&#039; doesn&#039;t exist]<br /><code>DELETE FROM wptests_cinebot_prezzi</code></p></div><div id="error"><p class="wpdberror"><strong>WordPress database error:</strong> [Table &#039;wordpress_test.wptests_cinebot_settori&#039; doesn&#039;t exist]<br /><code>DELETE FROM wptests_cinebot_settori</code></p></div><div id="error"><p class="wpdberror"><strong>WordPress database error:</strong> [Table &#039;wordpress_test.wptests_cinebot_prezzi&#039; doesn&#039;t exist]<br /><code>DELETE FROM wptests_cinebot_prezzi</code></p></div><div id="error"><p class="wpdberror"><strong>WordPress database error:</strong> [Table &#039;wordpress_test.wptests_cinebot_settori&#039; doesn&#039;t exist]<br /><code>DELETE FROM wptests_cinebot_settori</code></p></div>WordPress database error Table 'wordpress_test.wptests_cinebot_prezzi' doesn't exist for query DELETE FROM wptests_cinebot_prezzi made by include('phpvfscomposer:///plugin/vendor/phpunit/phpunit/phpunit'), PHPUnit\TextUI\Command::main, PHPUnit\TextUI\Command->run, PHPUnit\TextUI\TestRunner->run, PHPUnit\Framework\TestSuite->run, PHPUnit\Framework\TestSuite->run, PHPUnit\Framework\TestSuite->run, PHPUnit\Framework\TestCase->run, PHPUnit\Framework\TestResult->run, PHPUnit\Framework\TestCase->runBare, Yoast\PHPUnitPolyfills\TestCases\TestCase->setUp, CinebotWp\Tests\Integration\TitoloEditPageTest->set_up, CinebotWp\Tests\Integration\TitoloEditPageTest->clear_tables
WordPress database error Table 'wordpress_test.wptests_cinebot_settori' doesn't exist for query DELETE FROM wptests_cinebot_settori made by include('phpvfscomposer:///plugin/vendor/phpunit/phpunit/phpunit'), PHPUnit\TextUI\Command::main, PHPUnit\TextUI\Command->run, PHPUnit\TextUI\TestRunner->run, PHPUnit\Framework\TestSuite->run, PHPUnit\Framework\TestSuite->run, PHPUnit\Framework\TestSuite->run, PHPUnit\Framework\TestCase->run, PHPUnit\Framework\TestResult->run, PHPUnit\Framework\TestCase->runBare, Yoast\PHPUnitPolyfills\TestCases\TestCase->setUp, CinebotWp\Tests\Integration\TitoloEditPageTest->set_up, CinebotWp\Tests\Integration\TitoloEditPageTest->clear_tables
WordPress database error Table 'wordpress_test.wptests_cinebot_prezzi' doesn't exist for query DELETE FROM wptests_cinebot_prezzi made by include('phpvfscomposer:///plugin/vendor/phpunit/phpunit/phpunit'), PHPUnit\TextUI\Command::main, PHPUnit\TextUI\Command->run, PHPUnit\TextUI\TestRunner->run, PHPUnit\Framework\TestSuite->run, PHPUnit\Framework\TestSuite->run, PHPUnit\Framework\TestSuite->run, PHPUnit\Framework\TestCase->run, PHPUnit\Framework\TestResult->run, PHPUnit\Framework\TestCase->runBare, Yoast\PHPUnitPolyfills\TestCases\TestCase->tearDown, CinebotWp\Tests\Integration\TitoloEditPageTest->tear_down, CinebotWp\Tests\Integration\TitoloEditPageTest->clear_tables
WordPress database error Table 'wordpress_test.wptests_cinebot_settori' doesn't exist for query DELETE FROM wptests_cinebot_settori made by include('phpvfscomposer:///plugin/vendor/phpunit/phpunit/phpunit'), PHPUnit\TextUI\Command::main, PHPUnit\TextUI\Command->run, PHPUnit\TextUI\TestRunner->run, PHPUnit\Framework\TestSuite->run, PHPUnit\Framework\TestSuite->run, PHPUnit\Framework\TestSuite->run, PHPUnit\Framework\TestCase->run, PHPUnit\Framework\TestResult->run, PHPUnit\Framework\TestCase->runBare, Yoast\PHPUnitPolyfills\TestCases\TestCase->tearDown, CinebotWp\Tests\Integration\TitoloEditPageTest->tear_down, CinebotWp\Tests\Integration\TitoloEditPageTest->clear_tables
E<div id="error"><p class="wpdberror"><strong>WordPress database error:</strong> [Table &#039;wordpress_test.wptests_cinebot_prezzi&#039; doesn&#039;t exist]<br /><code>DELETE FROM wptests_cinebot_prezzi</code></p></div><div id="error"><p class="wpdberror"><strong>WordPress database error:</strong> [Table &#039;wordpress_test.wptests_cinebot_settori&#039; doesn&#039;t exist]<br /><code>DELETE FROM wptests_cinebot_settori</code></p></div><div id="error"><p class="wpdberror"><strong>WordPress database error:</strong> [Table &#039;wordpress_test.wptests_cinebot_prezzi&#039; doesn&#039;t exist]<br /><code>DELETE FROM wptests_cinebot_prezzi</code></p></div><div id="error"><p class="wpdberror"><strong>WordPress database error:</strong> [Table &#039;wordpress_test.wptests_cinebot_settori&#039; doesn&#039;t exist]<br /><code>DELETE FROM wptests_cinebot_settori</code></p></div>WordPress database error Table 'wordpress_test.wptests_cinebot_prezzi' doesn't exist for query DELETE FROM wptests_cinebot_prezzi made by include('phpvfscomposer:///plugin/vendor/phpunit/phpunit/phpunit'), PHPUnit\TextUI\Command::main, PHPUnit\TextUI\Command->run, PHPUnit\TextUI\TestRunner->run, PHPUnit\Framework\TestSuite->run, PHPUnit\Framework\TestSuite->run, PHPUnit\Framework\TestSuite->run, PHPUnit\Framework\TestCase->run, PHPUnit\Framework\TestResult->run, PHPUnit\Framework\TestCase->runBare, Yoast\PHPUnitPolyfills\TestCases\TestCase->setUp, CinebotWp\Tests\Integration\TitoloEditPageTest->set_up, CinebotWp\Tests\Integration\TitoloEditPageTest->clear_tables
WordPress database error Table 'wordpress_test.wptests_cinebot_settori' doesn't exist for query DELETE FROM wptests_cinebot_settori made by include('phpvfscomposer:///plugin/vendor/phpunit/phpunit/phpunit'), PHPUnit\TextUI\Command::main, PHPUnit\TextUI\Command->run, PHPUnit\TextUI\TestRunner->run, PHPUnit\Framework\TestSuite->run, PHPUnit\Framework\TestSuite->run, PHPUnit\Framework\TestSuite->run, PHPUnit\Framework\TestCase->run, PHPUnit\Framework\TestResult->run, PHPUnit\Framework\TestCase->runBare, Yoast\PHPUnitPolyfills\TestCases\TestCase->setUp, CinebotWp\Tests\Integration\TitoloEditPageTest->set_up, CinebotWp\Tests\Integration\TitoloEditPageTest->clear_tables
WordPress database error Table 'wordpress_test.wptests_cinebot_prezzi' doesn't exist for query DELETE FROM wptests_cinebot_prezzi made by include('phpvfscomposer:///plugin/vendor/phpunit/phpunit/phpunit'), PHPUnit\TextUI\Command::main, PHPUnit\TextUI\Command->run, PHPUnit\TextUI\TestRunner->run, PHPUnit\Framework\TestSuite->run, PHPUnit\Framework\TestSuite->run, PHPUnit\Framework\TestSuite->run, PHPUnit\Framework\TestCase->run, PHPUnit\Framework\TestResult->run, PHPUnit\Framework\TestCase->runBare, Yoast\PHPUnitPolyfills\TestCases\TestCase->tearDown, CinebotWp\Tests\Integration\TitoloEditPageTest->tear_down, CinebotWp\Tests\Integration\TitoloEditPageTest->clear_tables
WordPress database error Table 'wordpress_test.wptests_cinebot_settori' doesn't exist for query DELETE FROM wptests_cinebot_settori made by include('phpvfscomposer:///plugin/vendor/phpunit/phpunit/phpunit'), PHPUnit\TextUI\Command::main, PHPUnit\TextUI\Command->run, PHPUnit\TextUI\TestRunner->run, PHPUnit\Framework\TestSuite->run, PHPUnit\Framework\TestSuite->run, PHPUnit\Framework\TestSuite->run, PHPUnit\Framework\TestCase->run, PHPUnit\Framework\TestResult->run, PHPUnit\Framework\TestCase->runBare, Yoast\PHPUnitPolyfills\TestCases\TestCase->tearDown, CinebotWp\Tests\Integration\TitoloEditPageTest->tear_down, CinebotWp\Tests\Integration\TitoloEditPageTest->clear_tables
E<div id="error"><p class="wpdberror"><strong>WordPress database error:</strong> [Table &#039;wordpress_test.wptests_cinebot_prezzi&#039; doesn&#039;t exist]<br /><code>DELETE FROM wptests_cinebot_prezzi</code></p></div><div id="error"><p class="wpdberror"><strong>WordPress database error:</strong> [Table &#039;wordpress_test.wptests_cinebot_settori&#039; doesn&#039;t exist]<br /><code>DELETE FROM wptests_cinebot_settori</code></p></div><div id="error"><p class="wpdberror"><strong>WordPress database error:</strong> [Table &#039;wordpress_test.wptests_cinebot_prezzi&#039; doesn&#039;t exist]<br /><code>DELETE FROM wptests_cinebot_prezzi</code></p></div><div id="error"><p class="wpdberror"><strong>WordPress database error:</strong> [Table &#039;wordpress_test.wptests_cinebot_settori&#039; doesn&#039;t exist]<br /><code>DELETE FROM wptests_cinebot_settori</code></p></div>WordPress database error Table 'wordpress_test.wptests_cinebot_prezzi' doesn't exist for query DELETE FROM wptests_cinebot_prezzi made by include('phpvfscomposer:///plugin/vendor/phpunit/phpunit/phpunit'), PHPUnit\TextUI\Command::main, PHPUnit\TextUI\Command->run, PHPUnit\TextUI\TestRunner->run, PHPUnit\Framework\TestSuite->run, PHPUnit\Framework\TestSuite->run, PHPUnit\Framework\TestSuite->run, PHPUnit\Framework\TestCase->run, PHPUnit\Framework\TestResult->run, PHPUnit\Framework\TestCase->runBare, Yoast\PHPUnitPolyfills\TestCases\TestCase->setUp, CinebotWp\Tests\Integration\TitoloEditPageTest->set_up, CinebotWp\Tests\Integration\TitoloEditPageTest->clear_tables
WordPress database error Table 'wordpress_test.wptests_cinebot_settori' doesn't exist for query DELETE FROM wptests_cinebot_settori made by include('phpvfscomposer:///plugin/vendor/phpunit/phpunit/phpunit'), PHPUnit\TextUI\Command::main, PHPUnit\TextUI\Command->run, PHPUnit\TextUI\TestRunner->run, PHPUnit\Framework\TestSuite->run, PHPUnit\Framework\TestSuite->run, PHPUnit\Framework\TestSuite->run, PHPUnit\Framework\TestCase->run, PHPUnit\Framework\TestResult->run, PHPUnit\Framework\TestCase->runBare, Yoast\PHPUnitPolyfills\TestCases\TestCase->setUp, CinebotWp\Tests\Integration\TitoloEditPageTest->set_up, CinebotWp\Tests\Integration\TitoloEditPageTest->clear_tables
WordPress database error Table 'wordpress_test.wptests_cinebot_prezzi' doesn't exist for query DELETE FROM wptests_cinebot_prezzi made by include('phpvfscomposer:///plugin/vendor/phpunit/phpunit/phpunit'), PHPUnit\TextUI\Command::main, PHPUnit\TextUI\Command->run, PHPUnit\TextUI\TestRunner->run, PHPUnit\Framework\TestSuite->run, PHPUnit\Framework\TestSuite->run, PHPUnit\Framework\TestSuite->run, PHPUnit\Framework\TestCase->run, PHPUnit\Framework\TestResult->run, PHPUnit\Framework\TestCase->runBare, Yoast\PHPUnitPolyfills\TestCases\TestCase->tearDown, CinebotWp\Tests\Integration\TitoloEditPageTest->tear_down, CinebotWp\Tests\Integration\TitoloEditPageTest->clear_tables
WordPress database error Table 'wordpress_test.wptests_cinebot_settori' doesn't exist for query DELETE FROM wptests_cinebot_settori made by include('phpvfscomposer:///plugin/vendor/phpunit/phpunit/phpunit'), PHPUnit\TextUI\Command::main, PHPUnit\TextUI\Command->run, PHPUnit\TextUI\TestRunner->run, PHPUnit\Framework\TestSuite->run, PHPUnit\Framework\TestSuite->run, PHPUnit\Framework\TestSuite->run, PHPUnit\Framework\TestCase->run, PHPUnit\Framework\TestResult->run, PHPUnit\Framework\TestCase->runBare, Yoast\PHPUnitPolyfills\TestCases\TestCase->tearDown, CinebotWp\Tests\Integration\TitoloEditPageTest->tear_down, CinebotWp\Tests\Integration\TitoloEditPageTest->clear_tables
E<div id="error"><p class="wpdberror"><strong>WordPress database error:</strong> [Table &#039;wordpress_test.wptests_cinebot_prezzi&#039; doesn&#039;t exist]<br /><code>DELETE FROM wptests_cinebot_prezzi</code></p></div><div id="error"><p class="wpdberror"><strong>WordPress database error:</strong> [Table &#039;wordpress_test.wptests_cinebot_settori&#039; doesn&#039;t exist]<br /><code>DELETE FROM wptests_cinebot_settori</code></p></div><div id="error"><p class="wpdberror"><strong>WordPress database error:</strong> [Table &#039;wordpress_test.wptests_cinebot_prezzi&#039; doesn&#039;t exist]<br /><code>DELETE FROM wptests_cinebot_prezzi</code></p></div><div id="error"><p class="wpdberror"><strong>WordPress database error:</strong> [Table &#039;wordpress_test.wptests_cinebot_settori&#039; doesn&#039;t exist]<br /><code>DELETE FROM wptests_cinebot_settori</code></p></div>WordPress database error Table 'wordpress_test.wptests_cinebot_prezzi' doesn't exist for query DELETE FROM wptests_cinebot_prezzi made by include('phpvfscomposer:///plugin/vendor/phpunit/phpunit/phpunit'), PHPUnit\TextUI\Command::main, PHPUnit\TextUI\Command->run, PHPUnit\TextUI\TestRunner->run, PHPUnit\Framework\TestSuite->run, PHPUnit\Framework\TestSuite->run, PHPUnit\Framework\TestSuite->run, PHPUnit\Framework\TestCase->run, PHPUnit\Framework\TestResult->run, PHPUnit\Framework\TestCase->runBare, Yoast\PHPUnitPolyfills\TestCases\TestCase->setUp, CinebotWp\Tests\Integration\TitoloEditPageTest->set_up, CinebotWp\Tests\Integration\TitoloEditPageTest->clear_tables
WordPress database error Table 'wordpress_test.wptests_cinebot_settori' doesn't exist for query DELETE FROM wptests_cinebot_settori made by include('phpvfscomposer:///plugin/vendor/phpunit/phpunit/phpunit'), PHPUnit\TextUI\Command::main, PHPUnit\TextUI\Command->run, PHPUnit\TextUI\TestRunner->run, PHPUnit\Framework\TestSuite->run, PHPUnit\Framework\TestSuite->run, PHPUnit\Framework\TestSuite->run, PHPUnit\Framework\TestCase->run, PHPUnit\Framework\TestResult->run, PHPUnit\Framework\TestCase->runBare, Yoast\PHPUnitPolyfills\TestCases\TestCase->setUp, CinebotWp\Tests\Integration\TitoloEditPageTest->set_up, CinebotWp\Tests\Integration\TitoloEditPageTest->clear_tables
WordPress database error Table 'wordpress_test.wptests_cinebot_prezzi' doesn't exist for query DELETE FROM wptests_cinebot_prezzi made by include('phpvfscomposer:///plugin/vendor/phpunit/phpunit/phpunit'), PHPUnit\TextUI\Command::main, PHPUnit\TextUI\Command->run, PHPUnit\TextUI\TestRunner->run, PHPUnit\Framework\TestSuite->run, PHPUnit\Framework\TestSuite->run, PHPUnit\Framework\TestSuite->run, PHPUnit\Framework\TestCase->run, PHPUnit\Framework\TestResult->run, PHPUnit\Framework\TestCase->runBare, Yoast\PHPUnitPolyfills\TestCases\TestCase->tearDown, CinebotWp\Tests\Integration\TitoloEditPageTest->tear_down, CinebotWp\Tests\Integration\TitoloEditPageTest->clear_tables
WordPress database error Table 'wordpress_test.wptests_cinebot_settori' doesn't exist for query DELETE FROM wptests_cinebot_settori made by include('phpvfscomposer:///plugin/vendor/phpunit/phpunit/phpunit'), PHPUnit\TextUI\Command::main, PHPUnit\TextUI\Command->run, PHPUnit\TextUI\TestRunner->run, PHPUnit\Framework\TestSuite->run, PHPUnit\Framework\TestSuite->run, PHPUnit\Framework\TestSuite->run, PHPUnit\Framework\TestCase->run, PHPUnit\Framework\TestResult->run, PHPUnit\Framework\TestCase->runBare, Yoast\PHPUnitPolyfills\TestCases\TestCase->tearDown, CinebotWp\Tests\Integration\TitoloEditPageTest->tear_down, CinebotWp\Tests\Integration\TitoloEditPageTest->clear_tables
E<div id="error"><p class="wpdberror"><strong>WordPress database error:</strong> [Table &#039;wordpress_test.wptests_cinebot_prezzi&#039; doesn&#039;t exist]<br /><code>DELETE FROM wptests_cinebot_prezzi</code></p></div><div id="error"><p class="wpdberror"><strong>WordPress database error:</strong> [Table &#039;wordpress_test.wptests_cinebot_settori&#039; doesn&#039;t exist]<br /><code>DELETE FROM wptests_cinebot_settori</code></p></div><div id="error"><p class="wpdberror"><strong>WordPress database error:</strong> [Table &#039;wordpress_test.wptests_cinebot_prezzi&#039; doesn&#039;t exist]<br /><code>DELETE FROM wptests_cinebot_prezzi</code></p></div><div id="error"><p class="wpdberror"><strong>WordPress database error:</strong> [Table &#039;wordpress_test.wptests_cinebot_settori&#039; doesn&#039;t exist]<br /><code>DELETE FROM wptests_cinebot_settori</code></p></div>WordPress database error Table 'wordpress_test.wptests_cinebot_prezzi' doesn't exist for query DELETE FROM wptests_cinebot_prezzi made by include('phpvfscomposer:///plugin/vendor/phpunit/phpunit/phpunit'), PHPUnit\TextUI\Command::main, PHPUnit\TextUI\Command->run, PHPUnit\TextUI\TestRunner->run, PHPUnit\Framework\TestSuite->run, PHPUnit\Framework\TestSuite->run, PHPUnit\Framework\TestSuite->run, PHPUnit\Framework\TestCase->run, PHPUnit\Framework\TestResult->run, PHPUnit\Framework\TestCase->runBare, Yoast\PHPUnitPolyfills\TestCases\TestCase->setUp, CinebotWp\Tests\Integration\TitoloEditPageTest->set_up, CinebotWp\Tests\Integration\TitoloEditPageTest->clear_tables
WordPress database error Table 'wordpress_test.wptests_cinebot_settori' doesn't exist for query DELETE FROM wptests_cinebot_settori made by include('phpvfscomposer:///plugin/vendor/phpunit/phpunit/phpunit'), PHPUnit\TextUI\Command::main, PHPUnit\TextUI\Command->run, PHPUnit\TextUI\TestRunner->run, PHPUnit\Framework\TestSuite->run, PHPUnit\Framework\TestSuite->run, PHPUnit\Framework\TestSuite->run, PHPUnit\Framework\TestCase->run, PHPUnit\Framework\TestResult->run, PHPUnit\Framework\TestCase->runBare, Yoast\PHPUnitPolyfills\TestCases\TestCase->setUp, CinebotWp\Tests\Integration\TitoloEditPageTest->set_up, CinebotWp\Tests\Integration\TitoloEditPageTest->clear_tables
WordPress database error Table 'wordpress_test.wptests_cinebot_prezzi' doesn't exist for query DELETE FROM wptests_cinebot_prezzi made by include('phpvfscomposer:///plugin/vendor/phpunit/phpunit/phpunit'), PHPUnit\TextUI\Command::main, PHPUnit\TextUI\Command->run, PHPUnit\TextUI\TestRunner->run, PHPUnit\Framework\TestSuite->run, PHPUnit\Framework\TestSuite->run, PHPUnit\Framework\TestSuite->run, PHPUnit\Framework\TestCase->run, PHPUnit\Framework\TestResult->run, PHPUnit\Framework\TestCase->runBare, Yoast\PHPUnitPolyfills\TestCases\TestCase->tearDown, CinebotWp\Tests\Integration\TitoloEditPageTest->tear_down, CinebotWp\Tests\Integration\TitoloEditPageTest->clear_tables
WordPress database error Table 'wordpress_test.wptests_cinebot_settori' doesn't exist for query DELETE FROM wptests_cinebot_settori made by include('phpvfscomposer:///plugin/vendor/phpunit/phpunit/phpunit'), PHPUnit\TextUI\Command::main, PHPUnit\TextUI\Command->run, PHPUnit\TextUI\TestRunner->run, PHPUnit\Framework\TestSuite->run, PHPUnit\Framework\TestSuite->run, PHPUnit\Framework\TestSuite->run, PHPUnit\Framework\TestCase->run, PHPUnit\Framework\TestResult->run, PHPUnit\Framework\TestCase->runBare, Yoast\PHPUnitPolyfills\TestCases\TestCase->tearDown, CinebotWp\Tests\Integration\TitoloEditPageTest->tear_down, CinebotWp\Tests\Integration\TitoloEditPageTest->clear_tables
E<div id="error"><p class="wpdberror"><strong>WordPress database error:</strong> [Table &#039;wordpress_test.wptests_cinebot_prezzi&#039; doesn&#039;t exist]<br /><code>DELETE FROM wptests_cinebot_prezzi</code></p></div><div id="error"><p class="wpdberror"><strong>WordPress database error:</strong> [Table &#039;wordpress_test.wptests_cinebot_settori&#039; doesn&#039;t exist]<br /><code>DELETE FROM wptests_cinebot_settori</code></p></div><div id="error"><p class="wpdberror"><strong>WordPress database error:</strong> [Table &#039;wordpress_test.wptests_cinebot_prezzi&#039; doesn&#039;t exist]<br /><code>DELETE FROM wptests_cinebot_prezzi</code></p></div><div id="error"><p class="wpdberror"><strong>WordPress database error:</strong> [Table &#039;wordpress_test.wptests_cinebot_settori&#039; doesn&#039;t exist]<br /><code>DELETE FROM wptests_cinebot_settori</code></p></div>F                    359 / 359 (100%)

Time: 04:34.921, Memory: 68.50 MB

There were 61 errors:

1) CinebotWp\Tests\Unit\ModelsTest::test_defaults_preserve_nulls_and_own_manual_reconciliation_state
Undefined variable: locale

/plugin/tests/Unit/ModelsTest.php:181
phpvfscomposer:///plugin/vendor/phpunit/phpunit/phpunit:106

2) CinebotWp\Tests\Integration\ApiAdminPageTest::test_admin_menu_registers_hooks
Undefined variable: locale_repo

/plugin/tests/Integration/ApiAdminPageTest.php:104
phpvfscomposer:///plugin/vendor/phpunit/phpunit/phpunit:106

3) CinebotWp\Tests\Integration\ApiAdminPageTest::test_valid_save_stores_settings
Cannot modify header information - headers already sent by (output started at /tmp/wordpress-develop/tests/phpunit/includes/bootstrap.php:261)

/tmp/wordpress-develop/src/wp-includes/pluggable.php:1416
/tmp/wordpress-develop/src/wp-includes/pluggable.php:1524
/plugin/includes/Admin/Pages/ApiPage.php:141
/plugin/tests/Integration/ApiAdminPageTest.php:152
phpvfscomposer:///plugin/vendor/phpunit/phpunit/phpunit:106

4) CinebotWp\Tests\Integration\ApiAdminPageTest::test_empty_password_preserves_existing
Cannot modify header information - headers already sent by (output started at /tmp/wordpress-develop/tests/phpunit/includes/bootstrap.php:261)

/tmp/wordpress-develop/src/wp-includes/pluggable.php:1416
/tmp/wordpress-develop/src/wp-includes/pluggable.php:1524
/plugin/includes/Admin/Pages/ApiPage.php:141
/plugin/tests/Integration/ApiAdminPageTest.php:184
phpvfscomposer:///plugin/vendor/phpunit/phpunit/phpunit:106

5) CinebotWp\Tests\Integration\MonitoringAdminPagesTest::test_dashboard_shows_log_after_sync
RuntimeException: Cinebot WP could not update synchronization history.

/plugin/includes/Repositories/SyncLogRepository.php:271
/plugin/includes/Repositories/SyncLogRepository.php:98
/plugin/tests/Integration/MonitoringAdminPagesTest.php:97
phpvfscomposer:///plugin/vendor/phpunit/phpunit/phpunit:106

6) CinebotWp\Tests\Integration\ReferenceAdminPagesTest::test_locali_list_renders
ArgumentCountError: Too few arguments to function CinebotWp\Admin\Pages\LocaliListPage::__construct(), 2 passed in /plugin/tests/Integration/ReferenceAdminPagesTest.php on line 47 and exactly 3 expected

/plugin/includes/Admin/Pages/LocaliListPage.php:30
/plugin/tests/Integration/ReferenceAdminPagesTest.php:47
phpvfscomposer:///plugin/vendor/phpunit/phpunit/phpunit:106

7) CinebotWp\Tests\Integration\SyncServiceTest::test_imports_complete_fixture_and_records_success
Error: Class 'CinebotWp\Repositories\SettoreRepository' not found

/plugin/tests/Integration/SyncServiceTest.php:414
/plugin/tests/Integration/SyncServiceTest.php:45
phpvfscomposer:///plugin/vendor/phpunit/phpunit/phpunit:106

8) CinebotWp\Tests\Integration\SyncServiceTest::test_identical_payload_is_idempotent_and_hash_is_key_order_invariant
Error: Class 'CinebotWp\Repositories\SettoreRepository' not found

/plugin/tests/Integration/SyncServiceTest.php:414
/plugin/tests/Integration/SyncServiceTest.php:75
phpvfscomposer:///plugin/vendor/phpunit/phpunit/phpunit:106

9) CinebotWp\Tests\Integration\SyncServiceTest::test_changed_path_updates_purchase_url_and_event_stats
Error: Class 'CinebotWp\Repositories\SettoreRepository' not found

/plugin/tests/Integration/SyncServiceTest.php:414
/plugin/tests/Integration/SyncServiceTest.php:92
phpvfscomposer:///plugin/vendor/phpunit/phpunit/phpunit:106

10) CinebotWp\Tests\Integration\SyncServiceTest::test_malformed_payload_rolls_back_without_leaking_payload_data
Error: Class 'CinebotWp\Repositories\SettoreRepository' not found

/plugin/tests/Integration/SyncServiceTest.php:414
/plugin/tests/Integration/SyncServiceTest.php:110
phpvfscomposer:///plugin/vendor/phpunit/phpunit/phpunit:106

11) CinebotWp\Tests\Integration\SyncServiceTest::test_next_sync_backfills_existing_null_purchase_url
Error: Class 'CinebotWp\Repositories\SettoreRepository' not found

/plugin/tests/Integration/SyncServiceTest.php:414
/plugin/tests/Integration/SyncServiceTest.php:123
phpvfscomposer:///plugin/vendor/phpunit/phpunit/phpunit:106

12) CinebotWp\Tests\Integration\SyncServiceTest::test_manual_event_purchase_url_remains_untouched
Error: Class 'CinebotWp\Repositories\SettoreRepository' not found

/plugin/tests/Integration/SyncServiceTest.php:414
/plugin/tests/Integration/SyncServiceTest.php:147
phpvfscomposer:///plugin/vendor/phpunit/phpunit/phpunit:106

13) CinebotWp\Tests\Integration\SyncServiceTest::test_invalid_purchase_url_base_rolls_back_safely
Error: Class 'CinebotWp\Repositories\SettoreRepository' not found

/plugin/tests/Integration/SyncServiceTest.php:414
/plugin/tests/Integration/SyncServiceTest.php:182
phpvfscomposer:///plugin/vendor/phpunit/phpunit/phpunit:106

14) CinebotWp\Tests\Integration\SyncServiceTest::test_invalid_top_level_payload_returns_safe_error_without_log
Error: Class 'CinebotWp\Repositories\SettoreRepository' not found

/plugin/tests/Integration/SyncServiceTest.php:414
/plugin/tests/Integration/SyncServiceTest.php:195
phpvfscomposer:///plugin/vendor/phpunit/phpunit/phpunit:106

15) CinebotWp\Tests\Integration\SyncServiceTest::test_changed_api_rows_update_and_increment_stats
Error: Class 'CinebotWp\Repositories\SettoreRepository' not found

/plugin/tests/Integration/SyncServiceTest.php:414
/plugin/tests/Integration/SyncServiceTest.php:205
phpvfscomposer:///plugin/vendor/phpunit/phpunit/phpunit:106

16) CinebotWp\Tests\Integration\SyncServiceTest::test_manual_title_and_venue_remain_untouched
Error: Class 'CinebotWp\Repositories\SettoreRepository' not found

/plugin/tests/Integration/SyncServiceTest.php:414
/plugin/tests/Integration/SyncServiceTest.php:219
phpvfscomposer:///plugin/vendor/phpunit/phpunit/phpunit:106

17) CinebotWp\Tests\Integration\SyncServiceTest::test_manual_venue_remains_untouched_for_api_owned_title
Error: Class 'CinebotWp\Repositories\SettoreRepository' not found

/plugin/tests/Integration/SyncServiceTest.php:414
/plugin/tests/Integration/SyncServiceTest.php:232
phpvfscomposer:///plugin/vendor/phpunit/phpunit/phpunit:106

18) CinebotWp\Tests\Integration\SyncServiceTest::test_missing_optional_arrays_are_treated_as_empty
Error: Class 'CinebotWp\Repositories\SettoreRepository' not found

/plugin/tests/Integration/SyncServiceTest.php:414
/plugin/tests/Integration/SyncServiceTest.php:253
phpvfscomposer:///plugin/vendor/phpunit/phpunit/phpunit:106

19) CinebotWp\Tests\Integration\SyncServiceTest::test_reconciliation_deactivates_and_reactivates_each_hierarchy_level
Error: Class 'CinebotWp\Repositories\SettoreRepository' not found

/plugin/tests/Integration/SyncServiceTest.php:414
/plugin/tests/Integration/SyncServiceTest.php:260
phpvfscomposer:///plugin/vendor/phpunit/phpunit/phpunit:106

20) CinebotWp\Tests\Integration\SyncServiceTest::test_frontend_reconciliation_is_isolated
Error: Class 'CinebotWp\Repositories\SettoreRepository' not found

/plugin/tests/Integration/SyncServiceTest.php:414
/plugin/tests/Integration/SyncServiceTest.php:302
phpvfscomposer:///plugin/vendor/phpunit/phpunit/phpunit:106

21) CinebotWp\Tests\Integration\SyncServiceTest::test_cache_is_deleted_only_after_successful_commit
Error: Class 'CinebotWp\Repositories\SettoreRepository' not found

/plugin/tests/Integration/SyncServiceTest.php:414
/plugin/tests/Integration/SyncServiceTest.php:319
phpvfscomposer:///plugin/vendor/phpunit/phpunit/phpunit:106

22) CinebotWp\Tests\Integration\SyncServiceTest::test_event_insert_failure_rolls_back_partial_hierarchy_and_logs_safely
Error: Class 'CinebotWp\Repositories\SettoreRepository' not found

/plugin/tests/Integration/SyncServiceTest.php:414
/plugin/tests/Integration/SyncServiceTest.php:357
phpvfscomposer:///plugin/vendor/phpunit/phpunit/phpunit:106

23) CinebotWp\Tests\Integration\SyncServiceTest::test_rollback_query_failure_is_recorded_as_safe_error
Error: Class 'CinebotWp\Repositories\SettoreRepository' not found

/plugin/tests/Integration/SyncServiceTest.php:414
/plugin/tests/Integration/SyncServiceTest.php:383
phpvfscomposer:///plugin/vendor/phpunit/phpunit/phpunit:106

24) CinebotWp\Tests\Integration\SyncServiceTest::test_error_result_and_log_do_not_expose_payload_secrets
Error: Class 'CinebotWp\Repositories\SettoreRepository' not found

/plugin/tests/Integration/SyncServiceTest.php:414
/plugin/tests/Integration/SyncServiceTest.php:399
phpvfscomposer:///plugin/vendor/phpunit/phpunit/phpunit:106

25) CinebotWp\Tests\Integration\TitoliListPageTest::test_get_columns_returns_expected_columns
Error: Class 'CinebotWp\Repositories\SettoreRepository' not found

/plugin/tests/Integration/TitoliListPageTest.php:89
/plugin/vendor/yoast/phpunit-polyfills/src/TestCases/TestCasePHPUnitGte8.php:62
phpvfscomposer:///plugin/vendor/phpunit/phpunit/phpunit:106

26) CinebotWp\Tests\Integration\TitoliListPageTest::test_pagination_limits_to_50_per_page
Error: Class 'CinebotWp\Repositories\SettoreRepository' not found

/plugin/tests/Integration/TitoliListPageTest.php:89
/plugin/vendor/yoast/phpunit-polyfills/src/TestCases/TestCasePHPUnitGte8.php:62
phpvfscomposer:///plugin/vendor/phpunit/phpunit/phpunit:106

27) CinebotWp\Tests\Integration\TitoliListPageTest::test_search_by_title
Error: Class 'CinebotWp\Repositories\SettoreRepository' not found

/plugin/tests/Integration/TitoliListPageTest.php:89
/plugin/vendor/yoast/phpunit-polyfills/src/TestCases/TestCasePHPUnitGte8.php:62
phpvfscomposer:///plugin/vendor/phpunit/phpunit/phpunit:106

28) CinebotWp\Tests\Integration\TitoliListPageTest::test_search_by_author
Error: Class 'CinebotWp\Repositories\SettoreRepository' not found

/plugin/tests/Integration/TitoliListPageTest.php:89
/plugin/vendor/yoast/phpunit-polyfills/src/TestCases/TestCasePHPUnitGte8.php:62
phpvfscomposer:///plugin/vendor/phpunit/phpunit/phpunit:106

29) CinebotWp\Tests\Integration\TitoliListPageTest::test_filter_by_tipoevento_codice
Error: Class 'CinebotWp\Repositories\SettoreRepository' not found

/plugin/tests/Integration/TitoliListPageTest.php:89
/plugin/vendor/yoast/phpunit-polyfills/src/TestCases/TestCasePHPUnitGte8.php:62
phpvfscomposer:///plugin/vendor/phpunit/phpunit/phpunit:106

30) CinebotWp\Tests\Integration\TitoliListPageTest::test_filter_by_source
Error: Class 'CinebotWp\Repositories\SettoreRepository' not found

/plugin/tests/Integration/TitoliListPageTest.php:89
/plugin/vendor/yoast/phpunit-polyfills/src/TestCases/TestCasePHPUnitGte8.php:62
phpvfscomposer:///plugin/vendor/phpunit/phpunit/phpunit:106

31) CinebotWp\Tests\Integration\TitoliListPageTest::test_poster_thumbnail_escaped_in_render
Error: Class 'CinebotWp\Repositories\SettoreRepository' not found

/plugin/tests/Integration/TitoliListPageTest.php:89
/plugin/vendor/yoast/phpunit-polyfills/src/TestCases/TestCasePHPUnitGte8.php:62
phpvfscomposer:///plugin/vendor/phpunit/phpunit/phpunit:106

32) CinebotWp\Tests\Integration\TitoliListPageTest::test_missing_poster_shows_dash
Error: Class 'CinebotWp\Repositories\SettoreRepository' not found

/plugin/tests/Integration/TitoliListPageTest.php:89
/plugin/vendor/yoast/phpunit-polyfills/src/TestCases/TestCasePHPUnitGte8.php:62
phpvfscomposer:///plugin/vendor/phpunit/phpunit/phpunit:106

33) CinebotWp\Tests\Integration\TitoliListPageTest::test_event_count_displayed_in_render
Error: Class 'CinebotWp\Repositories\SettoreRepository' not found

/plugin/tests/Integration/TitoliListPageTest.php:89
/plugin/vendor/yoast/phpunit-polyfills/src/TestCases/TestCasePHPUnitGte8.php:62
phpvfscomposer:///plugin/vendor/phpunit/phpunit/phpunit:106

34) CinebotWp\Tests\Integration\TitoliListPageTest::test_single_delete_requires_nonce
Error: Class 'CinebotWp\Repositories\SettoreRepository' not found

/plugin/tests/Integration/TitoliListPageTest.php:89
/plugin/vendor/yoast/phpunit-polyfills/src/TestCases/TestCasePHPUnitGte8.php:62
phpvfscomposer:///plugin/vendor/phpunit/phpunit/phpunit:106

35) CinebotWp\Tests\Integration\TitoliListPageTest::test_single_delete_with_valid_nonce_cascades
Error: Class 'CinebotWp\Repositories\SettoreRepository' not found

/plugin/tests/Integration/TitoliListPageTest.php:89
/plugin/vendor/yoast/phpunit-polyfills/src/TestCases/TestCasePHPUnitGte8.php:62
phpvfscomposer:///plugin/vendor/phpunit/phpunit/phpunit:106

36) CinebotWp\Tests\Integration\TitoliListPageTest::test_bulk_delete_cascades
Error: Class 'CinebotWp\Repositories\SettoreRepository' not found

/plugin/tests/Integration/TitoliListPageTest.php:89
/plugin/vendor/yoast/phpunit-polyfills/src/TestCases/TestCasePHPUnitGte8.php:62
phpvfscomposer:///plugin/vendor/phpunit/phpunit/phpunit:106

37) CinebotWp\Tests\Integration\TitoliListPageTest::test_edit_and_new_actions_in_render
Error: Class 'CinebotWp\Repositories\SettoreRepository' not found

/plugin/tests/Integration/TitoliListPageTest.php:89
/plugin/vendor/yoast/phpunit-polyfills/src/TestCases/TestCasePHPUnitGte8.php:62
phpvfscomposer:///plugin/vendor/phpunit/phpunit/phpunit:106

38) CinebotWp\Tests\Integration\TitoliListPageTest::test_admin_menu_registers_programmazioni_submenu
Error: Class 'CinebotWp\Repositories\SettoreRepository' not found

/plugin/tests/Integration/TitoliListPageTest.php:89
/plugin/vendor/yoast/phpunit-polyfills/src/TestCases/TestCasePHPUnitGte8.php:62
phpvfscomposer:///plugin/vendor/phpunit/phpunit/phpunit:106

39) CinebotWp\Tests\Integration\TitoliListPageTest::test_plugin_composes_titoli_list_page
Error: Class 'CinebotWp\Repositories\SettoreRepository' not found

/plugin/tests/Integration/TitoliListPageTest.php:89
/plugin/vendor/yoast/phpunit-polyfills/src/TestCases/TestCasePHPUnitGte8.php:62
phpvfscomposer:///plugin/vendor/phpunit/phpunit/phpunit:106

40) CinebotWp\Tests\Integration\TitoloEditPageTest::test_new_form_renders_with_nonce_and_all_fields
Error: Class 'CinebotWp\Repositories\SettoreRepository' not found

/plugin/tests/Integration/TitoloEditPageTest.php:91
/plugin/vendor/yoast/phpunit-polyfills/src/TestCases/TestCasePHPUnitGte8.php:62
phpvfscomposer:///plugin/vendor/phpunit/phpunit/phpunit:106

41) CinebotWp\Tests\Integration\TitoloEditPageTest::test_edit_form_renders_loaded_hierarchy
Error: Class 'CinebotWp\Repositories\SettoreRepository' not found

/plugin/tests/Integration/TitoloEditPageTest.php:91
/plugin/vendor/yoast/phpunit-polyfills/src/TestCases/TestCasePHPUnitGte8.php:62
phpvfscomposer:///plugin/vendor/phpunit/phpunit/phpunit:106

42) CinebotWp\Tests\Integration\TitoloEditPageTest::test_new_title_save_creates_with_source_manual
Error: Class 'CinebotWp\Repositories\SettoreRepository' not found

/plugin/tests/Integration/TitoloEditPageTest.php:91
/plugin/vendor/yoast/phpunit-polyfills/src/TestCases/TestCasePHPUnitGte8.php:62
phpvfscomposer:///plugin/vendor/phpunit/phpunit/phpunit:106

43) CinebotWp\Tests\Integration\TitoloEditPageTest::test_edit_api_title_keeps_source_api
Error: Class 'CinebotWp\Repositories\SettoreRepository' not found

/plugin/tests/Integration/TitoloEditPageTest.php:91
/plugin/vendor/yoast/phpunit-polyfills/src/TestCases/TestCasePHPUnitGte8.php:62
phpvfscomposer:///plugin/vendor/phpunit/phpunit/phpunit:106

44) CinebotWp\Tests\Integration\TitoloEditPageTest::test_required_titolo_validation_prevents_save
Error: Class 'CinebotWp\Repositories\SettoreRepository' not found

/plugin/tests/Integration/TitoloEditPageTest.php:91
/plugin/vendor/yoast/phpunit-polyfills/src/TestCases/TestCasePHPUnitGte8.php:62
phpvfscomposer:///plugin/vendor/phpunit/phpunit/phpunit:106

45) CinebotWp\Tests\Integration\TitoloEditPageTest::test_atomic_save_rollback_on_invalid_child
Error: Class 'CinebotWp\Repositories\SettoreRepository' not found

/plugin/tests/Integration/TitoloEditPageTest.php:91
/plugin/vendor/yoast/phpunit-polyfills/src/TestCases/TestCasePHPUnitGte8.php:62
phpvfscomposer:///plugin/vendor/phpunit/phpunit/phpunit:106

46) CinebotWp\Tests\Integration\TitoloEditPageTest::test_removed_events_deleted
Error: Class 'CinebotWp\Repositories\SettoreRepository' not found

/plugin/tests/Integration/TitoloEditPageTest.php:91
/plugin/vendor/yoast/phpunit-polyfills/src/TestCases/TestCasePHPUnitGte8.php:62
phpvfscomposer:///plugin/vendor/phpunit/phpunit/phpunit:106

47) CinebotWp\Tests\Integration\TitoloEditPageTest::test_removed_sectors_deleted_under_correct_event
Error: Class 'CinebotWp\Repositories\SettoreRepository' not found

/plugin/tests/Integration/TitoloEditPageTest.php:91
/plugin/vendor/yoast/phpunit-polyfills/src/TestCases/TestCasePHPUnitGte8.php:62
phpvfscomposer:///plugin/vendor/phpunit/phpunit/phpunit:106

48) CinebotWp\Tests\Integration\TitoloEditPageTest::test_removed_prices_deleted_under_correct_sector
Error: Class 'CinebotWp\Repositories\SettoreRepository' not found

/plugin/tests/Integration/TitoloEditPageTest.php:91
/plugin/vendor/yoast/phpunit-polyfills/src/TestCases/TestCasePHPUnitGte8.php:62
phpvfscomposer:///plugin/vendor/phpunit/phpunit/phpunit:106

49) CinebotWp\Tests\Integration\TitoloEditPageTest::test_descrizione_sanitized_with_wp_kses_post
Error: Class 'CinebotWp\Repositories\SettoreRepository' not found

/plugin/tests/Integration/TitoloEditPageTest.php:91
/plugin/vendor/yoast/phpunit-polyfills/src/TestCases/TestCasePHPUnitGte8.php:62
phpvfscomposer:///plugin/vendor/phpunit/phpunit/phpunit:106

50) CinebotWp\Tests\Integration\TitoloEditPageTest::test_url_escaping
Error: Class 'CinebotWp\Repositories\SettoreRepository' not found

/plugin/tests/Integration/TitoloEditPageTest.php:91
/plugin/vendor/yoast/phpunit-polyfills/src/TestCases/TestCasePHPUnitGte8.php:62
phpvfscomposer:///plugin/vendor/phpunit/phpunit/phpunit:106

51) CinebotWp\Tests\Integration\TitoloEditPageTest::test_tags_become_unique_json_array
Error: Class 'CinebotWp\Repositories\SettoreRepository' not found

/plugin/tests/Integration/TitoloEditPageTest.php:91
/plugin/vendor/yoast/phpunit-polyfills/src/TestCases/TestCasePHPUnitGte8.php:62
phpvfscomposer:///plugin/vendor/phpunit/phpunit/phpunit:106

52) CinebotWp\Tests\Integration\TitoloEditPageTest::test_new_event_gets_source_manual
Error: Class 'CinebotWp\Repositories\SettoreRepository' not found

/plugin/tests/Integration/TitoloEditPageTest.php:91
/plugin/vendor/yoast/phpunit-polyfills/src/TestCases/TestCasePHPUnitGte8.php:62
phpvfscomposer:///plugin/vendor/phpunit/phpunit/phpunit:106

53) CinebotWp\Tests\Integration\TitoloEditPageTest::test_edit_api_event_keeps_source_identity_and_purchase_url
Error: Class 'CinebotWp\Repositories\SettoreRepository' not found

/plugin/tests/Integration/TitoloEditPageTest.php:91
/plugin/vendor/yoast/phpunit-polyfills/src/TestCases/TestCasePHPUnitGte8.php:62
phpvfscomposer:///plugin/vendor/phpunit/phpunit/phpunit:106

54) CinebotWp\Tests\Integration\TitoloEditPageTest::test_new_sector_gets_source_manual
Error: Class 'CinebotWp\Repositories\SettoreRepository' not found

/plugin/tests/Integration/TitoloEditPageTest.php:91
/plugin/vendor/yoast/phpunit-polyfills/src/TestCases/TestCasePHPUnitGte8.php:62
phpvfscomposer:///plugin/vendor/phpunit/phpunit/phpunit:106

55) CinebotWp\Tests\Integration\TitoloEditPageTest::test_new_price_gets_source_manual
Error: Class 'CinebotWp\Repositories\SettoreRepository' not found

/plugin/tests/Integration/TitoloEditPageTest.php:91
/plugin/vendor/yoast/phpunit-polyfills/src/TestCases/TestCasePHPUnitGte8.php:62
phpvfscomposer:///plugin/vendor/phpunit/phpunit/phpunit:106

56) CinebotWp\Tests\Integration\TitoloEditPageTest::test_save_denies_non_admin
Error: Class 'CinebotWp\Repositories\SettoreRepository' not found

/plugin/tests/Integration/TitoloEditPageTest.php:91
/plugin/vendor/yoast/phpunit-polyfills/src/TestCases/TestCasePHPUnitGte8.php:62
phpvfscomposer:///plugin/vendor/phpunit/phpunit/phpunit:106

57) CinebotWp\Tests\Integration\TitoloEditPageTest::test_save_rejects_missing_nonce
Error: Class 'CinebotWp\Repositories\SettoreRepository' not found

/plugin/tests/Integration/TitoloEditPageTest.php:91
/plugin/vendor/yoast/phpunit-polyfills/src/TestCases/TestCasePHPUnitGte8.php:62
phpvfscomposer:///plugin/vendor/phpunit/phpunit/phpunit:106

58) CinebotWp\Tests\Integration\TitoloEditPageTest::test_admin_menu_routes_edit_page
Error: Class 'CinebotWp\Repositories\SettoreRepository' not found

/plugin/tests/Integration/TitoloEditPageTest.php:91
/plugin/vendor/yoast/phpunit-polyfills/src/TestCases/TestCasePHPUnitGte8.php:62
phpvfscomposer:///plugin/vendor/phpunit/phpunit/phpunit:106

59) CinebotWp\Tests\Integration\TitoloEditPageTest::test_list_page_has_new_and_edit_actions
Error: Class 'CinebotWp\Repositories\SettoreRepository' not found

/plugin/tests/Integration/TitoloEditPageTest.php:91
/plugin/vendor/yoast/phpunit-polyfills/src/TestCases/TestCasePHPUnitGte8.php:62
phpvfscomposer:///plugin/vendor/phpunit/phpunit/phpunit:106

60) CinebotWp\Tests\Integration\TitoloEditPageTest::test_plugin_composes_titolo_edit_page
Error: Class 'CinebotWp\Repositories\SettoreRepository' not found

/plugin/tests/Integration/TitoloEditPageTest.php:91
/plugin/vendor/yoast/phpunit-polyfills/src/TestCases/TestCasePHPUnitGte8.php:62
phpvfscomposer:///plugin/vendor/phpunit/phpunit/phpunit:106

61) CinebotWp\Tests\Integration\TitoloEditPageTest::test_list_page_edit_link_contains_id
Error: Class 'CinebotWp\Repositories\SettoreRepository' not found

/plugin/tests/Integration/TitoloEditPageTest.php:91
/plugin/vendor/yoast/phpunit-polyfills/src/TestCases/TestCasePHPUnitGte8.php:62
phpvfscomposer:///plugin/vendor/phpunit/phpunit/phpunit:106

--

There were 29 failures:

1) CinebotWp\Tests\Unit\ModelsTest::test_model_round_trip_uses_exact_database_keys_without_mutating_input with data set "titolo" ('CinebotWp\Models\Titolo', array(9, 491, 12, 'DONNE & UOMINI', 'Autore', 'Compagnia', 95, true, 'Descrizione', '01', false, 'https://example.test/poster.jpg', 'C-1', 'T-1', 'https://example.test/trailer', 'Interprete', array('teatro', 'prosa'), 'api', 'payload-hash', true, 'sync-token', '2026-08-01 10:00:00', '2026-08-02 10:00:00'))
Failed asserting that two arrays are identical.
--- Expected
+++ Actual
@@ @@
     14 => 'trailer'
     15 => 'cast'
     16 => 'tag'
-    17 => 'source'
-    18 => 'sync_hash'
-    19 => 'sync_active'
-    20 => 'last_seen_sync'
-    21 => 'created_at'
-    22 => 'updated_at'
+    17 => 'prezzo_da'
+    18 => 'prezzo_a'
+    19 => 'source'
+    20 => 'sync_hash'
+    21 => 'sync_active'
+    22 => 'last_seen_sync'
+    23 => 'created_at'
+    24 => 'updated_at'
 )

/plugin/tests/Unit/ModelsTest.php:141
phpvfscomposer:///plugin/vendor/phpunit/phpunit/phpunit:106

2) CinebotWp\Tests\Integration\CinebotEndToEndTest::test_full_lifecycle
Failed asserting that null is identical to 'wptests_cinebot_settori'.

/plugin/tests/Integration/CinebotEndToEndTest.php:32
phpvfscomposer:///plugin/vendor/phpunit/phpunit/phpunit:106

3) CinebotWp\Tests\Integration\CinebotEndToEndTest::test_reconciliation_deactivates_and_reactivates
All API events should be deactivated after empty sync
Failed asserting that 20 is identical to 0.

/plugin/tests/Integration/CinebotEndToEndTest.php:144
phpvfscomposer:///plugin/vendor/phpunit/phpunit/phpunit:106

4) CinebotWp\Tests\Integration\FrontendAjaxTest::test_returns_html_for_valid_request_no_data
Failed asserting that '					<article class="cinebot-card" data-event-id="1018">\r\n
												<div class="cinebot-card-locandina">\r\n
						<img src="https://ticket.cinebot.it/martinovich/titolo/491/locandina" alt="DONNE &amp; UOMINI" loading="lazy" />\r\n
					</div>\r\n
								<div class="cinebot-card-body">\r\n
					<h3 class="cinebot-card-title">DONNE &amp; UOMINI</h3>\r\n
					<p class="cinebot-card-meta">\r\n
						<span class="cinebot-card-data">2026-10-08 21:00:00</span>\r\n
						<span class="cinebot-card-locale">Cinema Martinovich — Bassano del Grappa</span>\r\n
													<span class="cinebot-card-tipo">TEATRO PROSA</span>\r\n
											</p>\r\n
											<p class="cinebot-card-prezzo">\r\n
							€22.00						</p>\r\n
														</div>\r\n
					</article>\r\n
					<article class="cinebot-card" data-event-id="1020">\r\n
												<div class="cinebot-card-locandina">\r\n
						<img src="https://ticket.cinebot.it/martinovich/titolo/517/locandina" alt="La Valanga" loading="lazy" />\r\n
					</div>\r\n
								<div class="cinebot-card-body">\r\n
					<h3 class="cinebot-card-title">La Valanga</h3>\r\n
					<p class="cinebot-card-meta">\r\n
						<span class="cinebot-card-data">2026-10-10 21:00:00</span>\r\n
						<span class="cinebot-card-locale">Sala Da Ponte — Bassano del Grappa</span>\r\n
													<span class="cinebot-card-tipo">TEATRO PROSA</span>\r\n
											</p>\r\n
											<p class="cinebot-card-prezzo">\r\n
							€21.00						</p>\r\n
														</div>\r\n
					</article>\r\n
					<article class="cinebot-card" data-event-id="1025">\r\n
												<div class="cinebot-card-locandina">\r\n
						<img src="https://ticket.cinebot.it/martinovich/titolo/521/locandina" alt="Sai la gente è strana." loading="lazy" />\r\n
					</div>\r\n
								<div class="cinebot-card-body">\r\n
					<h3 class="cinebot-card-title">Sai la gente è strana.</h3>\r\n
					<p class="cinebot-card-meta">\r\n
						<span class="cinebot-card-data">2026-10-16 21:00:00</span>\r\n
						<span class="cinebot-card-locale">Sala Da Ponte — Bassano del Grappa</span>\r\n
													<span class="cinebot-card-tipo">RIVISTE-COMMEDIE MUSICALI</span>\r\n
											</p>\r\n
											<p class="cinebot-card-prezzo">\r\n
							€13.00						</p>\r\n
														</div>\r\n
					</article>\r\n
					<article class="cinebot-card" data-event-id="1022">\r\n
												<div class="cinebot-card-locandina">\r\n
						<img src="https://ticket.cinebot.it/martinovich/titolo/519/locandina" alt="Aladino e la lampada meravigliosa" loading="lazy" />\r\n
					</div>\r\n
								<div class="cinebot-card-body">\r\n
					<h3 class="cinebot-card-title">Aladino e la lampada meravigliosa</h3>\r\n
					<p class="cinebot-card-meta">\r\n
						<span class="cinebot-card-data">2026-10-18 15:00:00</span>\r\n
						<span class="cinebot-card-locale">Sala Da Ponte — Bassano del Grappa</span>\r\n
													<span class="cinebot-card-tipo">RIVISTE-COMMEDIE MUSICALI</span>\r\n
											</p>\r\n
											<p class="cinebot-card-prezzo">\r\n
							€21.00						</p>\r\n
														</div>\r\n
					</article>\r\n
					<article class="cinebot-card" data-event-id="1023">\r\n
												<div class="cinebot-card-locandina">\r\n
						<img src="https://ticket.cinebot.it/martinovich/titolo/519/locandina" alt="Aladino e la lampada meravigliosa" loading="lazy" />\r\n
					</div>\r\n
								<div class="cinebot-card-body">\r\n
					<h3 class="cinebot-card-title">Aladino e la lampada meravigliosa</h3>\r\n
					<p class="cinebot-card-meta">\r\n
						<span class="cinebot-card-data">2026-10-18 18:00:00</span>\r\n
						<span class="cinebot-card-locale">Sala Da Ponte — Bassano del Grappa</span>\r\n
													<span class="cinebot-card-tipo">RIVISTE-COMMEDIE MUSICALI</span>\r\n
											</p>\r\n
											<p class="cinebot-card-prezzo">\r\n
							€21.00						</p>\r\n
														</div>\r\n
					</article>\r\n
					<article class="cinebot-card" data-event-id="1021">\r\n
												<div class="cinebot-card-locandina">\r\n
						<img src="https://ticket.cinebot.it/martinovich/titolo/518/locandina" alt="La Lunga Strada Tour" loading="lazy" />\r\n
					</div>\r\n
								<div class="cinebot-card-body">\r\n
					<h3 class="cinebot-card-title">La Lunga Strada Tour</h3>\r\n
					<p class="cinebot-card-meta">\r\n
						<span class="cinebot-card-data">2026-10-23 21:00:00</span>\r\n
						<span class="cinebot-card-locale">Sala Da Ponte — Bassano del Grappa</span>\r\n
													<span class="cinebot-card-tipo">CONCERTI MUSICA LEGGERA</span>\r\n
											</p>\r\n
											<p class="cinebot-card-prezzo">\r\n
							€27.00 - €37.00						</p>\r\n
														</div>\r\n
					</article>\r\n
					<article class="cinebot-card" data-event-id="1024">\r\n
												<div class="cinebot-card-locandina">\r\n
						<img src="https://ticket.cinebot.it/martinovich/titolo/520/locandina" alt="Pino e gli A.I.nticorpi" loading="lazy" />\r\n
					</div>\r\n
								<div class="cinebot-card-body">\r\n
					<h3 class="cinebot-card-title">Pino e gli A.I.nticorpi</h3>\r\n
					<p class="cinebot-card-meta">\r\n
						<span class="cinebot-card-data">2026-10-31 21:00:00</span>\r\n
						<span class="cinebot-card-locale">Sala Da Ponte — Bassano del Grappa</span>\r\n
													<span class="cinebot-card-tipo">TEATRO PROSA</span>\r\n
											</p>\r\n
											<p class="cinebot-card-prezzo">\r\n
							€27.00 - €32.00						</p>\r\n
														</div>\r\n
					</article>\r\n
					<article class="cinebot-card" data-event-id="1026">\r\n
												<div class="cinebot-card-locandina">\r\n
						<img src="https://ticket.cinebot.it/martinovich/titolo/522/locandina" alt="La scuola dei mariti e delle mogli" loading="lazy" />\r\n
					</div>\r\n
								<div class="cinebot-card-body">\r\n
					<h3 class="cinebot-card-title">La scuola dei mariti e delle mogli</h3>\r\n
					<p class="cinebot-card-meta">\r\n
						<span class="cinebot-card-data">2026-11-05 21:00:00</span>\r\n
						<span class="cinebot-card-locale">Sala Da Ponte — Bassano del Grappa</span>\r\n
													<span class="cinebot-card-tipo">TEATRO PROSA</span>\r\n
											</p>\r\n
											<p class="cinebot-card-prezzo">\r\n
							€21.00						</p>\r\n
														</div>\r\n
					</article>\r\n
					<article class="cinebot-card" data-event-id="1027">\r\n
												<div class="cinebot-card-locandina">\r\n
						<img src="https://ticket.cinebot.it/martinovich/titolo/523/locandina" alt="Viva le donne" loading="lazy" />\r\n
					</div>\r\n
								<div class="cinebot-card-body">\r\n
					<h3 class="cinebot-card-title">Viva le donne</h3>\r\n
					<p class="cinebot-card-meta">\r\n
						<span class="cinebot-card-data">2026-11-12 21:00:00</span>\r\n
						<span class="cinebot-card-locale">Sala Da Ponte — Bassano del Grappa</span>\r\n
													<span class="cinebot-card-tipo">TEATRO PROSA</span>\r\n
											</p>\r\n
											<p class="cinebot-card-prezzo">\r\n
							€27.00 - €32.00						</p>\r\n
														</div>\r\n
					</article>\r\n
					<article class="cinebot-card" data-event-id="1028">\r\n
												<div class="cinebot-card-locandina">\r\n
						<img src="https://ticket.cinebot.it/martinovich/titolo/524/locandina" alt="Non hanno un  dubbio" loading="lazy" />\r\n
					</div>\r\n
								<div class="cinebot-card-body">\r\n
					<h3 class="cinebot-card-title">Non hanno un  dubbio</h3>\r\n
					<p class="cinebot-card-meta">\r\n
						<span class="cinebot-card-data">2026-11-27 21:00:00</span>\r\n
						<span class="cinebot-card-locale">Sala Da Ponte — Bassano del Grappa</span>\r\n
													<span class="cinebot-card-tipo">TEATRO PROSA</span>\r\n
											</p>\r\n
											<p class="cinebot-card-prezzo">\r\n
							€35.00						</p>\r\n
														</div>\r\n
					</article>\r\n
					<article class="cinebot-card" data-event-id="1019">\r\n
												<div class="cinebot-card-locandina">\r\n
						<img src="https://ticket.cinebot.it/martinovich/titolo/511/locandina" alt="IO MARTE TU MERCOLE R- EVOLUTION" loading="lazy" />\r\n
					</div>\r\n
								<div class="cinebot-card-body">\r\n
					<h3 class="cinebot-card-title">IO MARTE TU MERCOLE R- EVOLUTION</h3>\r\n
					<p class="cinebot-card-meta">\r\n
						<span class="cinebot-card-data">2026-12-05 21:01:00</span>\r\n
						<span class="cinebot-card-locale">Sala Da Ponte — Bassano del Grappa</span>\r\n
													<span class="cinebot-card-tipo">TEATRO PROSA</span>\r\n
											</p>\r\n
											<p class="cinebot-card-prezzo">\r\n
							€27.00 - €32.00						</p>\r\n
														</div>\r\n
					</article>\r\n
					<article class="cinebot-card" data-event-id="1029">\r\n
												<div class="cinebot-card-locandina">\r\n
						<img src="https://ticket.cinebot.it/martinovich/titolo/525/locandina" alt="Il sequestro. 831 giorni Carlo Celadon" loading="lazy" />\r\n
					</div>\r\n
								<div class="cinebot-card-body">\r\n
					<h3 class="cinebot-card-title">Il sequestro. 831 giorni Carlo Celadon</h3>\r\n
					<p class="cinebot-card-meta">\r\n
						<span class="cinebot-card-data">2027-01-14 21:00:00</span>\r\n
						<span class="cinebot-card-locale">Sala Da Ponte — Bassano del Grappa</span>\r\n
													<span class="cinebot-card-tipo">TEATRO PROSA</span>\r\n
											</p>\r\n
											<p class="cinebot-card-prezzo">\r\n
							€21.00						</p>\r\n
														</div>\r\n
					</article>\r\n
					<article class="cinebot-card" data-event-id="1033">\r\n
												<div class="cinebot-card-locandina">\r\n
						<img src="https://ticket.cinebot.it/martinovich/titolo/529/locandina" alt="Corto circuito" loading="lazy" />\r\n
					</div>\r\n
								<div class="cinebot-card-body">\r\n
					<h3 class="cinebot-card-title">Corto circuito</h3>\r\n
					<p class="cinebot-card-meta">\r\n
						<span class="cinebot-card-data">2027-01-29 21:00:00</span>\r\n
						<span class="cinebot-card-locale">Sala Da Ponte — Bassano del Grappa</span>\r\n
													<span class="cinebot-card-tipo">TEATRO PROSA</span>\r\n
											</p>\r\n
											<p class="cinebot-card-prezzo">\r\n
							€27.00 - €32.00						</p>\r\n
														</div>\r\n
					</article>\r\n
					<article class="cinebot-card" data-event-id="1030">\r\n
												<div class="cinebot-card-locandina">\r\n
						<img src="https://ticket.cinebot.it/martinovich/titolo/526/locandina" alt="Foibe" loading="lazy" />\r\n
					</div>\r\n
								<div class="cinebot-card-body">\r\n
					<h3 class="cinebot-card-title">Foibe</h3>\r\n
					<p class="cinebot-card-meta">\r\n
						<span class="cinebot-card-data">2027-02-09 21:00:00</span>\r\n
						<span class="cinebot-card-locale">Sala Da Ponte — Bassano del Grappa</span>\r\n
													<span class="cinebot-card-tipo">TEATRO PROSA</span>\r\n
											</p>\r\n
											<p class="cinebot-card-prezzo">\r\n
							€21.00						</p>\r\n
														</div>\r\n
					</article>\r\n
					<article class="cinebot-card" data-event-id="1031">\r\n
												<div class="cinebot-card-locandina">\r\n
						<img src="https://ticket.cinebot.it/martinovich/titolo/527/locandina" alt="Il ripetente" loading="lazy" />\r\n
					</div>\r\n
								<div class="cinebot-card-body">\r\n
					<h3 class="cinebot-card-title">Il ripetente</h3>\r\n
					<p class="cinebot-card-meta">\r\n
						<span class="cinebot-card-data">2027-02-19 21:00:00</span>\r\n
						<span class="cinebot-card-locale">Sala Da Ponte — Bassano del Grappa</span>\r\n
													<span class="cinebot-card-tipo">TEATRO PROSA</span>\r\n
											</p>\r\n
											<p class="cinebot-card-prezzo">\r\n
							€27.00 - €32.00						</p>\r\n
														</div>\r\n
					</article>\r\n
					<article class="cinebot-card" data-event-id="1032">\r\n
												<div class="cinebot-card-locandina">\r\n
						<img src="https://ticket.cinebot.it/martinovich/titolo/528/locandina" alt="Alieni in Laguna" loading="lazy" />\r\n
					</div>\r\n
								<div class="cinebot-card-body">\r\n
					<h3 class="cinebot-card-title">Alieni in Laguna</h3>\r\n
					<p class="cinebot-card-meta">\r\n
						<span class="cinebot-card-data">2027-03-13 21:00:00</span>\r\n
						<span class="cinebot-card-locale">Sala Da Ponte — Bassano del Grappa</span>\r\n
													<span class="cinebot-card-tipo">TEATRO PROSA</span>\r\n
											</p>\r\n
											<p class="cinebot-card-prezzo">\r\n
							€37.00						</p>\r\n
														</div>\r\n
					</article>\r\n
					<article class="cinebot-card" data-event-id="1034">\r\n
												<div class="cinebot-card-locandina">\r\n
						<img src="https://ticket.cinebot.it/martinovich/titolo/530/locandina" alt="In tutti i sensi" loading="lazy" />\r\n
					</div>\r\n
								<div class="cinebot-card-body">\r\n
					<h3 class="cinebot-card-title">In tutti i sensi</h3>\r\n
					<p class="cinebot-card-meta">\r\n
						<span class="cinebot-card-data">2027-03-19 21:00:00</span>\r\n
						<span class="cinebot-card-locale">Sala Da Ponte — Bassano del Grappa</span>\r\n
													<span class="cinebot-card-tipo">TEATRO PROSA</span>\r\n
											</p>\r\n
											<p class="cinebot-card-prezzo">\r\n
							€27.00 - €32.00						</p>\r\n
														</div>\r\n
					</article>\r\n
					<article class="cinebot-card" data-event-id="1036">\r\n
												<div class="cinebot-card-locandina">\r\n
						<img src="https://ticket.cinebot.it/martinovich/titolo/531/locandina" alt="Encanto" loading="lazy" />\r\n
					</div>\r\n
								<div class="cinebot-card-body">\r\n
					<h3 class="cinebot-card-title">Encanto</h3>\r\n
					<p class="cinebot-card-meta">\r\n
						<span class="cinebot-card-data">2027-04-24 17:00:00</span>\r\n
						<span class="cinebot-card-locale">Sala Da Ponte — Bassano del Grappa</span>\r\n
													<span class="cinebot-card-tipo">CIRCO</span>\r\n
											</p>\r\n
											<p class="cinebot-card-prezzo">\r\n
							€21.00						</p>\r\n
														</div>\r\n
					</article>\r\n
					<article class="cinebot-card" data-event-id="1035">\r\n
												<div class="cinebot-card-locandina">\r\n
						<img src="https://ticket.cinebot.it/martinovich/titolo/531/locandina" alt="Encanto" loading="lazy" />\r\n
					</div>\r\n
								<div class="cinebot-card-body">\r\n
					<h3 class="cinebot-card-title">Encanto</h3>\r\n
					<p class="cinebot-card-meta">\r\n
						<span class="cinebot-card-data">2027-04-24 21:00:00</span>\r\n
						<span class="cinebot-card-locale">Sala Da Ponte — Bassano del Grappa</span>\r\n
													<span class="cinebot-card-tipo">CIRCO</span>\r\n
											</p>\r\n
											<p class="cinebot-card-prezzo">\r\n
							€21.00						</p>\r\n
														</div>\r\n
					</article>\r\n
	' contains "Nessuna programmazione trovata".

/plugin/tests/Integration/FrontendAjaxTest.php:101
phpvfscomposer:///plugin/vendor/phpunit/phpunit/phpunit:106

5) CinebotWp\Tests\Integration\FrontendAjaxTest::test_returns_cards_with_data
Failed asserting that 14 is identical to 1.

/plugin/tests/Integration/FrontendAjaxTest.php:127
phpvfscomposer:///plugin/vendor/phpunit/phpunit/phpunit:106

6) CinebotWp\Tests\Integration\FrontendAjaxTest::test_has_more_when_results_exceed_limit
Failed asserting that 22 is identical to 3.

/plugin/tests/Integration/FrontendAjaxTest.php:175
phpvfscomposer:///plugin/vendor/phpunit/phpunit/phpunit:106

7) CinebotWp\Tests\Integration\MonitoringAdminPagesTest::test_dashboard_renders_recent_logs
Failed asserting that '		<div class="wrap cinebot-dashboard">\n
			<h1>Cinebot Dashboard</h1>\n
			<div class="cinebot-dashboard-status">\n
				<p>\n
					<strong>Synchronization:</strong>\n
					Enabled				</p>\n
				<p>\n
					<strong>Frequency:</strong>\n
					weekly				</p>\n
				<p>\n
					<strong>Next sync:</strong>\n
					Not scheduled				</p>\n
				<p>\n
					<a href="http://example.org/wp-admin/admin.php?page=cinebot-wp-api" class="button button-primary">API Settings</a>\n
					<a href="http://example.org/wp-admin/admin.php?page=cinebot-wp-programmazioni" class="button">Programmazioni</a>\n
					<a href="http://example.org/wp-admin/admin.php?page=cinebot-wp-locali" class="button">Locali</a>\n
					<a href="http://example.org/wp-admin/admin.php?page=cinebot-wp-tipologie" class="button">Tipologie</a>\n
				</p>\n
			</div>\n
\n
			<h2>Conteggi rapidi</h2>\n
			<div class="cinebot-dashboard-counters">\n
				<div class="cinebot-counter"><span class="cinebot-counter-num">17</span>Titoli</div>\n
				<div class="cinebot-counter"><span class="cinebot-counter-num">0</span>Manuali</div>\n
				<div class="cinebot-counter"><span class="cinebot-counter-num">20</span>Eventi</div>\n
				<div class="cinebot-counter"><span class="cinebot-counter-num">2</span>Locali</div>\n
				<div class="cinebot-counter"><span class="cinebot-counter-num">61</span>Tipologie attive</div>\n
			</div>\n
\n
			<h2>Ultime sincronizzazioni <a href="http://example.org/wp-admin/admin.php?page=cinebot-wp-log" class="page-title-action">Vedi tutti</a></h2>\n
			<table class="widefat striped" role="presentation">\n
				<thead>\n
					<tr>\n
						<th>Data</th>\n
						<th>Status</th>\n
						<th>Titoli +/Δ</th>\n
						<th>Eventi +/Δ</th>\n
					</tr>\n
				</thead>\n
				<tbody>\n
																		<tr>\n
								<td>2026-08-21 18:24:15</td>\n
								<td>running</td>\n
								<td>+0/Δ0</td>\n
								<td>+0/Δ0</td>\n
							</tr>\n
													<tr>\n
								<td>2026-08-21 18:16:40</td>\n
								<td>running</td>\n
								<td>+0/Δ0</td>\n
								<td>+0/Δ0</td>\n
							</tr>\n
													<tr>\n
								<td>2026-08-21 17:46:16</td>\n
								<td>running</td>\n
								<td>+0/Δ0</td>\n
								<td>+0/Δ0</td>\n
							</tr>\n
													<tr>\n
								<td>2026-08-21 17:45:19</td>\n
								<td>running</td>\n
								<td>+0/Δ0</td>\n
								<td>+0/Δ0</td>\n
							</tr>\n
													<tr>\n
								<td>2026-08-21 17:23:24</td>\n
								<td>running</td>\n
								<td>+0/Δ0</td>\n
								<td>+0/Δ0</td>\n
							</tr>\n
															</tbody>\n
			</table>\n
		</div>\n
		' contains "Nessuna sincronizzazione registrata".

/plugin/tests/Integration/MonitoringAdminPagesTest.php:90
phpvfscomposer:///plugin/vendor/phpunit/phpunit/phpunit:106

8) CinebotWp\Tests\Integration\MonitoringAdminPagesTest::test_cleanup_deletes_old_entries
Failed asserting that an array does not contain 450.

/plugin/tests/Integration/MonitoringAdminPagesTest.php:186
phpvfscomposer:///plugin/vendor/phpunit/phpunit/phpunit:106

9) CinebotWp\Tests\Integration\PluginIntegrationTest::test_main_file_registers_only_plugin_lifecycle
Failed asserting that '<?php\n
/**\n
 * Plugin Name: Cinebot WP\n
 * Description: Cinebot schedule synchronization for WordPress.\n
 * Version: 1.0.0\n
 * Requires at least: 6.0\n
 * Requires PHP: 7.4\n
 * Text Domain: cinebot-wp\n
 * License: GPL-2.0-or-later\n
 *\n
 * @package CinebotWp\n
 */\n
\n
use CinebotWp\Plugin;\n
\n
define( 'CINEBOT_WP_VERSION', '1.0.0' );\n
define( 'CINEBOT_WP_FILE', __FILE__ );\n
define( 'CINEBOT_WP_PATH', plugin_dir_path( __FILE__ ) );\n
define( 'CINEBOT_WP_URL', plugin_dir_url( __FILE__ ) );\n
\n
require CINEBOT_WP_PATH . 'includes/autoload.php';\n
\n
register_activation_hook( CINEBOT_WP_FILE, array( Plugin::class, 'activate' ) );\n
register_deactivation_hook( CINEBOT_WP_FILE, array( Plugin::class, 'deactivate' ) );\n
\n
Plugin::instance()->boot();\n
' contains "[Plugin::class, 'activate']".

/plugin/tests/Integration/PluginIntegrationTest.php:54
phpvfscomposer:///plugin/vendor/phpunit/phpunit/phpunit:106

10) CinebotWp\Tests\Integration\ScheduleRepositoryTest::test_admin_search_count_statistics_and_type_count
Failed asserting that 3 is identical to 2.

/plugin/tests/Integration/ScheduleRepositoryTest.php:213
phpvfscomposer:///plugin/vendor/phpunit/phpunit/phpunit:106

11) CinebotWp\Tests\Integration\ScheduleRepositoryTest::test_reconciliation_query_failures_throw_for_every_return_contract
Failed asserting that 'a failed reconciliation update must throw.' contains "deactivate".

/plugin/tests/Integration/ScheduleRepositoryTest.php:438
/plugin/tests/Integration/ScheduleRepositoryTest.php:369
phpvfscomposer:///plugin/vendor/phpunit/phpunit/phpunit:106

12) CinebotWp\Tests\Integration\SchemaInstallerTest::test_install_creates_approved_schema_and_defaults
Failed asserting that two arrays are identical.
--- Expected
+++ Actual
@@ @@
 Array &0 (
     0 => 'wptests_cinebot_eventi'
     1 => 'wptests_cinebot_locali'
-    2 => 'wptests_cinebot_prezzi'
-    3 => 'wptests_cinebot_settori'
-    4 => 'wptests_cinebot_sync_log'
-    5 => 'wptests_cinebot_tipologie_eventi'
-    6 => 'wptests_cinebot_titoli'
+    2 => 'wptests_cinebot_sync_log'
+    3 => 'wptests_cinebot_tipologie_eventi'
+    4 => 'wptests_cinebot_titoli'
 )

/plugin/tests/Integration/SchemaInstallerTest.php:89
phpvfscomposer:///plugin/vendor/phpunit/phpunit/phpunit:106

13) CinebotWp\Tests\Integration\SchemaInstallerTest::test_mid_seed_failure_rolls_back_and_retry_seeds_all_defaults
Failed asserting that two strings are identical.
--- Expected
+++ Actual
@@ @@
-'Cinebot WP could not store its default event types.'
+'A forced mid-seed insert failure should abort installation.'

/plugin/tests/Integration/SchemaInstallerTest.php:272
phpvfscomposer:///plugin/vendor/phpunit/phpunit/phpunit:106

14) CinebotWp\Tests\Integration\ShortcodeHandlerTest::test_tipo_takes_precedence_over_exclude_tipo
Failed asserting that '<div class="cinebot-programmazione" data-instance="8" data-detail-url="">\r\n
			<form class="cinebot-filters" id="cinebot-filters-8">\r\n
			<label>\r\n
				Tipo:				<input type="text" name="tipo" value="01" placeholder="Codice tipo" />\r\n
			</label>\r\n
			<label>\r\n
				Da:				<input type="date" name="from" value="2026-08-21" />\r\n
			</label>\r\n
			<label>\r\n
				Comune:				<input type="text" name="comune" value="" />\r\n
			</label>\r\n
			<button type="submit">Filtra</button>\r\n
		</form>\r\n
	\r\n
			<p class="cinebot-no-results">Nessuna programmazione trovata.</p>\r\n
	</div>\r\n
' contains "Cinema Show".

/plugin/tests/Integration/ShortcodeHandlerTest.php:126
phpvfscomposer:///plugin/vendor/phpunit/phpunit/phpunit:106

15) CinebotWp\Tests\Integration\ShortcodeHandlerTest::test_renders_vedi_altro_when_more_url_set
Failed asserting that '<div class="cinebot-programmazione" data-instance="16" data-detail-url="">\r\n
			<form class="cinebot-filters" id="cinebot-filters-16">\r\n
			<label>\r\n
				Tipo:				<input type="text" name="tipo" value="01" placeholder="Codice tipo" />\r\n
			</label>\r\n
			<label>\r\n
				Da:				<input type="date" name="from" value="2026-08-21" />\r\n
			</label>\r\n
			<label>\r\n
				Comune:				<input type="text" name="comune" value="" />\r\n
			</label>\r\n
			<button type="submit">Filtra</button>\r\n
		</form>\r\n
	\r\n
			<p class="cinebot-no-results">Nessuna programmazione trovata.</p>\r\n
	</div>\r\n
' contains "cinebot-vedi-altro".

/plugin/tests/Integration/ShortcodeHandlerTest.php:236
phpvfscomposer:///plugin/vendor/phpunit/phpunit/phpunit:106

16) CinebotWp\Tests\Integration\ShortcodeHandlerTest::test_more_label_overrides_default
Failed asserting that '<div class="cinebot-programmazione" data-instance="18" data-detail-url="">\r\n
			<form class="cinebot-filters" id="cinebot-filters-18">\r\n
			<label>\r\n
				Tipo:				<input type="text" name="tipo" value="01" placeholder="Codice tipo" />\r\n
			</label>\r\n
			<label>\r\n
				Da:				<input type="date" name="from" value="2026-08-21" />\r\n
			</label>\r\n
			<label>\r\n
				Comune:				<input type="text" name="comune" value="" />\r\n
			</label>\r\n
			<button type="submit">Filtra</button>\r\n
		</form>\r\n
	\r\n
			<p class="cinebot-no-results">Nessuna programmazione trovata.</p>\r\n
	</div>\r\n
' contains "Tutti i film".

/plugin/tests/Integration/ShortcodeHandlerTest.php:257
phpvfscomposer:///plugin/vendor/phpunit/phpunit/phpunit:106

17) CinebotWp\Tests\Integration\ShortcodeHandlerTest::test_numbered_pagination_renders_links
Failed asserting that '<div class="cinebot-programmazione" data-instance="19" data-detail-url="">\r\n
			<form class="cinebot-filters" id="cinebot-filters-19">\r\n
			<label>\r\n
				Tipo:				<input type="text" name="tipo" value="01" placeholder="Codice tipo" />\r\n
			</label>\r\n
			<label>\r\n
				Da:				<input type="date" name="from" value="2026-08-21" />\r\n
			</label>\r\n
			<label>\r\n
				Comune:				<input type="text" name="comune" value="" />\r\n
			</label>\r\n
			<button type="submit">Filtra</button>\r\n
		</form>\r\n
	\r\n
			<p class="cinebot-no-results">Nessuna programmazione trovata.</p>\r\n
	</div>\r\n
' contains "cinebot-pagination".

/plugin/tests/Integration/ShortcodeHandlerTest.php:268
phpvfscomposer:///plugin/vendor/phpunit/phpunit/phpunit:106

18) CinebotWp\Tests\Integration\ShortcodeHandlerTest::test_numbered_pagination_page_2_offset
Failed asserting that '<div class="cinebot-programmazione" data-instance="20" data-detail-url="">\r\n
			<form class="cinebot-filters" id="cinebot-filters-20">\r\n
			<label>\r\n
				Tipo:				<input type="text" name="tipo" value="01" placeholder="Codice tipo" />\r\n
			</label>\r\n
			<label>\r\n
				Da:				<input type="date" name="from" value="2026-08-21" />\r\n
			</label>\r\n
			<label>\r\n
				Comune:				<input type="text" name="comune" value="" />\r\n
			</label>\r\n
			<button type="submit">Filtra</button>\r\n
		</form>\r\n
	\r\n
			<p class="cinebot-no-results">Nessuna programmazione trovata.</p>\r\n
	</div>\r\n
' contains "cinebot-page-current".

/plugin/tests/Integration/ShortcodeHandlerTest.php:285
phpvfscomposer:///plugin/vendor/phpunit/phpunit/phpunit:106

19) CinebotWp\Tests\Integration\ShortcodeHandlerTest::test_more_url_takes_precedence_over_numbered
Failed asserting that '<div class="cinebot-programmazione" data-instance="22" data-detail-url="">\r\n
			<form class="cinebot-filters" id="cinebot-filters-22">\r\n
			<label>\r\n
				Tipo:				<input type="text" name="tipo" value="01" placeholder="Codice tipo" />\r\n
			</label>\r\n
			<label>\r\n
				Da:				<input type="date" name="from" value="2026-08-21" />\r\n
			</label>\r\n
			<label>\r\n
				Comune:				<input type="text" name="comune" value="" />\r\n
			</label>\r\n
			<button type="submit">Filtra</button>\r\n
		</form>\r\n
	\r\n
			<p class="cinebot-no-results">Nessuna programmazione trovata.</p>\r\n
	</div>\r\n
' contains "cinebot-vedi-altro".

/plugin/tests/Integration/ShortcodeHandlerTest.php:309
phpvfscomposer:///plugin/vendor/phpunit/phpunit/phpunit:106

20) CinebotWp\Tests\Integration\SyncLockTest::test_expired_lock_is_reclaimed_at_or_after_expiry
Failed asserting that null is of type "string".

/plugin/tests/Integration/SyncLockTest.php:51
phpvfscomposer:///plugin/vendor/phpunit/phpunit/phpunit:106

21) CinebotWp\Tests\Integration\SyncLogRepositoryTest::test_start_stores_utc_defaults_and_optional_payload_hash
Failed asserting that two arrays are identical.
--- Expected
+++ Actual
@@ @@
 Array &0 (
-    0 => 452
-    1 => 453
+    0 => 53
+    1 => 54
+    2 => 55
+    3 => 56
+    4 => 57
+    5 => 58
+    6 => 59
+    7 => 60
+    8 => 61
+    9 => 62
+    10 => 63
+    11 => 190
+    12 => 317
+    13 => 318
+    14 => 319
+    15 => 320
+    16 => 447
+    17 => 452
+    18 => 453
 )

/plugin/tests/Integration/SyncLogRepositoryTest.php:71
phpvfscomposer:///plugin/vendor/phpunit/phpunit/phpunit:106

22) CinebotWp\Tests\Integration\SyncLogRepositoryTest::test_write_failures_throw_safe_exceptions
Failed asserting that 'Cinebot WP could not update synchronization history.' does not match PCRE pattern "/\b(?:insert|update|select|delete)\b/i".

/plugin/tests/Integration/SyncLogRepositoryTest.php:388
/plugin/tests/Integration/SyncLogRepositoryTest.php:153
phpvfscomposer:///plugin/vendor/phpunit/phpunit/phpunit:106

23) CinebotWp\Tests\Integration\SyncLogRepositoryTest::test_latest_and_recent_clamp_limits_and_order_dtos
Failed asserting that CinebotWp\Models\SyncLog Object &00000000548c9df3000000006f42fc82 (
    'id' => 447
    'startedAt' => '2026-08-21 18:24:15'
    'finishedAt' => null
    'status' => 'running'
    'titoliAdded' => 0
    'titoliUpdated' => 0
    'eventiAdded' => 0
    'eventiUpdated' => 0
    'errorMessage' => null
    'payloadHash' => 'e5ba2e994703b07356713a9994a4dd3edc74d308240decfeab0faa61f7e30027'
) is null.

/plugin/tests/Integration/SyncLogRepositoryTest.php:179
phpvfscomposer:///plugin/vendor/phpunit/phpunit/phpunit:106

24) CinebotWp\Tests\Integration\SyncLogRepositoryTest::test_recent_clamps_to_one_hundred_with_deterministic_tie_order
Failed asserting that two arrays are identical.
--- Expected
+++ Actual
@@ @@
 Array &0 (
-    0 => 557
-    1 => 556
-    2 => 555
-    3 => 554
-    4 => 553
-    5 => 552
-    6 => 551
-    7 => 550
-    8 => 549
-    9 => 548
-    10 => 547
-    11 => 546
-    12 => 545
-    13 => 544
-    14 => 543
-    15 => 542
-    16 => 541
-    17 => 540
-    18 => 539
-    19 => 538
-    20 => 537
-    21 => 536
-    22 => 535
-    23 => 534
-    24 => 533
-    25 => 532
-    26 => 531
-    27 => 530
-    28 => 529
-    29 => 528
-    30 => 527
-    31 => 526
-    32 => 525
-    33 => 524
-    34 => 523
-    35 => 522
-    36 => 521
-    37 => 520
-    38 => 519
-    39 => 518
-    40 => 517
-    41 => 516
-    42 => 515
-    43 => 514
-    44 => 513
-    45 => 512
-    46 => 511
-    47 => 510
-    48 => 509
-    49 => 508
-    50 => 507
-    51 => 506
-    52 => 505
-    53 => 504
-    54 => 503
-    55 => 502
-    56 => 501
-    57 => 500
-    58 => 499
-    59 => 498
-    60 => 497
-    61 => 496
-    62 => 495
-    63 => 494
-    64 => 493
-    65 => 492
-    66 => 491
-    67 => 490
-    68 => 489
-    69 => 488
-    70 => 487
-    71 => 486
-    72 => 485
-    73 => 484
-    74 => 483
-    75 => 482
-    76 => 481
-    77 => 480
-    78 => 479
-    79 => 478
-    80 => 477
-    81 => 476
-    82 => 475
-    83 => 474
-    84 => 473
-    85 => 472
-    86 => 471
-    87 => 470
-    88 => 469
-    89 => 468
-    90 => 467
-    91 => 466
-    92 => 465
-    93 => 464
-    94 => 463
-    95 => 462
-    96 => 461
-    97 => 460
-    98 => 459
-    99 => 458
+    0 => 447
+    1 => 320
+    2 => 319
+    3 => 318
+    4 => 317
+    5 => 190
+    6 => 63
+    7 => 62
+    8 => 61
+    9 => 60
+    10 => 59
+    11 => 58
+    12 => 57
+    13 => 56
+    14 => 55
+    15 => 54
+    16 => 53
+    17 => 557
+    18 => 556
+    19 => 555
+    20 => 554
+    21 => 553
+    22 => 552
+    23 => 551
+    24 => 550
+    25 => 549
+    26 => 548
+    27 => 547
+    28 => 546
+    29 => 545
+    30 => 544
+    31 => 543
+    32 => 542
+    33 => 541
+    34 => 540
+    35 => 539
+    36 => 538
+    37 => 537
+    38 => 536
+    39 => 535
+    40 => 534
+    41 => 533
+    42 => 532
+    43 => 531
+    44 => 530
+    45 => 529
+    46 => 528
+    47 => 527
+    48 => 526
+    49 => 525
+    50 => 524
+    51 => 523
+    52 => 522
+    53 => 521
+    54 => 520
+    55 => 519
+    56 => 518
+    57 => 517
+    58 => 516
+    59 => 515
+    60 => 514
+    61 => 513
+    62 => 512
+    63 => 511
+    64 => 510
+    65 => 509
+    66 => 508
+    67 => 507
+    68 => 506
+    69 => 505
+    70 => 504
+    71 => 503
+    72 => 502
+    73 => 501
+    74 => 500
+    75 => 499
+    76 => 498
+    77 => 497
+    78 => 496
+    79 => 495
+    80 => 494
+    81 => 493
+    82 => 492
+    83 => 491
+    84 => 490
+    85 => 489
+    86 => 488
+    87 => 487
+    88 => 486
+    89 => 485
+    90 => 484
+    91 => 483
+    92 => 482
+    93 => 481
+    94 => 480
+    95 => 479
+    96 => 478
+    97 => 477
+    98 => 476
+    99 => 475
 )

/plugin/tests/Integration/SyncLogRepositoryTest.php:219
phpvfscomposer:///plugin/vendor/phpunit/phpunit/phpunit:106

25) CinebotWp\Tests\Integration\SyncLogRepositoryTest::test_search_and_count_share_filters_and_pagination
Failed asserting that 21 is identical to 4.

/plugin/tests/Integration/SyncLogRepositoryTest.php:246
phpvfscomposer:///plugin/vendor/phpunit/phpunit/phpunit:106

26) CinebotWp\Tests\Integration\SyncLogRepositoryTest::test_search_ignores_invalid_calendar_dates
Failed asserting that two arrays are identical.
--- Expected
+++ Actual
@@ @@
 Array &0 (
-    0 => 567
-    1 => 566
+    0 => 447
+    1 => 320
+    2 => 319
+    3 => 318
+    4 => 317
+    5 => 190
+    6 => 63
+    7 => 62
+    8 => 61
+    9 => 60
 )

/plugin/tests/Integration/SyncLogRepositoryTest.php:276
phpvfscomposer:///plugin/vendor/phpunit/phpunit/phpunit:106

27) CinebotWp\Tests\Integration\SyncLogRepositoryTest::test_search_orders_timestamp_ties_by_descending_id
Failed asserting that two arrays are identical.
--- Expected
+++ Actual
@@ @@
 Array &0 (
-    0 => 570
-    1 => 569
+    0 => 447
+    1 => 320
 )

/plugin/tests/Integration/SyncLogRepositoryTest.php:288
phpvfscomposer:///plugin/vendor/phpunit/phpunit/phpunit:106

28) CinebotWp\Tests\Integration\SyncLogRepositoryTest::test_delete_older_than_uses_strict_boundary_and_handles_failure
Failed asserting that two arrays are identical.
--- Expected
+++ Actual
@@ @@
 Array &0 (
-    0 => 573
-    1 => 572
+    0 => 447
+    1 => 320
+    2 => 319
+    3 => 318
+    4 => 317
+    5 => 190
+    6 => 63
+    7 => 62
+    8 => 61
+    9 => 60
 )

/plugin/tests/Integration/SyncLogRepositoryTest.php:303
phpvfscomposer:///plugin/vendor/phpunit/phpunit/phpunit:106

29) CinebotWp\Tests\Integration\UninstallTest::test_uninstall_removes_only_approved_single_site_data
Failed asserting that 'wptests_cinebot_titoli' is null.

/plugin/tests/Integration/UninstallTest.php:75
phpvfscomposer:///plugin/vendor/phpunit/phpunit/phpunit:106

--

There were 3 risky tests:

1) CinebotWp\Tests\Integration\ScheduleRepositoryTest::test_remote_identity_scope_and_safe_write_failures
Test code or tested code printed unexpected output: <div id="error"><p class="wpdberror"><strong>WordPress database error:</strong> [Duplicate entry &#039;100&#039; for key &#039;wptests_cinebot_titoli.idtitolo&#039;]<br /><code>INSERT INTO `wptests_cinebot_titoli` (`idtitolo`, `frontend_id`, `titolo`, `autore`, `esecutore`, `durata`, `scadenza`, `descrizione`, `tipoevento_codice`, `locandina_flag`, `locandina_url`, `cinetel`, `tmdb`, `trailer`, `cast`, `tag`, `prezzo_da`, `prezzo_a`, `source`, `sync_hash`, `sync_active`, `last_seen_sync`, `updated_at`, `created_at`) VALUES (100, 1, &#039;Duplicate title&#039;, NULL, NULL, NULL, NULL, &#039;Description&#039;, &#039;01&#039;, NULL, NULL, NULL, NULL, NULL, NULL, &#039;[]&#039;, NULL, NULL, &#039;api&#039;, &#039;hash&#039;, 1, &#039;token&#039;, &#039;2026-08-21 18:25:18&#039;, &#039;2026-08-21 18:25:18&#039;)</code></p></div><div id="error"><p class="wpdberror"><strong>WordPress database error:</strong> [Duplicate entry &#039;200&#039; for key &#039;wptests_cinebot_eventi.idevento&#039;]<br /><code>INSERT INTO `wptests_cinebot_eventi` (`idevento`, `url_acquisto`, `titolo_id`, `inizio`, `organizzatore_id`, `organizzatore_cf`, `locale_id`, `stato`, `otp`, `controlloaccessi`, `mappa`, `source`, `sync_active`, `last_seen_sync`, `updated_at`, `created_at`) VALUES (200, NULL, 1153, &#039;2026-08-26 18:25:18&#039;, NULL, NULL, 718, 3, NULL, NULL, NULL, &#039;api&#039;, 1, &#039;token&#039;, &#039;2026-08-21 18:25:18&#039;, &#039;2026-08-21 18:25:18&#039;)</code></p></div>

phpvfscomposer:///plugin/vendor/phpunit/phpunit/phpunit:106

2) CinebotWp\Tests\Integration\SyncServiceTest::test_lock_contention_returns_locked_without_transport_call
Test code or tested code printed unexpected output: <div id="error"><p class="wpdberror"><strong>WordPress database error:</strong> [Table &#039;wordpress_test.wptests_cinebot_prezzi&#039; doesn&#039;t exist]<br /><code>DELETE FROM wptests_cinebot_prezzi</code></p></div><div id="error"><p class="wpdberror"><strong>WordPress database error:</strong> [Table &#039;wordpress_test.wptests_cinebot_settori&#039; doesn&#039;t exist]<br /><code>DELETE FROM wptests_cinebot_settori</code></p></div>

phpvfscomposer:///plugin/vendor/phpunit/phpunit/phpunit:106

3) CinebotWp\Tests\Integration\TipologiaRepositoryTest::test_save_rejects_duplicate_codes_with_safe_error
Test code or tested code printed unexpected output: <div id="error"><p class="wpdberror"><strong>WordPress database error:</strong> [Duplicate entry &#039;01&#039; for key &#039;wptests_cinebot_tipologie_eventi.codice&#039;]<br /><code>INSERT INTO `wptests_cinebot_tipologie_eventi` (`codice`, `descrizione`, `predefinito`, `attivo`, `updated_at`, `created_at`) VALUES (&#039;01&#039;, &#039;Duplicate&#039;, 0, 1, &#039;2026-08-21 18:27:40&#039;, &#039;2026-08-21 18:27:40&#039;)</code></p></div>

phpvfscomposer:///plugin/vendor/phpunit/phpunit/phpunit:106

ERRORS!
Tests: 359, Assertions: 1095, Errors: 61, Failures: 29, Risky: 3.
